Component: Arm Compiler for Embedded 6.19 Tool: armlink [5e73cb00]

==============================================================================

Section Cross References

    startup_stm32g474xx.o(STACK) refers (Special) to heapauxi.o(.text) for __use_two_region_memory
    startup_stm32g474xx.o(HEAP) refers (Special) to heapauxi.o(.text) for __use_two_region_memory
    startup_stm32g474xx.o(RESET) refers (Special) to heapauxi.o(.text) for __use_two_region_memory
    startup_stm32g474xx.o(RESET) refers to startup_stm32g474xx.o(STACK) for __initial_sp
    startup_stm32g474xx.o(RESET) refers to startup_stm32g474xx.o(.text) for Reset_Handler
    startup_stm32g474xx.o(RESET) refers to stm32g4xx_it.o(.text.NMI_Handler) for NMI_Handler
    startup_stm32g474xx.o(RESET) refers to stm32g4xx_it.o(.text.HardFault_Handler) for HardFault_Handler
    startup_stm32g474xx.o(RESET) refers to stm32g4xx_it.o(.text.MemManage_Handler) for MemManage_Handler
    startup_stm32g474xx.o(RESET) refers to stm32g4xx_it.o(.text.BusFault_Handler) for BusFault_Handler
    startup_stm32g474xx.o(RESET) refers to stm32g4xx_it.o(.text.UsageFault_Handler) for UsageFault_Handler
    startup_stm32g474xx.o(RESET) refers to stm32g4xx_it.o(.text.SVC_Handler) for SVC_Handler
    startup_stm32g474xx.o(RESET) refers to stm32g4xx_it.o(.text.DebugMon_Handler) for DebugMon_Handler
    startup_stm32g474xx.o(RESET) refers to stm32g4xx_it.o(.text.PendSV_Handler) for PendSV_Handler
    startup_stm32g474xx.o(RESET) refers to stm32g4xx_it.o(.text.SysTick_Handler) for SysTick_Handler
    startup_stm32g474xx.o(RESET) refers to main.o(.text.TIM1_UP_TIM16_IRQHandler) for TIM1_UP_TIM16_IRQHandler
    startup_stm32g474xx.o(.text) refers (Special) to heapauxi.o(.text) for __use_two_region_memory
    startup_stm32g474xx.o(.text) refers to system_stm32g4xx.o(.text.SystemInit) for SystemInit
    startup_stm32g474xx.o(.text) refers to __main.o(!!!main) for __main
    startup_stm32g474xx.o(.text) refers to startup_stm32g474xx.o(HEAP) for Heap_Mem
    startup_stm32g474xx.o(.text) refers to startup_stm32g474xx.o(STACK) for Stack_Mem
    main.o(.text.TIM1_UP_TIM16_IRQHandler) refers to main.o(.bss..L_MergedGlobals) for .L_MergedGlobals
    main.o(.ARM.exidx.text.TIM1_UP_TIM16_IRQHandler) refers to main.o(.text.TIM1_UP_TIM16_IRQHandler) for [Anonymous Symbol]
    main.o(.text.FailSafe_Handler) refers to stm32g4xx_nucleo.o(.text.BSP_LED_On) for BSP_LED_On
    main.o(.text.FailSafe_Handler) refers to stm32g4xx_hal.o(.text.HAL_Delay) for HAL_Delay
    main.o(.text.FailSafe_Handler) refers to stm32g4xx_nucleo.o(.text.BSP_LED_Off) for BSP_LED_Off
    main.o(.ARM.exidx.text.FailSafe_Handler) refers to main.o(.text.FailSafe_Handler) for [Anonymous Symbol]
    main.o(.text.STL_Init) refers to main.o(.bss..L_MergedGlobals) for .L_MergedGlobals
    main.o(.text.STL_Init) refers to stl_sch_main.o(.text) for STL_SCH_Init
    main.o(.text.STL_Init) refers to stm32g4xx_hal_cortex.o(.text.HAL_NVIC_SetPriority) for HAL_NVIC_SetPriority
    main.o(.text.STL_Init) refers to stm32g4xx_hal_cortex.o(.text.HAL_NVIC_EnableIRQ) for HAL_NVIC_EnableIRQ
    main.o(.text.STL_Init) refers to stm32g4xx_hal_tim.o(.text.HAL_TIM_Base_Init) for HAL_TIM_Base_Init
    main.o(.text.STL_Init) refers to stm32g4xx_hal_tim.o(.text.HAL_TIM_IC_Init) for HAL_TIM_IC_Init
    main.o(.text.STL_Init) refers to stm32g4xx_hal_tim.o(.text.HAL_TIM_IC_ConfigChannel) for HAL_TIM_IC_ConfigChannel
    main.o(.text.STL_Init) refers to stm32g4xx_hal_tim_ex.o(.text.HAL_TIMEx_TISelection) for HAL_TIMEx_TISelection
    main.o(.text.STL_Init) refers to stm32g4xx_hal_tim.o(.text.HAL_TIM_IC_Start_IT) for HAL_TIM_IC_Start_IT
    main.o(.text.STL_Init) refers to stm32g4xx_nucleo.o(.text.BSP_LED_On) for BSP_LED_On
    main.o(.text.STL_Init) refers to stm32g4xx_hal.o(.text.HAL_Delay) for HAL_Delay
    main.o(.text.STL_Init) refers to stm32g4xx_nucleo.o(.text.BSP_LED_Off) for BSP_LED_Off
    main.o(.ARM.exidx.text.STL_Init) refers to main.o(.text.STL_Init) for [Anonymous Symbol]
    main.o(.text.STL_RunFullTest) refers to main.o(.bss..L_MergedGlobals) for .L_MergedGlobals
    main.o(.text.STL_RunFullTest) refers to stl_sch_main.o(.text) for STL_SCH_RunCpuTM1L
    main.o(.text.STL_RunFullTest) refers to stm32g4xx_nucleo.o(.text.BSP_LED_On) for BSP_LED_On
    main.o(.text.STL_RunFullTest) refers to stm32g4xx_hal.o(.text.HAL_Delay) for HAL_Delay
    main.o(.text.STL_RunFullTest) refers to stm32g4xx_nucleo.o(.text.BSP_LED_Off) for BSP_LED_Off
    main.o(.ARM.exidx.text.STL_RunFullTest) refers to main.o(.text.STL_RunFullTest) for [Anonymous Symbol]
    main.o(.text.STL_RunStep) refers to main.o(.bss..L_MergedGlobals) for .L_MergedGlobals
    main.o(.text.STL_RunStep) refers to stl_sch_main.o(.text) for STL_SCH_RunCpuTM1L
    main.o(.text.STL_RunStep) refers to stm32g4xx_nucleo.o(.text.BSP_LED_On) for BSP_LED_On
    main.o(.text.STL_RunStep) refers to stm32g4xx_hal.o(.text.HAL_Delay) for HAL_Delay
[...]
    ??STL_SCH_StartArtifFailing_2            0x0800075d   Thumb Code     0  stl_sch_main.o(.text)
    ??STL_SCH_StartArtifFailing_4            0x08000785   Thumb Code     0  stl_sch_main.o(.text)
    ??STL_SCH_StartArtifFailing_5            0x080007ad   Thumb Code     0  stl_sch_main.o(.text)
    ??STL_SCH_StartArtifFailing_6            0x080007d5   Thumb Code     0  stl_sch_main.o(.text)
    ??STL_SCH_StartArtifFailing_3            0x080007fd   Thumb Code     0  stl_sch_main.o(.text)
    ??STL_SCH_StartArtifFailing_7            0x08000805   Thumb Code     0  stl_sch_main.o(.text)
    ??STL_SCH_StartArtifFailing_8            0x08000821   Thumb Code     0  stl_sch_main.o(.text)
    ??STL_SCH_StartArtifFailing_9            0x08000829   Thumb Code     0  stl_sch_main.o(.text)
    ??STL_SCH_StartArtifFailing_10           0x08000841   Thumb Code     0  stl_sch_main.o(.text)
    ??STL_SCH_StartArtifFailing_1            0x08000849   Thumb Code     0  stl_sch_main.o(.text)
    .text_22                                 0x0800084e   Number         0  stl_sch_main.o(.text)
    ??STL_SCH_StopArtifFailing_0             0x0800086b   Thumb Code     0  stl_sch_main.o(.text)
    ??STL_SCH_StopArtifFailing_1             0x08000873   Thumb Code     0  stl_sch_main.o(.text)
    .text_23                                 0x08000876   Number         0  stl_sch_main.o(.text)
    RunCpuCompareSignatureTMx                0x08000877   Thumb Code    76  stl_sch_main.o(.text)
    ??RunCpuCompareSignatureTMx_0            0x080008bf   Thumb Code     0  stl_sch_main.o(.text)
    .text_24                                 0x080008c2   Number         0  stl_sch_main.o(.text)
    RunCpuTMx                                0x080008c3   Thumb Code   158  stl_sch_main.o(.text)
    ??RunCpuTMx_0                            0x080008df   Thumb Code     0  stl_sch_main.o(.text)
    ??RunCpuTMx_1                            0x080008e7   Thumb Code     0  stl_sch_main.o(.text)
    ??RunCpuTMx_3                            0x08000905   Thumb Code     0  stl_sch_main.o(.text)
    ??RunCpuTMx_4                            0x08000943   Thumb Code     0  stl_sch_main.o(.text)
    ??RunCpuTMx_5                            0x0800094f   Thumb Code     0  stl_sch_main.o(.text)
    ??RunCpuTMx_2                            0x08000959   Thumb Code     0  stl_sch_main.o(.text)
    .text_25                                 0x08000960   Number         0  stl_sch_main.o(.text)
    InitCpuTm                                0x08000961   Thumb Code   140  stl_sch_main.o(.text)
    ??InitCpuTm_0                            0x080009a9   Thumb Code     0  stl_sch_main.o(.text)
    ??InitCpuTm_1                            0x080009b5   Thumb Code     0  stl_sch_main.o(.text)
    ??InitCpuTm_2                            0x080009bd   Thumb Code     0  stl_sch_main.o(.text)
    ??InitCpuTm_3                            0x080009d7   Thumb Code     0  stl_sch_main.o(.text)
    ??InitCpuTm_4                            0x080009e5   Thumb Code     0  stl_sch_main.o(.text)
    ??DataTable16                            0x080009ec   Data           0  stl_sch_main.o(.text)
    ??DataTable16_1                          0x080009f0   Data           0  stl_sch_main.o(.text)
    ??DataTable16_2                          0x080009f4   Data           0  stl_sch_main.o(.text)
    ??DataTable16_3                          0x080009f8   Data           0  stl_sch_main.o(.text)
    ??DataTable16_4                          0x080009fc   Data           0  stl_sch_main.o(.text)
    ??DataTable16_5                          0x08000a00   Data           0  stl_sch_main.o(.text)
    ??DataTable16_6                          0x08000a04   Data           0  stl_sch_main.o(.text)
    ??DataTable16_7                          0x08000a08   Data           0  stl_sch_main.o(.text)
    ??DataTable16_8                          0x08000a0c   Data           0  stl_sch_main.o(.text)
    ??DataTable16_9                          0x08000a10   Data           0  stl_sch_main.o(.text)
    ??DataTable16_10                         0x08000a14   Data           0  stl_sch_main.o(.text)
    ??DataTable16_11                         0x08000a18   Data           0  stl_sch_main.o(.text)
    ??DataTable16_12                         0x08000a1c   Data           0  stl_sch_main.o(.text)
    ??DataTable16_13                         0x08000a20   Data           0  stl_sch_main.o(.text)
    ??DataTable16_14                         0x08000a24   Data           0  stl_sch_main.o(.text)
    ??DataTable16_15                         0x08000a28   Data           0  stl_sch_main.o(.text)
    .text7                                   0x08000a2c   Section        0  stl_tm_cpu.o(.text)
    ??ResetCpuTm_0                           0x08000a39   Thumb Code     0  stl_tm_cpu.o(.text)
    ??ResetCpuTm_1                           0x08000a3b   Thumb Code     0  stl_tm_cpu.o(.text)
    .text_4                                  0x08000a3e   Number         0  stl_tm_cpu.o(.text)
    ??ConfigureCpuTm_0                       0x08000a4d   Thumb Code     0  stl_tm_cpu.o(.text)
    ??ConfigureCpuTm_1                       0x08000a4f   Thumb Code     0  stl_tm_cpu.o(.text)
    ??DataTable1                             0x08000a54   Data           0  stl_tm_cpu.o(.text)
    ??DataTable1_1                           0x08000a58   Data           0  stl_tm_cpu.o(.text)
    ??DataTable1_2                           0x08000a5c   Data           0  stl_tm_cpu.o(.text)
    .text7                                   0x08000a60   Section        0  stl_tm_cpu_1l.o(.text)
    ??STL_TM_CPU_RunTM1L_2                   0x08000a91   Thumb Code     0  stl_tm_cpu_1l.o(.text)
    ??STL_TM_CPU_RunTM1L_4                   0x08000ab5   Thumb Code     0  stl_tm_cpu_1l.o(.text)
    ??STL_TM_CPU_RunTM1L_3                   0x08000acd   Thumb Code     0  stl_tm_cpu_1l.o(.text)
    ??STL_TM_CPU_RunTM1L_6                   0x08000adb   Thumb Code     0  stl_tm_cpu_1l.o(.text)
    ??STL_TM_CPU_RunTM1L_7                   0x08000aff   Thumb Code     0  stl_tm_cpu_1l.o(.text)
    ??STL_TM_CPU_RunTM1L_5                   0x08000b13   Thumb Code     0  stl_tm_cpu_1l.o(.text)
    ??STL_TM_CPU_RunTM1L_9                   0x08000b21   Thumb Code     0  stl_tm_cpu_1l.o(.text)
    ??STL_TM_CPU_RunTM1L_10                  0x08000b39   Thumb Code     0  stl_tm_cpu_1l.o(.text)
    ??STL_TM_CPU_RunTM1L_8                   0x08000b49   Thumb Code     0  stl_tm_cpu_1l.o(.text)
    ??STL_TM_CPU_RunTM1L_11                  0x08000b59   Thumb Code     0  stl_tm_cpu_1l.o(.text)
    ??STL_TM_CPU_RunTM1L_13                  0x08000b6d   Thumb Code     0  stl_tm_cpu_1l.o(.text)
    ??STL_TM_CPU_RunTM1L_1                   0x08000b75   Thumb Code     0  stl_tm_cpu_1l.o(.text)
    ??STL_TM_CPU_RunTM1L_12                  0x08000b79   Thumb Code     0  stl_tm_cpu_1l.o(.text)
    ??STL_TM_CPU_RunTM1L_0                   0x08000b80   Data           0  stl_tm_cpu_1l.o(.text)
    .text9                                   0x08000ba0   Section        0  stl_tm_cpu_7.o(.text)
    ??STL_TM_CPU_RunTM7_1                    0x08000bcf   Thumb Code     0  stl_tm_cpu_7.o(.text)
    ??STL_TM_CPU_RunTM7_2                    0x08000be3   Thumb Code     0  stl_tm_cpu_7.o(.text)
    ??STL_TM_CPU_RunTM7_3                    0x08000bfb   Thumb Code     0  stl_tm_cpu_7.o(.text)
    ??STL_TM_CPU_RunTM7_0                    0x08000c11   Thumb Code     0  stl_tm_cpu_7.o(.text)
    ??STL_TM_CPU_RunTM7_4                    0x08000c15   Thumb Code     0  stl_tm_cpu_7.o(.text)
    .text_6                                  0x08000c1a   Number         0  stl_tm_cpu_7.o(.text)
    STL_TM_CPU_TM7Precondition               0x08000c1b   Thumb Code    30  stl_tm_cpu_7.o(.text)
    ??STL_TM_CPU_TM7Precondition_0           0x08000c35   Thumb Code     0  stl_tm_cpu_7.o(.text)
    ??DataTable1                             0x08000c38   Data           0  stl_tm_cpu_7.o(.text)
    ??DataTable1_1                           0x08000c3c   Data           0  stl_tm_cpu_7.o(.text)
    ??DataTable1_2                           0x08000c40   Data           0  stl_tm_cpu_7.o(.text)
    ??DataTable1_3                           0x08000c44   Data           0  stl_tm_cpu_7.o(.text)
    ??DataTable1_4                           0x08000c48   Data           0  stl_tm_cpu_7.o(.text)
    ??DataTable1_5                           0x08000c4c   Data           0  stl_tm_cpu_7.o(.text)
    .text7                                   0x08000c50   Section        0  stl_tm_cpu_cb.o(.text)
    ??STL_TM_CPU_RunTMCB_2                   0x08000c7f   Thumb Code     0  stl_tm_cpu_cb.o(.text)
    ??STL_TM_CPU_RunTMCB_1                   0x08000c91   Thumb Code     0  stl_tm_cpu_cb.o(.text)
    ??STL_TM_CPU_RunTMCB_3                   0x08000c95   Thumb Code     0  stl_tm_cpu_cb.o(.text)
    ??STL_TM_CPU_RunTMCB_0                   0x08000c98   Data           0  stl_tm_cpu_cb.o(.text)
    .text7                                   0x08000ca8   Section        0  stl_tm_flash.o(.text)
    .text_4                                  0x08000cce   Number         0  stl_tm_flash.o(.text)
    .text_5                                  0x08000cee   Number         0  stl_tm_flash.o(.text)
    ??STL_TM_FLASH_Configure_0               0x08000d15   Thumb Code     0  stl_tm_flash.o(.text)
    ??STL_TM_FLASH_Configure_2               0x08000d23   Thumb Code     0  stl_tm_flash.o(.text)
    ??STL_TM_FLASH_Configure_4               0x08000d2d   Thumb Code     0  stl_tm_flash.o(.text)
    ??STL_TM_FLASH_Configure_5               0x08000d33   Thumb Code     0  stl_tm_flash.o(.text)
    ??STL_TM_FLASH_Configure_6               0x08000d37   Thumb Code     0  stl_tm_flash.o(.text)
    ??STL_TM_FLASH_Configure_7               0x08000d47   Thumb Code     0  stl_tm_flash.o(.text)
    ??STL_TM_FLASH_Configure_8               0x08000d53   Thumb Code     0  stl_tm_flash.o(.text)
    ??STL_TM_FLASH_Configure_9               0x08000d65   Thumb Code     0  stl_tm_flash.o(.text)
    ??STL_TM_FLASH_Configure_10              0x08000d71   Thumb Code     0  stl_tm_flash.o(.text)
    ??STL_TM_FLASH_Configure_3               0x08000d93   Thumb Code     0  stl_tm_flash.o(.text)
    ??STL_TM_FLASH_Configure_1               0x08000d9f   Thumb Code     0  stl_tm_flash.o(.text)
    .text_6                                  0x08000da4   Number         0  stl_tm_flash.o(.text)
    ??STL_TM_FLASH_Reset_0                   0x08000dc1   Thumb Code     0  stl_tm_flash.o(.text)
    ??STL_TM_FLASH_Reset_2                   0x08000dcd   Thumb Code     0  stl_tm_flash.o(.text)
    ??STL_TM_FLASH_Reset_4                   0x08000ddb   Thumb Code     0  stl_tm_flash.o(.text)
    ??STL_TM_FLASH_Reset_5                   0x08000de1   Thumb Code     0  stl_tm_flash.o(.text)
    ??STL_TM_FLASH_Reset_3                   0x08000df3   Thumb Code     0  stl_tm_flash.o(.text)
    ??STL_TM_FLASH_Reset_1                   0x08000dfd   Thumb Code     0  stl_tm_flash.o(.text)
    .text_7                                  0x08000e00   Number         0  stl_tm_flash.o(.text)
    ??STL_TM_FLASH_RunTM_0                   0x08000e1d   Thumb Code     0  stl_tm_flash.o(.text)
    ??STL_TM_FLASH_RunTM_2                   0x08000e29   Thumb Code     0  stl_tm_flash.o(.text)
    ??STL_TM_FLASH_RunTM_4                   0x08000e3b   Thumb Code     0  stl_tm_flash.o(.text)
    ??STL_TM_FLASH_RunTM_5                   0x08000e41   Thumb Code     0  stl_tm_flash.o(.text)
    ??STL_TM_FLASH_RunTM_6                   0x08000e51   Thumb Code     0  stl_tm_flash.o(.text)
    ??STL_TM_FLASH_RunTM_3                   0x08000e55   Thumb Code     0  stl_tm_flash.o(.text)
    ??STL_TM_FLASH_RunTM_1                   0x08000e5f   Thumb Code     0  stl_tm_flash.o(.text)
    .text_8                                  0x08000e62   Number         0  stl_tm_flash.o(.text)
    VerifyAllSections                        0x08000e63   Thumb Code   264  stl_tm_flash.o(.text)
    ??VerifyAllSections_0                    0x08000e99   Thumb Code     0  stl_tm_flash.o(.text)
    ??VerifyAllSections_1                    0x08000eab   Thumb Code     0  stl_tm_flash.o(.text)
    ??VerifyAllSections_3                    0x08000ecb   Thumb Code     0  stl_tm_flash.o(.text)
    ??VerifyAllSections_4                    0x08000ed1   Thumb Code     0  stl_tm_flash.o(.text)
    ??VerifyAllSections_5                    0x08000edb   Thumb Code     0  stl_tm_flash.o(.text)
    ??VerifyAllSections_6                    0x08000f1b   Thumb Code     0  stl_tm_flash.o(.text)
    ??VerifyAllSections_8                    0x08000f41   Thumb Code     0  stl_tm_flash.o(.text)
    ??VerifyAllSections_7                    0x08000f4d   Thumb Code     0  stl_tm_flash.o(.text)
    ??VerifyAllSections_2                    0x08000f51   Thumb Code     0  stl_tm_flash.o(.text)
    ??VerifyAllSections_9                    0x08000f61   Thumb Code     0  stl_tm_flash.o(.text)
    .text_9                                  0x08000f6a   Number         0  stl_tm_flash.o(.text)
    VerifySection                            0x08000f6b   Thumb Code    30  stl_tm_flash.o(.text)
    ??VerifySection_0                        0x08000f85   Thumb Code     0  stl_tm_flash.o(.text)
    ??VerifySection_1                        0x08000f87   Thumb Code     0  stl_tm_flash.o(.text)
    ??DataTable6                             0x08000f88   Data           0  stl_tm_flash.o(.text)
    ??DataTable6_1                           0x08000f8c   Data           0  stl_tm_flash.o(.text)
    ??DataTable6_2                           0x08000f90   Data           0  stl_tm_flash.o(.text)
    ??DataTable6_3                           0x08000f94   Data           0  stl_tm_flash.o(.text)
    ??DataTable6_4                           0x08000f98   Data           0  stl_tm_flash.o(.text)
    ??DataTable6_5                           0x08000f9c   Data           0  stl_tm_flash.o(.text)
    ??DataTable6_6                           0x08000fa0   Data           0  stl_tm_flash.o(.text)
    .text9                                   0x08000fa4   Section        0  stl_tm_ram.o(.text)
    .text_6                                  0x08000fca   Number         0  stl_tm_ram.o(.text)
    .text_7                                  0x08000fea   Number         0  stl_tm_ram.o(.text)
    ??STL_TM_RAM_Configure_0                 0x0800100f   Thumb Code     0  stl_tm_ram.o(.text)
    ??STL_TM_RAM_Configure_2                 0x0800101b   Thumb Code     0  stl_tm_ram.o(.text)
    ??STL_TM_RAM_Configure_4                 0x08001025   Thumb Code     0  stl_tm_ram.o(.text)
    ??STL_TM_RAM_Configure_5                 0x0800102b   Thumb Code     0  stl_tm_ram.o(.text)
    ??STL_TM_RAM_Configure_6                 0x0800102f   Thumb Code     0  stl_tm_ram.o(.text)
    ??STL_TM_RAM_Configure_7                 0x08001041   Thumb Code     0  stl_tm_ram.o(.text)
    ??STL_TM_RAM_Configure_8                 0x0800104d   Thumb Code     0  stl_tm_ram.o(.text)
    ??STL_TM_RAM_Configure_10                0x08001065   Thumb Code     0  stl_tm_ram.o(.text)
    ??STL_TM_RAM_Configure_11                0x08001079   Thumb Code     0  stl_tm_ram.o(.text)
    ??STL_TM_RAM_Configure_9                 0x0800107d   Thumb Code     0  stl_tm_ram.o(.text)
    ??STL_TM_RAM_Configure_12                0x08001089   Thumb Code     0  stl_tm_ram.o(.text)
    ??STL_TM_RAM_Configure_3                 0x080010a1   Thumb Code     0  stl_tm_ram.o(.text)
    ??STL_TM_RAM_Configure_1                 0x080010ab   Thumb Code     0  stl_tm_ram.o(.text)
    .text_8                                  0x080010b0   Number         0  stl_tm_ram.o(.text)
    ??STL_TM_RAM_Reset_0                     0x080010cd   Thumb Code     0  stl_tm_ram.o(.text)
    ??STL_TM_RAM_Reset_2                     0x080010d9   Thumb Code     0  stl_tm_ram.o(.text)
    ??STL_TM_RAM_Reset_4                     0x080010e7   Thumb Code     0  stl_tm_ram.o(.text)
    ??STL_TM_RAM_Reset_5                     0x080010ed   Thumb Code     0  stl_tm_ram.o(.text)
    ??STL_TM_RAM_Reset_3                     0x080010ff   Thumb Code     0  stl_tm_ram.o(.text)
    ??STL_TM_RAM_Reset_1                     0x08001109   Thumb Code     0  stl_tm_ram.o(.text)
    .text_9                                  0x0800110c   Number         0  stl_tm_ram.o(.text)
    ??STL_TM_RAM_RunTM_0                     0x08001129   Thumb Code     0  stl_tm_ram.o(.text)
    ??STL_TM_RAM_RunTM_2                     0x08001135   Thumb Code     0  stl_tm_ram.o(.text)
    ??STL_TM_RAM_RunTM_4                     0x08001147   Thumb Code     0  stl_tm_ram.o(.text)
    ??STL_TM_RAM_RunTM_5                     0x0800114d   Thumb Code     0  stl_tm_ram.o(.text)
    ??STL_TM_RAM_RunTM_6                     0x0800115d   Thumb Code     0  stl_tm_ram.o(.text)
    ??STL_TM_RAM_RunTM_3                     0x08001161   Thumb Code     0  stl_tm_ram.o(.text)
    ??STL_TM_RAM_RunTM_1                     0x0800116b   Thumb Code     0  stl_tm_ram.o(.text)
    .text_10                                 0x0800116e   Number         0  stl_tm_ram.o(.text)
    VerifyAllSections                        0x0800116f   Thumb Code   294  stl_tm_ram.o(.text)
    ??VerifyAllSections_0                    0x080011a5   Thumb Code     0  stl_tm_ram.o(.text)
    ??VerifyAllSections_1                    0x080011a9   Thumb Code     0  stl_tm_ram.o(.text)
    ??VerifyAllSections_3                    0x080011b1   Thumb Code     0  stl_tm_ram.o(.text)
    ??VerifyAllSections_4                    0x080011d7   Thumb Code     0  stl_tm_ram.o(.text)
    ??VerifyAllSections_6                    0x080011fd   Thumb Code     0  stl_tm_ram.o(.text)
    ??VerifyAllSections_5                    0x08001213   Thumb Code     0  stl_tm_ram.o(.text)
    ??VerifyAllSections_7                    0x0800121b   Thumb Code     0  stl_tm_ram.o(.text)
    ??VerifyAllSections_8                    0x08001221   Thumb Code     0  stl_tm_ram.o(.text)
    ??VerifyAllSections_10                   0x0800123f   Thumb Code     0  stl_tm_ram.o(.text)
    ??VerifyAllSections_12                   0x08001263   Thumb Code     0  stl_tm_ram.o(.text)
    ??VerifyAllSections_11                   0x0800126f   Thumb Code     0  stl_tm_ram.o(.text)
    ??VerifyAllSections_9                    0x08001273   Thumb Code     0  stl_tm_ram.o(.text)
    ??VerifyAllSections_2                    0x08001287   Thumb Code     0  stl_tm_ram.o(.text)
    ??VerifyAllSections_13                   0x0800128f   Thumb Code     0  stl_tm_ram.o(.text)
    ??DataTable5                             0x08001294   Data           0  stl_tm_ram.o(.text)
    ??DataTable5_1                           0x08001298   Data           0  stl_tm_ram.o(.text)
    ??DataTable5_2                           0x0800129c   Data           0  stl_tm_ram.o(.text)
    ??DataTable5_3                           0x080012a0   Data           0  stl_tm_ram.o(.text)
    ??DataTable5_4                           0x080012a4   Data           0  stl_tm_ram.o(.text)
    ??DataTable5_5                           0x080012a8   Data           0  stl_tm_ram.o(.text)
    ??DataTable5_6                           0x080012ac   Data           0  stl_tm_ram.o(.text)
    .text6                                   0x080012b0   Section        0  stl_util_core.o(.text)
    ??STL_UTIL_CORE_IsThreadMode_1           0x080012c1   Thumb Code     0  stl_util_core.o(.text)
    ??STL_UTIL_CORE_IsThreadMode_0           0x080012c4   Data           0  stl_util_core.o(.text)
    .text                                    0x080012cc   Section      100  rt_memcpy_w.o(.text)
    .text                                    0x08001330   Section       78  rt_memclr_w.o(.text)
    .text                                    0x0800137e   Section        0  heapauxi.o(.text)
    .text                                    0x08001384   Section       74  sys_stackheap_outer.o(.text)
    .text                                    0x080013ce   Section        0  exit.o(.text)
    .text                                    0x080013e0   Section        8  libspace.o(.text)
    .text                                    0x080013e8   Section        0  sys_exit.o(.text)
    .text                                    0x080013f4   Section        2  use_no_semi.o(.text)
    .text                                    0x080013f6   Section        0  indicate_semi.o(.text)
    [Anonymous Symbol]                       0x080013f8   Section        0  stm32g4xx_nucleo.o(.text.BSP_LED_Init)
    [Anonymous Symbol]                       0x08001444   Section        0  stm32g4xx_nucleo.o(.text.BSP_LED_Off)
    [Anonymous Symbol]                       0x08001458   Section        0  stm32g4xx_nucleo.o(.text.BSP_LED_On)
    [Anonymous Symbol]                       0x0800146c   Section        0  stm32g4xx_nucleo.o(.text.BSP_LED_Toggle)
    [Anonymous Symbol]                       0x0800147c   Section        0  stm32g4xx_it.o(.text.BusFault_Handler)
    [Anonymous Symbol]                       0x08001480   Section        0  stm32g4xx_it.o(.text.DebugMon_Handler)
    [Anonymous Symbol]                       0x08001484   Section        0  stm32g4xx_hal.o(.text.HAL_Delay)
    [Anonymous Symbol]                       0x080014ac   Section        0  stm32g4xx_hal_gpio.o(.text.HAL_GPIO_Init)
    [Anonymous Symbol]                       0x08001658   Section        0  stm32g4xx_hal_gpio.o(.text.HAL_GPIO_TogglePin)
    [Anonymous Symbol]                       0x08001668   Section        0  stm32g4xx_hal_gpio.o(.text.HAL_GPIO_WritePin)
    [Anonymous Symbol]                       0x08001674   Section        0  stm32g4xx_hal.o(.text.HAL_GetTick)
    [Anonymous Symbol]                       0x08001680   Section        0  stm32g4xx_hal.o(.text.HAL_IncTick)
    [Anonymous Symbol]                       0x0800169c   Section        0  stm32g4xx_hal.o(.text.HAL_Init)
    [Anonymous Symbol]                       0x080016bc   Section        0  stm32g4xx_hal.o(.text.HAL_InitTick)
    [Anonymous Symbol]                       0x08001708   Section        0  stm32g4xx_hal_msp.o(.text.HAL_MspInit)
    [Anonymous Symbol]                       0x0800170c   Section        0  stm32g4xx_hal_cortex.o(.text.HAL_NVIC_EnableIRQ)
    [Anonymous Symbol]                       0x0800172c   Section        0  stm32g4xx_hal_cortex.o(.text.HAL_NVIC_SetPriority)
    [Anonymous Symbol]                       0x08001784   Section        0  stm32g4xx_hal_cortex.o(.text.HAL_NVIC_SetPriorityGrouping)
    [Anonymous Symbol]                       0x080017a4   Section        0  stm32g4xx_hal_pwr_ex.o(.text.HAL_PWREx_ControlVoltageScaling)
    [Anonymous Symbol]                       0x080018cc   Section        0  stm32g4xx_hal_rcc.o(.text.HAL_RCC_ClockConfig)
    [Anonymous Symbol]                       0x08001be0   Section        0  stm32g4xx_hal_rcc.o(.text.HAL_RCC_OscConfig)
    [Anonymous Symbol]                       0x08002090   Section        0  stm32g4xx_hal_cortex.o(.text.HAL_SYSTICK_Config)
    [Anonymous Symbol]                       0x080020bc   Section        0  stm32g4xx_hal_tim_ex.o(.text.HAL_TIMEx_TISelection)
    [Anonymous Symbol]                       0x08002150   Section        0  stm32g4xx_hal_tim.o(.text.HAL_TIM_Base_Init)
    [Anonymous Symbol]                       0x08002194   Section        0  stm32g4xx_hal_tim.o(.text.HAL_TIM_Base_MspInit)
    [Anonymous Symbol]                       0x08002198   Section        0  stm32g4xx_hal_tim.o(.text.HAL_TIM_IC_ConfigChannel)
    [Anonymous Symbol]                       0x0800235c   Section        0  stm32g4xx_hal_tim.o(.text.HAL_TIM_IC_Init)
    [Anonymous Symbol]                       0x080023a0   Section        0  stm32g4xx_hal_tim.o(.text.HAL_TIM_IC_MspInit)
    [Anonymous Symbol]                       0x080023a4   Section        0  stm32g4xx_hal_tim.o(.text.HAL_TIM_IC_Start_IT)
    [Anonymous Symbol]                       0x08002598   Section        0  stm32g4xx_it.o(.text.HardFault_Handler)
    [Anonymous Symbol]                       0x0800259c   Section        0  stm32g4xx_it.o(.text.MemManage_Handler)
    [Anonymous Symbol]                       0x080025a0   Section        0  stm32g4xx_it.o(.text.NMI_Handler)
    [Anonymous Symbol]                       0x080025a4   Section        0  stm32g4xx_it.o(.text.PendSV_Handler)
    [Anonymous Symbol]                       0x080025a8   Section        0  main.o(.text.STL_Init)
    [Anonymous Symbol]                       0x08002708   Section        0  main.o(.text.STL_RunFullTest)
    [Anonymous Symbol]                       0x08002aa4   Section        0  main.o(.text.STL_RunStep)
    [Anonymous Symbol]                       0x08002e18   Section        0  stl_util.o(.text.STL_UTIL_CRC_Calculate)
    [Anonymous Symbol]                       0x08002e30   Section        0  stl_util.o(.text.STL_UTIL_CRC_DeInit)
    [Anonymous Symbol]                       0x08002e6c   Section        0  stl_util.o(.text.STL_UTIL_CRC_Init)
    [Anonymous Symbol]                       0x08002eb8   Section        0  stl_util.o(.text.STL_UTIL_ChecksumCompare)
    [Anonymous Symbol]                       0x08002f20   Section        0  stl_util.o(.text.STL_UTIL_ChecksumUpdate)
    [Anonymous Symbol]                       0x08002f74   Section        0  stl_util.o(.text.STL_UTIL_Disable_IT)
    [Anonymous Symbol]                       0x08002f88   Section        0  stl_util.o(.text.STL_UTIL_Enable_IT)
    [Anonymous Symbol]                       0x08002f98   Section        0  stm32g4xx_it.o(.text.SVC_Handler)
    [Anonymous Symbol]                       0x08002f9c   Section        0  stm32g4xx_it.o(.text.SysTick_Handler)
    [Anonymous Symbol]                       0x08002fa0   Section        0  system_stm32g4xx.o(.text.SystemInit)
    [Anonymous Symbol]                       0x08002fb4   Section        0  main.o(.text.TIM1_UP_TIM16_IRQHandler)
    [Anonymous Symbol]                       0x08003004   Section        0  stm32g4xx_hal_tim.o(.text.TIM_Base_SetConfig)
    [Anonymous Symbol]                       0x08003140   Section        0  stm32g4xx_it.o(.text.UsageFault_Handler)
    [Anonymous Symbol]                       0x08003144   Section        0  main.o(.text.main)
    __iar_section$$root                      0x0800321c   Number         0  stl_crc_calc_asm.o(text)
    text6                                    0x0800321c   Section        0  stl_crc_calc_asm.o(text)
    __iar_section$$root                      0x080032a8   Number         0  stl_tm_cpu_1l_reg.o(text)
    text6                                    0x080032a8   Section        0  stl_tm_cpu_1l_reg.o(text)
    __iar_section$$root                      0x08003454   Number         0  stl_tm_cpu_7p_stack_ptr.o(text)
    text7                                    0x08003454   Section        0  stl_tm_cpu_7p_stack_ptr.o(text)
    __iar_section$$root                      0x08003580   Number         0  stl_tm_cpu_cb_sts_reg.o(text)
    text6                                    0x08003580   Section        0  stl_tm_cpu_cb_sts_reg.o(text)
    __iar_section$$root                      0x080035d0   Number         0  stl_tm_ram_march-c_test.o(text)
    text6                                    0x080035d0   Section        0  stl_tm_ram_march-c_test.o(text)
    __iar_section$$root                      0x0800382c   Number         0  stl_util_core_asm.o(text)
    text6                                    0x0800382c   Section        0  stl_util_core_asm.o(text)
    $v0                                      0x08003838   Number         0  fpinit.o(x$fpl$fpinit)
    x$fpl$fpinit                             0x08003838   Section       26  fpinit.o(x$fpl$fpinit)
    ?_0                                      0x08003854   Data          12  stl_sch_main.o(.rodata)
    aCpuTmIndex                              0x08003860   Data           4  stl_sch_main.o(.rodata)
    aCpuTmFunction                           0x08003864   Data          24  stl_sch_main.o(.rodata)
    .rodata6                                 0x0800387c   Section        0  stl_tm_cpu.o(.rodata)
    .rodata6                                 0x08003c7c   Section        0  stl_tm_cpu_1l.o(.rodata)
    ?_0                                      0x08003c94   Data          96  stl_tm_cpu_1l.o(.rodata)
    .rodata6                                 0x08003cf4   Section        0  stl_tm_cpu_7.o(.rodata)
    .rodata7                                 0x08003d34   Section        0  stl_tm_cpu_7.o(.rodata)
    .rodata6                                 0x08003d74   Section        0  stl_tm_cpu_cb.o(.rodata)
    .rodata7                                 0x08003d78   Section        0  stl_tm_ram.o(.rodata)
    .Lswitch.table.HAL_TIM_IC_Start_IT       0x08003dac   Data          16  stm32g4xx_hal_tim.o(.rodata.cst16)
    .Lswitch.table.HAL_TIM_IC_Stop_IT        0x08003dbc   Data          16  stm32g4xx_hal_tim.o(.rodata.cst16)
    __iar_section$$root                      0x08003e1c   Number         0  stl_tm_cpu_7p_stack_ptr.o(mydata)
    mydata6                                  0x08003e1c   Section        0  stl_tm_cpu_7p_stack_ptr.o(mydata)
    [Anonymous Symbol]                       0x08003e20   Data           0  stl_tm_cpu_7p_stack_ptr.o(mydata)
    [Anonymous Symbol]                       0x08003e24   Data           0  stl_tm_cpu_7p_stack_ptr.o(mydata)
    SchedulerContext                         0x20000020   Data          80  stl_sch_main.o(.data)
    .data8                                   0x20000070   Section        0  stl_tm_cpu_7.o(.data)
    FlashContext                             0x200000b0   Data          20  stl_tm_flash.o(.data)
    RamContext                               0x200000c4   Data          20  stl_tm_ram.o(.data)
    .L_MergedGlobals                         0x200000d8   Data           8  stm32g4xx_hal.o(.data..L_MergedGlobals)
    [Anonymous Symbol]                       0x200000d8   Section        0  stm32g4xx_hal.o(.data..L_MergedGlobals)
    .bss                                     0x200000f0   Section       96  libspace.o(.bss)
    .L_MergedGlobals                         0x20000150   Data          80  main.o(.bss..L_MergedGlobals)
    [Anonymous Symbol]                       0x20000150   Section        0  main.o(.bss..L_MergedGlobals)
    CrcClkStatus                             0x200001a0   Data           4  stl_util.o(.bss.CrcClkStatus)
    [Anonymous Symbol]                       0x200001a0   Section        0  stl_util.o(.bss.CrcClkStatus)
    ExcepMaskReg                             0x200001a4   Data           4  stl_util.o(.bss.ExcepMaskReg)
    [Anonymous Symbol]                       0x200001a4   Section        0  stl_util.o(.bss.ExcepMaskReg)
    Stack_Mem                                0x200001b0   Data        1024  startup_stm32g474xx.o(STACK)
    STACK                                    0x200001b0   Section     1024  startup_stm32g474xx.o(STACK)
    Heap_Mem                                 0x200005b0   Data         512  startup_stm32g474xx.o(HEAP)
    __initial_sp                             0x200005b0   Data           0  startup_stm32g474xx.o(STACK)
    HEAP                                     0x200005b0   Section      512  startup_stm32g474xx.o(HEAP)

    Global Symbols

    Symbol Name                              Value     Ov Type        Size  Object(Section)

    BuildAttributes$$THM_ISAv4$E$P$D$K$B$S$7EM$VFPi3$EXTD16$VFPS$VFMA$PE$A:L22UL41UL21$X:L11$S22US41US21$IEEE1$IW$~IW$USESV6$~STKCKD$USESV7$WCHAR32$ENUMINT$~SHL$OTIME$ROPI$EBA8$UX$STANDARDLIB$REQ8$EABIv2 0x00000000   Number         0  anon$$obj.o ABSOLUTE
    __ARM_exceptions_init                     - Undefined Weak Reference
    __alloca_initialize                       - Undefined Weak Reference
    __arm_preinit_                            - Undefined Weak Reference
    __arm_relocate_pie_                       - Undefined Weak Reference
    __cpp_initialize__aeabi_                  - Undefined Weak Reference
    __cxa_finalize                            - Undefined Weak Reference
    __rt_locale                               - Undefined Weak Reference
    __sigvec_lookup                           - Undefined Weak Reference
    _atexit_init                              - Undefined Weak Reference
    _call_atexit_fns                          - Undefined Weak Reference
    _clock_init                               - Undefined Weak Reference
    _fp_trap_init                             - Undefined Weak Reference
    _fp_trap_shutdown                         - Undefined Weak Reference
    _get_lc_collate                           - Undefined Weak Reference
    _get_lc_ctype                             - Undefined Weak Reference
    _get_lc_monetary                          - Undefined Weak Reference
    _get_lc_numeric                           - Undefined Weak Reference
    _get_lc_time                              - Undefined Weak Reference
    _getenv_init                              - Undefined Weak Reference
    _handle_redirection                       - Undefined Weak Reference
    _init_alloc                               - Undefined Weak Reference
    _init_user_alloc                          - Undefined Weak Reference
    _initio                                   - Undefined Weak Reference
    _rand_init                                - Undefined Weak Reference
    _signal_finish                            - Undefined Weak Reference
    _signal_init                              - Undefined Weak Reference
    _terminate_alloc                          - Undefined Weak Reference
    _terminate_user_alloc                     - Undefined Weak Reference
    _terminateio                              - Undefined Weak Reference
    __Vectors_Size                           0x000001d8   Number         0  startup_stm32g474xx.o ABSOLUTE
    __Vectors                                0x08000000   Data           4  startup_stm32g474xx.o(RESET)
    __Vectors_End                            0x080001d8   Data           0  startup_stm32g474xx.o(RESET)
    __main                                   0x080001d9   Thumb Code     8  __main.o(!!!main)
    __scatterload                            0x080001e1   Thumb Code     0  __scatter.o(!!!scatter)
    __scatterload_rt2                        0x080001e1   Thumb Code    44  __scatter.o(!!!scatter)
    __scatterload_rt2_thumb_only             0x080001e1   Thumb Code     0  __scatter.o(!!!scatter)
    __scatterload_null                       0x080001ef   Thumb Code     0  __scatter.o(!!!scatter)
    __scatterload_copy                       0x08000215   Thumb Code    26  __scatter_copy.o(!!handler_copy)
    __scatterload_zeroinit                   0x08000231   Thumb Code    28  __scatter_zi.o(!!handler_zi)
    __rt_lib_init                            0x0800024d   Thumb Code     0  libinit.o(.ARM.Collect$$libinit$$00000000)
    __rt_lib_init_fp_1                       0x0800024f   Thumb Code     0  libinit2.o(.ARM.Collect$$libinit$$00000001)
    __rt_lib_init_alloca_1                   0x08000253   Thumb Code     0  libinit2.o(.ARM.Collect$$libinit$$00000030)
    __rt_lib_init_argv_1                     0x08000253   Thumb Code     0  libinit2.o(.ARM.Collect$$libinit$$0000002E)
    __rt_lib_init_atexit_1                   0x08000253   Thumb Code     0  libinit2.o(.ARM.Collect$$libinit$$0000001D)
    __rt_lib_init_clock_1                    0x08000253   Thumb Code     0  libinit2.o(.ARM.Collect$$libinit$$00000023)
    __rt_lib_init_cpp_1                      0x08000253   Thumb Code     0  libinit2.o(.ARM.Collect$$libinit$$00000034)
    __rt_lib_init_exceptions_1               0x08000253   Thumb Code     0  libinit2.o(.ARM.Collect$$libinit$$00000032)
    __rt_lib_init_fp_trap_1                  0x08000253   Thumb Code     0  libinit2.o(.ARM.Collect$$libinit$$00000021)
    __rt_lib_init_getenv_1                   0x08000253   Thumb Code     0  libinit2.o(.ARM.Collect$$libinit$$00000025)
    __rt_lib_init_heap_1                     0x08000253   Thumb Code     0  libinit2.o(.ARM.Collect$$libinit$$0000000C)
    __rt_lib_init_lc_collate_1               0x08000253   Thumb Code     0  libinit2.o(.ARM.Collect$$libinit$$00000013)
    __rt_lib_init_lc_ctype_1                 0x08000253   Thumb Code     0  libinit2.o(.ARM.Collect$$libinit$$00000015)
    __rt_lib_init_lc_monetary_1              0x08000253   Thumb Code     0  libinit2.o(.ARM.Collect$$libinit$$00000017)
    __rt_lib_init_lc_numeric_1               0x08000253   Thumb Code     0  libinit2.o(.ARM.Collect$$libinit$$00000019)
    __rt_lib_init_lc_time_1                  0x08000253   Thumb Code     0  libinit2.o(.ARM.Collect$$libinit$$0000001B)
    __rt_lib_init_preinit_1                  0x08000253   Thumb Code     0  libinit2.o(.ARM.Collect$$libinit$$00000006)
    __rt_lib_init_rand_1                     0x08000253   Thumb Code     0  libinit2.o(.ARM.Collect$$libinit$$00000010)
    __rt_lib_init_relocate_pie_1             0x08000253   Thumb Code     0  libinit2.o(.ARM.Collect$$libinit$$00000004)
    __rt_lib_init_return                     0x08000253   Thumb Code     0  libinit2.o(.ARM.Collect$$libinit$$00000035)
    __rt_lib_init_signal_1                   0x08000253   Thumb Code     0  libinit2.o(.ARM.Collect$$libinit$$0000001F)
    __rt_lib_init_stdio_1                    0x08000253   Thumb Code     0  libinit2.o(.ARM.Collect$$libinit$$00000027)
    __rt_lib_init_user_alloc_1               0x08000253   Thumb Code     0  libinit2.o(.ARM.Collect$$libinit$$0000000E)
    __rt_lib_shutdown                        0x08000255   Thumb Code     0  libshutdown.o(.ARM.Collect$$libshutdown$$00000000)
    __rt_lib_shutdown_cpp_1                  0x08000257   Thumb Code     0  libshutdown2.o(.ARM.Collect$$libshutdown$$00000002)
    __rt_lib_shutdown_fp_trap_1              0x08000257   Thumb Code     0  libshutdown2.o(.ARM.Collect$$libshutdown$$00000007)
    __rt_lib_shutdown_heap_1                 0x08000257   Thumb Code     0  libshutdown2.o(.ARM.Collect$$libshutdown$$0000000F)
    __rt_lib_shutdown_return                 0x08000257   Thumb Code     0  libshutdown2.o(.ARM.Collect$$libshutdown$$00000010)
    __rt_lib_shutdown_signal_1               0x08000257   Thumb Code     0  libshutdown2.o(.ARM.Collect$$libshutdown$$0000000A)
    __rt_lib_shutdown_stdio_1                0x08000257   Thumb Code     0  libshutdown2.o(.ARM.Collect$$libshutdown$$00000004)
    __rt_lib_shutdown_user_alloc_1           0x08000257   Thumb Code     0  libshutdown2.o(.ARM.Collect$$libshutdown$$0000000C)
    __rt_entry                               0x08000259   Thumb Code     0  __rtentry.o(.ARM.Collect$$rtentry$$00000000)
    __rt_entry_presh_1                       0x08000259   Thumb Code     0  __rtentry2.o(.ARM.Collect$$rtentry$$00000002)
    __rt_entry_sh                            0x08000259   Thumb Code     0  __rtentry4.o(.ARM.Collect$$rtentry$$00000004)
    __rt_entry_li                            0x0800025f   Thumb Code     0  __rtentry2.o(.ARM.Collect$$rtentry$$0000000A)
    __rt_entry_postsh_1                      0x0800025f   Thumb Code     0  __rtentry2.o(.ARM.Collect$$rtentry$$00000009)
    __rt_entry_main                          0x08000263   Thumb Code     0  __rtentry2.o(.ARM.Collect$$rtentry$$0000000D)
    __rt_entry_postli_1                      0x08000263   Thumb Code     0  __rtentry2.o(.ARM.Collect$$rtentry$$0000000C)
    __rt_exit                                0x0800026b   Thumb Code     0  rtexit.o(.ARM.Collect$$rtexit$$00000000)
    __rt_exit_ls                             0x0800026d   Thumb Code     0  rtexit2.o(.ARM.Collect$$rtexit$$00000003)
    __rt_exit_prels_1                        0x0800026d   Thumb Code     0  rtexit2.o(.ARM.Collect$$rtexit$$00000002)
    __rt_exit_exit                           0x08000271   Thumb Code     0  rtexit2.o(.ARM.Collect$$rtexit$$00000004)
    Reset_Handler                            0x08000279   Thumb Code     8  startup_stm32g474xx.o(.text)
    ADC1_2_IRQHandler                        0x08000293   Thumb Code     0  startup_stm32g474xx.o(.text)
    ADC3_IRQHandler                          0x08000293   Thumb Code     0  startup_stm32g474xx.o(.text)
    ADC4_IRQHandler                          0x08000293   Thumb Code     0  startup_stm32g474xx.o(.text)
    ADC5_IRQHandler                          0x08000293   Thumb Code     0  startup_stm32g474xx.o(.text)
    COMP1_2_3_IRQHandler                     0x08000293   Thumb Code     0  startup_stm32g474xx.o(.text)
    COMP4_5_6_IRQHandler                     0x08000293   Thumb Code     0  startup_stm32g474xx.o(.text)
    COMP7_IRQHandler                         0x08000293   Thumb Code     0  startup_stm32g474xx.o(.text)
    CORDIC_IRQHandler                        0x08000293   Thumb Code     0  startup_stm32g474xx.o(.text)
    CRS_IRQHandler                           0x08000293   Thumb Code     0  startup_stm32g474xx.o(.text)
    DMA1_Channel1_IRQHandler                 0x08000293   Thumb Code     0  startup_stm32g474xx.o(.text)
    DMA1_Channel2_IRQHandler                 0x08000293   Thumb Code     0  startup_stm32g474xx.o(.text)
    DMA1_Channel3_IRQHandler                 0x08000293   Thumb Code     0  startup_stm32g474xx.o(.text)
    DMA1_Channel4_IRQHandler                 0x08000293   Thumb Code     0  startup_stm32g474xx.o(.text)
    DMA1_Channel5_IRQHandler                 0x08000293   Thumb Code     0  startup_stm32g474xx.o(.text)
    DMA1_Channel6_IRQHandler                 0x08000293   Thumb Code     0  startup_stm32g474xx.o(.text)
    DMA1_Channel7_IRQHandler                 0x08000293   Thumb Code     0  startup_stm32g474xx.o(.text)
    DMA1_Channel8_IRQHandler                 0x08000293   Thumb Code     0  startup_stm32g474xx.o(.text)
    DMA2_Channel1_IRQHandler                 0x08000293   Thumb Code     0  startup_stm32g474xx.o(.text)
    DMA2_Channel2_IRQHandler                 0x08000293   Thumb Code     0  startup_stm32g474xx.o(.text)
    DMA2_Channel3_IRQHandler                 0x08000293   Thumb Code     0  startup_stm32g474xx.o(.text)
    DMA2_Channel4_IRQHandler                 0x08000293   Thumb Code     0  startup_stm32g474xx.o(.text)
    DMA2_Channel5_IRQHandler                 0x08000293   Thumb Code     0  startup_stm32g474xx.o(.text)
    DMA2_Channel6_IRQHandler                 0x08000293   Thumb Code     0  startup_stm32g474xx.o(.text)
    DMA2_Channel7_IRQHandler                 0x08000293   Thumb Code     0  startup_stm32g474xx.o(.text)
    DMA2_Channel8_IRQHandler                 0x08000293   Thumb Code     0  startup_stm32g474xx.o(.text)
    DMAMUX_OVR_IRQHandler                    0x08000293   Thumb Code     0  startup_stm32g474xx.o(.text)
    EXTI0_IRQHandler                         0x08000293   Thumb Code     0  startup_stm32g474xx.o(.text)
    EXTI15_10_IRQHandler                     0x08000293   Thumb Code     0  startup_stm32g474xx.o(.text)
    EXTI1_IRQHandler                         0x08000293   Thumb Code     0  startup_stm32g474xx.o(.text)
    EXTI2_IRQHandler                         0x08000293   Thumb Code     0  startup_stm32g474xx.o(.text)
    EXTI3_IRQHandler                         0x08000293   Thumb Code     0  startup_stm32g474xx.o(.text)
    EXTI4_IRQHandler                         0x08000293   Thumb Code     0  startup_stm32g474xx.o(.text)
    EXTI9_5_IRQHandler                       0x08000293   Thumb Code     0  startup_stm32g474xx.o(.text)
    FDCAN1_IT0_IRQHandler                    0x08000293   Thumb Code     0  startup_stm32g474xx.o(.text)
    FDCAN1_IT1_IRQHandler                    0x08000293   Thumb Code     0  startup_stm32g474xx.o(.text)
    FDCAN2_IT0_IRQHandler                    0x08000293   Thumb Code     0  startup_stm32g474xx.o(.text)
    FDCAN2_IT1_IRQHandler                    0x08000293   Thumb Code     0  startup_stm32g474xx.o(.text)
    FDCAN3_IT0_IRQHandler                    0x08000293   Thumb Code     0  startup_stm32g474xx.o(.text)
    FDCAN3_IT1_IRQHandler                    0x08000293   Thumb Code     0  startup_stm32g474xx.o(.text)
    FLASH_IRQHandler                         0x08000293   Thumb Code     0  startup_stm32g474xx.o(.text)
    FMAC_IRQHandler                          0x08000293   Thumb Code     0  startup_stm32g474xx.o(.text)
    FMC_IRQHandler                           0x08000293   Thumb Code     0  startup_stm32g474xx.o(.text)
    FPU_IRQHandler                           0x08000293   Thumb Code     0  startup_stm32g474xx.o(.text)
    HRTIM1_FLT_IRQHandler                    0x08000293   Thumb Code     0  startup_stm32g474xx.o(.text)
    HRTIM1_Master_IRQHandler                 0x08000293   Thumb Code     0  startup_stm32g474xx.o(.text)
    HRTIM1_TIMA_IRQHandler                   0x08000293   Thumb Code     0  startup_stm32g474xx.o(.text)
    HRTIM1_TIMB_IRQHandler                   0x08000293   Thumb Code     0  startup_stm32g474xx.o(.text)
    HRTIM1_TIMC_IRQHandler                   0x08000293   Thumb Code     0  startup_stm32g474xx.o(.text)
    HRTIM1_TIMD_IRQHandler                   0x08000293   Thumb Code     0  startup_stm32g474xx.o(.text)
    HRTIM1_TIME_IRQHandler                   0x08000293   Thumb Code     0  startup_stm32g474xx.o(.text)
    HRTIM1_TIMF_IRQHandler                   0x08000293   Thumb Code     0  startup_stm32g474xx.o(.text)
    I2C1_ER_IRQHandler                       0x08000293   Thumb Code     0  startup_stm32g474xx.o(.text)
    I2C1_EV_IRQHandler                       0x08000293   Thumb Code     0  startup_stm32g474xx.o(.text)
    I2C2_ER_IRQHandler                       0x08000293   Thumb Code     0  startup_stm32g474xx.o(.text)
    I2C2_EV_IRQHandler                       0x08000293   Thumb Code     0  startup_stm32g474xx.o(.text)
    I2C3_ER_IRQHandler                       0x08000293   Thumb Code     0  startup_stm32g474xx.o(.text)
    I2C3_EV_IRQHandler                       0x08000293   Thumb Code     0  startup_stm32g474xx.o(.text)
    I2C4_ER_IRQHandler                       0x08000293   Thumb Code     0  startup_stm32g474xx.o(.text)
    I2C4_EV_IRQHandler                       0x08000293   Thumb Code     0  startup_stm32g474xx.o(.text)
    LPTIM1_IRQHandler                        0x08000293   Thumb Code     0  startup_stm32g474xx.o(.text)
    LPUART1_IRQHandler                       0x08000293   Thumb Code     0  startup_stm32g474xx.o(.text)
    PVD_PVM_IRQHandler                       0x08000293   Thumb Code     0  startup_stm32g474xx.o(.text)
    QUADSPI_IRQHandler                       0x08000293   Thumb Code     0  startup_stm32g474xx.o(.text)
    RCC_IRQHandler                           0x08000293   Thumb Code     0  startup_stm32g474xx.o(.text)
    RNG_IRQHandler                           0x08000293   Thumb Code     0  startup_stm32g474xx.o(.text)
    RTC_Alarm_IRQHandler                     0x08000293   Thumb Code     0  startup_stm32g474xx.o(.text)
    RTC_TAMP_LSECSS_IRQHandler               0x08000293   Thumb Code     0  startup_stm32g474xx.o(.text)
    RTC_WKUP_IRQHandler                      0x08000293   Thumb Code     0  startup_stm32g474xx.o(.text)
    SAI1_IRQHandler                          0x08000293   Thumb Code     0  startup_stm32g474xx.o(.text)
    SPI1_IRQHandler                          0x08000293   Thumb Code     0  startup_stm32g474xx.o(.text)
    SPI2_IRQHandler                          0x08000293   Thumb Code     0  startup_stm32g474xx.o(.text)
    SPI3_IRQHandler                          0x08000293   Thumb Code     0  startup_stm32g474xx.o(.text)
    SPI4_IRQHandler                          0x08000293   Thumb Code     0  startup_stm32g474xx.o(.text)
    TIM1_BRK_TIM15_IRQHandler                0x08000293   Thumb Code     0  startup_stm32g474xx.o(.text)
    TIM1_CC_IRQHandler                       0x08000293   Thumb Code     0  startup_stm32g474xx.o(.text)
    TIM1_TRG_COM_TIM17_IRQHandler            0x08000293   Thumb Code     0  startup_stm32g474xx.o(.text)
    TIM20_BRK_IRQHandler                     0x08000293   Thumb Code     0  startup_stm32g474xx.o(.text)
    TIM20_CC_IRQHandler                      0x08000293   Thumb Code     0  startup_stm32g474xx.o(.text)
    TIM20_TRG_COM_IRQHandler                 0x08000293   Thumb Code     0  startup_stm32g474xx.o(.text)
    TIM20_UP_IRQHandler                      0x08000293   Thumb Code     0  startup_stm32g474xx.o(.text)
    TIM2_IRQHandler                          0x08000293   Thumb Code     0  startup_stm32g474xx.o(.text)
    TIM3_IRQHandler                          0x08000293   Thumb Code     0  startup_stm32g474xx.o(.text)
    TIM4_IRQHandler                          0x08000293   Thumb Code     0  startup_stm32g474xx.o(.text)
    TIM5_IRQHandler                          0x08000293   Thumb Code     0  startup_stm32g474xx.o(.text)
    TIM6_DAC_IRQHandler                      0x08000293   Thumb Code     0  startup_stm32g474xx.o(.text)
    TIM7_DAC_IRQHandler                      0x08000293   Thumb Code     0  startup_stm32g474xx.o(.text)
    TIM8_BRK_IRQHandler                      0x08000293   Thumb Code     0  startup_stm32g474xx.o(.text)
    TIM8_CC_IRQHandler                       0x08000293   Thumb Code     0  startup_stm32g474xx.o(.text)
    TIM8_TRG_COM_IRQHandler                  0x08000293   Thumb Code     0  startup_stm32g474xx.o(.text)
    TIM8_UP_IRQHandler                       0x08000293   Thumb Code     0  startup_stm32g474xx.o(.text)
    UART4_IRQHandler                         0x08000293   Thumb Code     0  startup_stm32g474xx.o(.text)
    UART5_IRQHandler                         0x08000293   Thumb Code     0  startup_stm32g474xx.o(.text)
    UCPD1_IRQHandler                         0x08000293   Thumb Code     0  startup_stm32g474xx.o(.text)
    USART1_IRQHandler                        0x08000293   Thumb Code     0  startup_stm32g474xx.o(.text)
    USART2_IRQHandler                        0x08000293   Thumb Code     0  startup_stm32g474xx.o(.text)
    USART3_IRQHandler                        0x08000293   Thumb Code     0  startup_stm32g474xx.o(.text)
    USBWakeUp_IRQHandler                     0x08000293   Thumb Code     0  startup_stm32g474xx.o(.text)
    USB_HP_IRQHandler                        0x08000293   Thumb Code     0  startup_stm32g474xx.o(.text)
    USB_LP_IRQHandler                        0x08000293   Thumb Code     0  startup_stm32g474xx.o(.text)
    WWDG_IRQHandler                          0x08000293   Thumb Code     0  startup_stm32g474xx.o(.text)
    __user_initial_stackheap                 0x08000295   Thumb Code     0  startup_stm32g474xx.o(.text)
    STL_SCH_Init                             0x080002d9   Thumb Code   106  stl_sch_main.o(.text)
    STL_SCH_RunCpuTM1L                       0x08000343   Thumb Code    14  stl_sch_main.o(.text)
    STL_SCH_RunCpuTM7                        0x08000351   Thumb Code    14  stl_sch_main.o(.text)
    STL_SCH_RunCpuTMCB                       0x0800035f   Thumb Code    14  stl_sch_main.o(.text)
    STL_SCH_InitFlash                        0x0800036d   Thumb Code    92  stl_sch_main.o(.text)
    STL_SCH_ConfigureFlash                   0x080003c9   Thumb Code   104  stl_sch_main.o(.text)
    STL_SCH_RunFlashTM                       0x08000431   Thumb Code    92  stl_sch_main.o(.text)
    STL_SCH_ResetFlash                       0x0800048d   Thumb Code    92  stl_sch_main.o(.text)
    STL_SCH_DeInitFlash                      0x080004e9   Thumb Code    92  stl_sch_main.o(.text)
    STL_SCH_InitRam                          0x08000545   Thumb Code    92  stl_sch_main.o(.text)
    STL_SCH_ConfigureRam                     0x080005a1   Thumb Code   104  stl_sch_main.o(.text)
    STL_SCH_RunRamTM                         0x08000609   Thumb Code    92  stl_sch_main.o(.text)
    STL_SCH_ResetRam                         0x08000665   Thumb Code    92  stl_sch_main.o(.text)
    STL_SCH_DeInitRam                        0x080006c1   Thumb Code    92  stl_sch_main.o(.text)
    STL_SCH_StartArtifFailing                0x0800071d   Thumb Code   306  stl_sch_main.o(.text)
    STL_SCH_StopArtifFailing                 0x0800084f   Thumb Code    40  stl_sch_main.o(.text)
    ResetCpuTm                               0x08000a2d   Thumb Code    18  stl_tm_cpu.o(.text)
    ConfigureCpuTm                           0x08000a3f   Thumb Code    20  stl_tm_cpu.o(.text)
    STL_TM_CPU_RunTM1L                       0x08000a61   Thumb Code   320  stl_tm_cpu_1l.o(.text)
    STL_TM_CPU_RunTM7                        0x08000ba1   Thumb Code   122  stl_tm_cpu_7.o(.text)
    STL_TM_CPU_RunTMCB                       0x08000c51   Thumb Code    88  stl_tm_cpu_cb.o(.text)
    STL_TM_FLASH_Init                        0x08000ca9   Thumb Code    38  stl_tm_flash.o(.text)
    STL_TM_FLASH_DeInit                      0x08000ccf   Thumb Code    32  stl_tm_flash.o(.text)
    STL_TM_FLASH_Configure                   0x08000cef   Thumb Code   182  stl_tm_flash.o(.text)
    STL_TM_FLASH_Reset                       0x08000da5   Thumb Code    92  stl_tm_flash.o(.text)
    STL_TM_FLASH_RunTM                       0x08000e01   Thumb Code    98  stl_tm_flash.o(.text)
    STL_TM_RAM_Init                          0x08000fa5   Thumb Code    38  stl_tm_ram.o(.text)
    STL_TM_RAM_DeInit                        0x08000fcb   Thumb Code    32  stl_tm_ram.o(.text)
    STL_TM_RAM_Configure                     0x08000feb   Thumb Code   198  stl_tm_ram.o(.text)
    STL_TM_RAM_Reset                         0x080010b1   Thumb Code    92  stl_tm_ram.o(.text)
    STL_TM_RAM_RunTM                         0x0800110d   Thumb Code    98  stl_tm_ram.o(.text)
    STL_UTIL_CORE_IsThreadMode               0x080012b1   Thumb Code    28  stl_util_core.o(.text)
    __aeabi_memcpy4                          0x080012cd   Thumb Code     0  rt_memcpy_w.o(.text)
    __aeabi_memcpy8                          0x080012cd   Thumb Code     0  rt_memcpy_w.o(.text)
    __rt_memcpy_w                            0x080012cd   Thumb Code   100  rt_memcpy_w.o(.text)
    _memcpy_lastbytes_aligned                0x08001315   Thumb Code     0  rt_memcpy_w.o(.text)
    __aeabi_memclr4                          0x08001331   Thumb Code     0  rt_memclr_w.o(.text)
    __aeabi_memclr8                          0x08001331   Thumb Code     0  rt_memclr_w.o(.text)
    __rt_memclr_w                            0x08001331   Thumb Code     0  rt_memclr_w.o(.text)
    _memset_w                                0x08001335   Thumb Code    74  rt_memclr_w.o(.text)
    __use_two_region_memory                  0x0800137f   Thumb Code     2  heapauxi.o(.text)
    __rt_heap_escrow$2region                 0x08001381   Thumb Code     2  heapauxi.o(.text)
    __rt_heap_expand$2region                 0x08001383   Thumb Code     2  heapauxi.o(.text)
    __user_setup_stackheap                   0x08001385   Thumb Code    74  sys_stackheap_outer.o(.text)
    exit                                     0x080013cf   Thumb Code    18  exit.o(.text)
    __user_libspace                          0x080013e1   Thumb Code     8  libspace.o(.text)
    __user_perproc_libspace                  0x080013e1   Thumb Code     0  libspace.o(.text)
    __user_perthread_libspace                0x080013e1   Thumb Code     0  libspace.o(.text)
    _sys_exit                                0x080013e9   Thumb Code     8  sys_exit.o(.text)
    __I$use$semihosting                      0x080013f5   Thumb Code     0  use_no_semi.o(.text)
    __use_no_semihosting_swi                 0x080013f5   Thumb Code     2  use_no_semi.o(.text)
    __semihosting_library_function           0x080013f7   Thumb Code     0  indicate_semi.o(.text)
    BSP_LED_Init                             0x080013f9   Thumb Code    74  stm32g4xx_nucleo.o(.text.BSP_LED_Init)
    BSP_LED_Off                              0x08001445   Thumb Code    18  stm32g4xx_nucleo.o(.text.BSP_LED_Off)
    BSP_LED_On                               0x08001459   Thumb Code    18  stm32g4xx_nucleo.o(.text.BSP_LED_On)
    BSP_LED_Toggle                           0x0800146d   Thumb Code    16  stm32g4xx_nucleo.o(.text.BSP_LED_Toggle)
    BusFault_Handler                         0x0800147d   Thumb Code     2  stm32g4xx_it.o(.text.BusFault_Handler)
    DebugMon_Handler                         0x08001481   Thumb Code     2  stm32g4xx_it.o(.text.DebugMon_Handler)
    HAL_Delay                                0x08001485   Thumb Code    40  stm32g4xx_hal.o(.text.HAL_Delay)
    HAL_GPIO_Init                            0x080014ad   Thumb Code   426  stm32g4xx_hal_gpio.o(.text.HAL_GPIO_Init)
    HAL_GPIO_TogglePin                       0x08001659   Thumb Code    16  stm32g4xx_hal_gpio.o(.text.HAL_GPIO_TogglePin)
    HAL_GPIO_WritePin                        0x08001669   Thumb Code    12  stm32g4xx_hal_gpio.o(.text.HAL_GPIO_WritePin)
    HAL_GetTick                              0x08001675   Thumb Code    12  stm32g4xx_hal.o(.text.HAL_GetTick)
    HAL_IncTick                              0x08001681   Thumb Code    26  stm32g4xx_hal.o(.text.HAL_IncTick)
    HAL_Init                                 0x0800169d   Thumb Code    30  stm32g4xx_hal.o(.text.HAL_Init)
    HAL_InitTick                             0x080016bd   Thumb Code    76  stm32g4xx_hal.o(.text.HAL_InitTick)
    HAL_MspInit                              0x08001709   Thumb Code     2  stm32g4xx_hal_msp.o(.text.HAL_MspInit)
    HAL_NVIC_EnableIRQ                       0x0800170d   Thumb Code    32  stm32g4xx_hal_cortex.o(.text.HAL_NVIC_EnableIRQ)
    HAL_NVIC_SetPriority                     0x0800172d   Thumb Code    86  stm32g4xx_hal_cortex.o(.text.HAL_NVIC_SetPriority)
    HAL_NVIC_SetPriorityGrouping             0x08001785   Thumb Code    32  stm32g4xx_hal_cortex.o(.text.HAL_NVIC_SetPriorityGrouping)
    HAL_PWREx_ControlVoltageScaling          0x080017a5   Thumb Code   294  stm32g4xx_hal_pwr_ex.o(.text.HAL_PWREx_ControlVoltageScaling)
    HAL_RCC_ClockConfig                      0x080018cd   Thumb Code   788  stm32g4xx_hal_rcc.o(.text.HAL_RCC_ClockConfig)
    HAL_RCC_OscConfig                        0x08001be1   Thumb Code  1200  stm32g4xx_hal_rcc.o(.text.HAL_RCC_OscConfig)
    HAL_SYSTICK_Config                       0x08002091   Thumb Code    44  stm32g4xx_hal_cortex.o(.text.HAL_SYSTICK_Config)
    HAL_TIMEx_TISelection                    0x080020bd   Thumb Code   146  stm32g4xx_hal_tim_ex.o(.text.HAL_TIMEx_TISelection)
    HAL_TIM_Base_Init                        0x08002151   Thumb Code    68  stm32g4xx_hal_tim.o(.text.HAL_TIM_Base_Init)
    HAL_TIM_Base_MspInit                     0x08002195   Thumb Code     2  stm32g4xx_hal_tim.o(.text.HAL_TIM_Base_MspInit)
    HAL_TIM_IC_ConfigChannel                 0x08002199   Thumb Code   450  stm32g4xx_hal_tim.o(.text.HAL_TIM_IC_ConfigChannel)
    HAL_TIM_IC_Init                          0x0800235d   Thumb Code    68  stm32g4xx_hal_tim.o(.text.HAL_TIM_IC_Init)
    HAL_TIM_IC_MspInit                       0x080023a1   Thumb Code     2  stm32g4xx_hal_tim.o(.text.HAL_TIM_IC_MspInit)
    HAL_TIM_IC_Start_IT                      0x080023a5   Thumb Code   498  stm32g4xx_hal_tim.o(.text.HAL_TIM_IC_Start_IT)
    HardFault_Handler                        0x08002599   Thumb Code     2  stm32g4xx_it.o(.text.HardFault_Handler)
    MemManage_Handler                        0x0800259d   Thumb Code     2  stm32g4xx_it.o(.text.MemManage_Handler)
    NMI_Handler                              0x080025a1   Thumb Code     2  stm32g4xx_it.o(.text.NMI_Handler)
    PendSV_Handler                           0x080025a5   Thumb Code     2  stm32g4xx_it.o(.text.PendSV_Handler)
    STL_Init                                 0x080025a9   Thumb Code   350  main.o(.text.STL_Init)
    STL_RunFullTest                          0x08002709   Thumb Code   924  main.o(.text.STL_RunFullTest)
    STL_RunStep                              0x08002aa5   Thumb Code   884  main.o(.text.STL_RunStep)
    STL_UTIL_CRC_Calculate                   0x08002e19   Thumb Code    22  stl_util.o(.text.STL_UTIL_CRC_Calculate)
    STL_UTIL_CRC_DeInit                      0x08002e31   Thumb Code    58  stl_util.o(.text.STL_UTIL_CRC_DeInit)
    STL_UTIL_CRC_Init                        0x08002e6d   Thumb Code    76  stl_util.o(.text.STL_UTIL_CRC_Init)
    STL_UTIL_ChecksumCompare                 0x08002eb9   Thumb Code   102  stl_util.o(.text.STL_UTIL_ChecksumCompare)
    STL_UTIL_ChecksumUpdate                  0x08002f21   Thumb Code    84  stl_util.o(.text.STL_UTIL_ChecksumUpdate)
    STL_UTIL_Disable_IT                      0x08002f75   Thumb Code    18  stl_util.o(.text.STL_UTIL_Disable_IT)
    STL_UTIL_Enable_IT                       0x08002f89   Thumb Code    16  stl_util.o(.text.STL_UTIL_Enable_IT)
    SVC_Handler                              0x08002f99   Thumb Code     2  stm32g4xx_it.o(.text.SVC_Handler)
    SysTick_Handler                          0x08002f9d   Thumb Code     4  stm32g4xx_it.o(.text.SysTick_Handler)
    SystemInit                               0x08002fa1   Thumb Code    18  system_stm32g4xx.o(.text.SystemInit)
    TIM1_UP_TIM16_IRQHandler                 0x08002fb5   Thumb Code    80  main.o(.text.TIM1_UP_TIM16_IRQHandler)
    TIM_Base_SetConfig                       0x08003005   Thumb Code   316  stm32g4xx_hal_tim.o(.text.TIM_Base_SetConfig)
    UsageFault_Handler                       0x08003141   Thumb Code     2  stm32g4xx_it.o(.text.UsageFault_Handler)
    main                                     0x08003145   Thumb Code   216  main.o(.text.main)
    CRC_Handle_32_HW                         0x0800321d   Thumb Code     0  stl_crc_calc_asm.o(text)
    CRC_Handle_32_SW                         0x08003235   Thumb Code     0  stl_crc_calc_asm.o(text)
    STL_TM_CPU_TM1L_R5Test                   0x080032a9   Thumb Code     0  stl_tm_cpu_1l_reg.o(text)
    STL_TM_CPU_TM1L_R0Test                   0x080032b3   Thumb Code     0  stl_tm_cpu_1l_reg.o(text)
    STL_TM_CPU_TM1L_R1Test                   0x080032d3   Thumb Code     0  stl_tm_cpu_1l_reg.o(text)
    STL_TM_CPU_TM1L_R2Test                   0x080032f3   Thumb Code     0  stl_tm_cpu_1l_reg.o(text)
    STL_TM_CPU_TM1L_R3Test                   0x08003313   Thumb Code     0  stl_tm_cpu_1l_reg.o(text)
    STL_TM_CPU_TM1L_R4Test                   0x08003333   Thumb Code     0  stl_tm_cpu_1l_reg.o(text)
    STL_TM_CPU_TM1L_R6Test                   0x08003353   Thumb Code     0  stl_tm_cpu_1l_reg.o(text)
    STL_TM_CPU_TM1L_R7Test                   0x08003373   Thumb Code     0  stl_tm_cpu_1l_reg.o(text)
    STL_TM_CPU_TM1L_R8Test                   0x08003393   Thumb Code     0  stl_tm_cpu_1l_reg.o(text)
    STL_TM_CPU_TM1L_R9Test                   0x080033b9   Thumb Code     0  stl_tm_cpu_1l_reg.o(text)
    STL_TM_CPU_TM1L_R10Test                  0x080033df   Thumb Code     0  stl_tm_cpu_1l_reg.o(text)
    STL_TM_CPU_TM1L_R11Test                  0x08003405   Thumb Code     0  stl_tm_cpu_1l_reg.o(text)
    STL_TM_CPU_TM1L_R12Test                  0x0800342b   Thumb Code     0  stl_tm_cpu_1l_reg.o(text)
    STL_TM_CPU_TM7PushPopMsp                 0x08003455   Thumb Code     0  stl_tm_cpu_7p_stack_ptr.o(text)
    STL_TM_CPU_TM7PushPopPsp                 0x080034d3   Thumb Code     0  stl_tm_cpu_7p_stack_ptr.o(text)
    STL_TM_CPU_TMClassB                      0x08003581   Thumb Code     0  stl_tm_cpu_cb_sts_reg.o(text)
    STL_TM_RAM_MarchCXStep                   0x080035d1   Thumb Code     0  stl_tm_ram_march-c_test.o(text)
    STL_TM_RAM_StartSub_MarchCXStep          0x08003673   Thumb Code     0  stl_tm_ram_march-c_test.o(text)
    STL_TM_RAM_EndSub_MarchCXStep            0x0800370f   Thumb Code     0  stl_tm_ram_march-c_test.o(text)
    STL_TM_RAM_BckUpBuf_MarchCXStep          0x080037ab   Thumb Code     0  stl_tm_ram_march-c_test.o(text)
    STL_UTIL_CORE_GetCONTROLReg              0x0800382d   Thumb Code     0  stl_util_core_asm.o(text)
    STL_UTIL_CORE_GetIPSR                    0x08003833   Thumb Code     0  stl_util_core_asm.o(text)
    _fp_init                                 0x08003839   Thumb Code    26  fpinit.o(x$fpl$fpinit)
    __fplib_config_fpu_vfp                   0x08003851   Thumb Code     0  fpinit.o(x$fpl$fpinit)
    __fplib_config_pureend_doubles           0x08003851   Thumb Code     0  fpinit.o(x$fpl$fpinit)
    StlCrc32LookUpTable                      0x0800387c   Data        1024  stl_tm_cpu.o(.rodata)
    StlCpuTm1RegPattern                      0x08003c7c   Data          24  stl_tm_cpu_1l.o(.rodata)
    aStlCpuTm7MainStackPattern               0x08003cf4   Data          64  stl_tm_cpu_7.o(.rodata)
    aStlCpuTm7ProcessStackPattern            0x08003d34   Data          64  stl_tm_cpu_7.o(.rodata)
    StlCpuTmCBStsPattern                     0x08003d74   Data           4  stl_tm_cpu_cb.o(.rodata)
    StlTmRamStandardOrder                    0x08003d78   Data          36  stl_tm_ram.o(.rodata)
    AHBPrescTable                            0x08003d9c   Data          16  system_stm32g4xx.o(.rodata.AHBPrescTable)
    Region$$Table$$Base                      0x08003dcc   Number         0  anon$$obj.o(Region$$Table)
    Region$$Table$$Limit                     0x08003e1c   Number         0  anon$$obj.o(Region$$Table)
    Load$$LR$$LR_IROM1$$Limit                0x08003f18   Number         0  anon$$obj.o ABSOLUTE
    STL_aRamTmBckUpBuf                       0x20000000   Data          32  stl_user_param_template.o(backup_buffer_section)
    aStlCpuTm7VirtualStack                   0x20000070   Data          64  stl_tm_cpu_7.o(.data)
    uwTickPrio                               0x200000d8   Data           4  stm32g4xx_hal.o(.data..L_MergedGlobals)
    uwTickFreq                               0x200000dc   Data           4  stm32g4xx_hal.o(.data..L_MergedGlobals)
    STL_RomEnd                               0x200000e0   Data           4  stl_user_param_template.o(.data.STL_RomEnd)
    STL_RomStart                             0x200000e4   Data           4  stl_user_param_template.o(.data.STL_RomStart)
    STL_pRamTmBckUpBuf                       0x200000e8   Data           4  stl_user_param_template.o(.data.STL_pRamTmBckUpBuf)
    SystemCoreClock                          0x200000ec   Data           4  system_stm32g4xx.o(.data.SystemCoreClock)
    __libspace_start                         0x200000f0   Data          96  libspace.o(.bss)
    __temporary_stack_top$libspace           0x20000150   Data           0  libspace.o(.bss)
    tmpCC1_last                              0x20000150   Data           2  main.o(.bss..L_MergedGlobals)
    LSIPeriodFlag                            0x20000154   Data           4  main.o(.bss..L_MergedGlobals)
    PeriodValue                              0x20000158   Data           4  main.o(.bss..L_MergedGlobals)
    PeriodValueInv                           0x2000015c   Data           4  main.o(.bss..L_MergedGlobals)
    StlCpuTm1LStatus                         0x20000160   Data           4  main.o(.bss..L_MergedGlobals)
    StlCpuTm7Status                          0x20000164   Data           4  main.o(.bss..L_MergedGlobals)
    StlCpuTmCBStatus                         0x20000168   Data           4  main.o(.bss..L_MergedGlobals)
    StlFlashStatus                           0x2000016c   Data           4  main.o(.bss..L_MergedGlobals)
    StlRamStatus                             0x20000170   Data           4  main.o(.bss..L_MergedGlobals)
    StlClkStatus                             0x20000174   Data           4  main.o(.bss..L_MergedGlobals)
    FlashConfigRunTime                       0x20000178   Data           8  main.o(.bss..L_MergedGlobals)
    RamConfigRunTime                         0x20000180   Data           8  main.o(.bss..L_MergedGlobals)
    FlashSubsetRunTime                       0x20000188   Data          12  main.o(.bss..L_MergedGlobals)
    RamSubsetRunTime                         0x20000194   Data          12  main.o(.bss..L_MergedGlobals)
    uwTick                                   0x200001a8   Data           4  stm32g4xx_hal.o(.bss.uwTick)



==============================================================================

Memory Map of the image

  Image Entry point : 0x080001d9

  Load Region LR_IROM1 (Base: 0x08000000, Size: 0x00003f18, Max: 0x00080000, ABSOLUTE)

    Execution Region ER_IROM1 (Exec base: 0x08000000, Load base: 0x08000000, Size: 0x00003e28, Max: 0x00080000, ABSOLUTE)

    Exec Addr    Load Addr    Size         Type   Attr      Idx    E Section Name        Object

    0x08000000   0x08000000   0x000001d8   Data   RO            3    RESET               startup_stm32g474xx.o
    0x080001d8   0x080001d8   0x00000008   Code   RO         1155  * !!!main             c_wu.l(__main.o)
    0x080001e0   0x080001e0   0x00000034   Code   RO         1320    !!!scatter          c_wu.l(__scatter.o)
    0x08000214   0x08000214   0x0000001a   Code   RO         1322    !!handler_copy      c_wu.l(__scatter_copy.o)
    0x0800022e   0x0800022e   0x00000002   PAD
    0x08000230   0x08000230   0x0000001c   Code   RO         1324    !!handler_zi        c_wu.l(__scatter_zi.o)
    0x0800024c   0x0800024c   0x00000002   Code   RO         1182    .ARM.Collect$$libinit$$00000000  c_wu.l(libinit.o)
    0x0800024e   0x0800024e   0x00000004   Code   RO         1188    .ARM.Collect$$libinit$$00000001  c_wu.l(libinit2.o)
    0x08000252   0x08000252   0x00000000   Code   RO         1191    .ARM.Collect$$libinit$$00000004  c_wu.l(libinit2.o)
    0x08000252   0x08000252   0x00000000   Code   RO         1193    .ARM.Collect$$libinit$$00000006  c_wu.l(libinit2.o)
    0x08000252   0x08000252   0x00000000   Code   RO         1196    .ARM.Collect$$libinit$$0000000C  c_wu.l(libinit2.o)
    0x08000252   0x08000252   0x00000000   Code   RO         1198    .ARM.Collect$$libinit$$0000000E  c_wu.l(libinit2.o)
    0x08000252   0x08000252   0x00000000   Code   RO         1200    .ARM.Collect$$libinit$$00000010  c_wu.l(libinit2.o)
    0x08000252   0x08000252   0x00000000   Code   RO         1203    .ARM.Collect$$libinit$$00000013  c_wu.l(libinit2.o)
    0x08000252   0x08000252   0x00000000   Code   RO         1205    .ARM.Collect$$libinit$$00000015  c_wu.l(libinit2.o)
    0x08000252   0x08000252   0x00000000   Code   RO         1207    .ARM.Collect$$libinit$$00000017  c_wu.l(libinit2.o)
    0x08000252   0x08000252   0x00000000   Code   RO         1209    .ARM.Collect$$libinit$$00000019  c_wu.l(libinit2.o)
    0x08000252   0x08000252   0x00000000   Code   RO         1211    .ARM.Collect$$libinit$$0000001B  c_wu.l(libinit2.o)
    0x08000252   0x08000252   0x00000000   Code   RO         1213    .ARM.Collect$$libinit$$0000001D  c_wu.l(libinit2.o)
    0x08000252   0x08000252   0x00000000   Code   RO         1215    .ARM.Collect$$libinit$$0000001F  c_wu.l(libinit2.o)
    0x08000252   0x08000252   0x00000000   Code   RO         1217    .ARM.Collect$$libinit$$00000021  c_wu.l(libinit2.o)
    0x08000252   0x08000252   0x00000000   Code   RO         1219    .ARM.Collect$$libinit$$00000023  c_wu.l(libinit2.o)
    0x08000252   0x08000252   0x00000000   Code   RO         1221    .ARM.Collect$$libinit$$00000025  c_wu.l(libinit2.o)
    0x08000252   0x08000252   0x00000000   Code   RO         1223    .ARM.Collect$$libinit$$00000027  c_wu.l(libinit2.o)
    0x08000252   0x08000252   0x00000000   Code   RO         1227    .ARM.Collect$$libinit$$0000002E  c_wu.l(libinit2.o)
    0x08000252   0x08000252   0x00000000   Code   RO         1229    .ARM.Collect$$libinit$$00000030  c_wu.l(libinit2.o)
    0x08000252   0x08000252   0x00000000   Code   RO         1231    .ARM.Collect$$libinit$$00000032  c_wu.l(libinit2.o)
    0x08000252   0x08000252   0x00000000   Code   RO         1233    .ARM.Collect$$libinit$$00000034  c_wu.l(libinit2.o)
    0x08000252   0x08000252   0x00000002   Code   RO         1234    .ARM.Collect$$libinit$$00000035  c_wu.l(libinit2.o)
    0x08000254   0x08000254   0x00000002   Code   RO         1256    .ARM.Collect$$libshutdown$$00000000  c_wu.l(libshutdown.o)
    0x08000256   0x08000256   0x00000000   Code   RO         1271    .ARM.Collect$$libshutdown$$00000002  c_wu.l(libshutdown2.o)
    0x08000256   0x08000256   0x00000000   Code   RO         1273    .ARM.Collect$$libshutdown$$00000004  c_wu.l(libshutdown2.o)
    0x08000256   0x08000256   0x00000000   Code   RO         1276    .ARM.Collect$$libshutdown$$00000007  c_wu.l(libshutdown2.o)
    0x08000256   0x08000256   0x00000000   Code   RO         1279    .ARM.Collect$$libshutdown$$0000000A  c_wu.l(libshutdown2.o)
    0x08000256   0x08000256   0x00000000   Code   RO         1281    .ARM.Collect$$libshutdown$$0000000C  c_wu.l(libshutdown2.o)
    0x08000256   0x08000256   0x00000000   Code   RO         1284    .ARM.Collect$$libshutdown$$0000000F  c_wu.l(libshutdown2.o)
    0x08000256   0x08000256   0x00000002   Code   RO         1285    .ARM.Collect$$libshutdown$$00000010  c_wu.l(libshutdown2.o)
    0x08000258   0x08000258   0x00000000   Code   RO         1157    .ARM.Collect$$rtentry$$00000000  c_wu.l(__rtentry.o)
    0x08000258   0x08000258   0x00000000   Code   RO         1159    .ARM.Collect$$rtentry$$00000002  c_wu.l(__rtentry2.o)
    0x08000258   0x08000258   0x00000006   Code   RO         1171    .ARM.Collect$$rtentry$$00000004  c_wu.l(__rtentry4.o)
    0x0800025e   0x0800025e   0x00000000   Code   RO         1161    .ARM.Collect$$rtentry$$00000009  c_wu.l(__rtentry2.o)
    0x0800025e   0x0800025e   0x00000004   Code   RO         1162    .ARM.Collect$$rtentry$$0000000A  c_wu.l(__rtentry2.o)
    0x08000262   0x08000262   0x00000000   Code   RO         1164    .ARM.Collect$$rtentry$$0000000C  c_wu.l(__rtentry2.o)
    0x08000262   0x08000262   0x00000008   Code   RO         1165    .ARM.Collect$$rtentry$$0000000D  c_wu.l(__rtentry2.o)
    0x0800026a   0x0800026a   0x00000002   Code   RO         1186    .ARM.Collect$$rtexit$$00000000  c_wu.l(rtexit.o)
    0x0800026c   0x0800026c   0x00000000   Code   RO         1236    .ARM.Collect$$rtexit$$00000002  c_wu.l(rtexit2.o)
    0x0800026c   0x0800026c   0x00000004   Code   RO         1237    .ARM.Collect$$rtexit$$00000003  c_wu.l(rtexit2.o)
    0x08000270   0x08000270   0x00000006   Code   RO         1238    .ARM.Collect$$rtexit$$00000004  c_wu.l(rtexit2.o)
    0x08000276   0x08000276   0x00000002   PAD
    0x08000278   0x08000278   0x00000040   Code   RO            4    .text               startup_stm32g474xx.o
    0x080002b8   0x080002b8   0x00000774   Code   RO         1027    .text               STL_Lib.a(stl_sch_main.o)
    0x08000a2c   0x08000a2c   0x00000034   Code   RO         1058    .text               STL_Lib.a(stl_tm_cpu.o)
    0x08000a60   0x08000a60   0x00000140   Code   RO         1067    .text               STL_Lib.a(stl_tm_cpu_1l.o)
    0x08000ba0   0x08000ba0   0x000000b0   Code   RO         1077    .text               STL_Lib.a(stl_tm_cpu_7.o)
    0x08000c50   0x08000c50   0x00000058   Code   RO         1086    .text               STL_Lib.a(stl_tm_cpu_cb.o)
    0x08000ca8   0x08000ca8   0x000002fc   Code   RO         1093    .text               STL_Lib.a(stl_tm_flash.o)
    0x08000fa4   0x08000fa4   0x0000030c   Code   RO         1109    .text               STL_Lib.a(stl_tm_ram.o)
    0x080012b0   0x080012b0   0x0000001c   Code   RO         1138    .text               STL_Lib.a(stl_util_core.o)
    0x080012cc   0x080012cc   0x00000064   Code   RO         1149    .text               c_wu.l(rt_memcpy_w.o)
    0x08001330   0x08001330   0x0000004e   Code   RO         1151    .text               c_wu.l(rt_memclr_w.o)
    0x0800137e   0x0800137e   0x00000006   Code   RO         1153    .text               c_wu.l(heapauxi.o)
    0x08001384   0x08001384   0x0000004a   Code   RO         1173    .text               c_wu.l(sys_stackheap_outer.o)
    0x080013ce   0x080013ce   0x00000012   Code   RO         1175    .text               c_wu.l(exit.o)
    0x080013e0   0x080013e0   0x00000008   Code   RO         1183    .text               c_wu.l(libspace.o)
    0x080013e8   0x080013e8   0x0000000c   Code   RO         1246    .text               c_wu.l(sys_exit.o)
    0x080013f4   0x080013f4   0x00000002   Code   RO         1261    .text               c_wu.l(use_no_semi.o)
    0x080013f6   0x080013f6   0x00000000   Code   RO         1263    .text               c_wu.l(indicate_semi.o)
    0x080013f6   0x080013f6   0x00000002   PAD
    0x080013f8   0x080013f8   0x0000004a   Code   RO          990    .text.BSP_LED_Init  stm32g4xx_nucleo.o
    0x08001442   0x08001442   0x00000002   PAD
    0x08001444   0x08001444   0x00000012   Code   RO          996    .text.BSP_LED_Off   stm32g4xx_nucleo.o
    0x08001456   0x08001456   0x00000002   PAD
    0x08001458   0x08001458   0x00000012   Code   RO          994    .text.BSP_LED_On    stm32g4xx_nucleo.o
    0x0800146a   0x0800146a   0x00000002   PAD
    0x0800146c   0x0800146c   0x00000010   Code   RO          998    .text.BSP_LED_Toggle  stm32g4xx_nucleo.o
    0x0800147c   0x0800147c   0x00000002   Code   RO           39    .text.BusFault_Handler  stm32g4xx_it.o
    0x0800147e   0x0800147e   0x00000002   PAD
    0x08001480   0x08001480   0x00000002   Code   RO           45    .text.DebugMon_Handler  stm32g4xx_it.o
    0x08001482   0x08001482   0x00000002   PAD
    0x08001484   0x08001484   0x00000028   Code   RO          545    .text.HAL_Delay     stm32g4xx_hal.o
    0x080014ac   0x080014ac   0x000001aa   Code   RO          748    .text.HAL_GPIO_Init  stm32g4xx_hal_gpio.o
    0x08001656   0x08001656   0x00000002   PAD
    0x08001658   0x08001658   0x00000010   Code   RO          756    .text.HAL_GPIO_TogglePin  stm32g4xx_hal_gpio.o
    0x08001668   0x08001668   0x0000000c   Code   RO          754    .text.HAL_GPIO_WritePin  stm32g4xx_hal_gpio.o
    0x08001674   0x08001674   0x0000000c   Code   RO          537    .text.HAL_GetTick   stm32g4xx_hal.o
    0x08001680   0x08001680   0x0000001a   Code   RO          535    .text.HAL_IncTick   stm32g4xx_hal.o
    0x0800169a   0x0800169a   0x00000002   PAD
    0x0800169c   0x0800169c   0x0000001e   Code   RO          525    .text.HAL_Init      stm32g4xx_hal.o
    0x080016ba   0x080016ba   0x00000002   PAD
    0x080016bc   0x080016bc   0x0000004c   Code   RO          527    .text.HAL_InitTick  stm32g4xx_hal.o
    0x08001708   0x08001708   0x00000002   Code   RO           58    .text.HAL_MspInit   stm32g4xx_hal_msp.o
    0x0800170a   0x0800170a   0x00000002   PAD
    0x0800170c   0x0800170c   0x00000020   Code   RO          892    .text.HAL_NVIC_EnableIRQ  stm32g4xx_hal_cortex.o
    0x0800172c   0x0800172c   0x00000056   Code   RO          890    .text.HAL_NVIC_SetPriority  stm32g4xx_hal_cortex.o
    0x08001782   0x08001782   0x00000002   PAD
    0x08001784   0x08001784   0x00000020   Code   RO          888    .text.HAL_NVIC_SetPriorityGrouping  stm32g4xx_hal_cortex.o
    0x080017a4   0x080017a4   0x00000126   Code   RO          445    .text.HAL_PWREx_ControlVoltageScaling  stm32g4xx_hal_pwr_ex.o
    0x080018ca   0x080018ca   0x00000002   PAD
    0x080018cc   0x080018cc   0x00000314   Code   RO          609    .text.HAL_RCC_ClockConfig  stm32g4xx_hal_rcc.o
    0x08001be0   0x08001be0   0x000004b0   Code   RO          607    .text.HAL_RCC_OscConfig  stm32g4xx_hal_rcc.o
    0x08002090   0x08002090   0x0000002c   Code   RO          900    .text.HAL_SYSTICK_Config  stm32g4xx_hal_cortex.o
    0x080020bc   0x080020bc   0x00000092   Code   RO          372    .text.HAL_TIMEx_TISelection  stm32g4xx_hal_tim_ex.o
    0x0800214e   0x0800214e   0x00000002   PAD
    0x08002150   0x08002150   0x00000044   Code   RO           69    .text.HAL_TIM_Base_Init  stm32g4xx_hal_tim.o
    0x08002194   0x08002194   0x00000002   Code   RO           71    .text.HAL_TIM_Base_MspInit  stm32g4xx_hal_tim.o
    0x08002196   0x08002196   0x00000002   PAD
    0x08002198   0x08002198   0x000001c2   Code   RO          219    .text.HAL_TIM_IC_ConfigChannel  stm32g4xx_hal_tim.o
    0x0800235a   0x0800235a   0x00000002   PAD
    0x0800235c   0x0800235c   0x00000044   Code   RO          143    .text.HAL_TIM_IC_Init  stm32g4xx_hal_tim.o
    0x080023a0   0x080023a0   0x00000002   Code   RO          145    .text.HAL_TIM_IC_MspInit  stm32g4xx_hal_tim.o
    0x080023a2   0x080023a2   0x00000002   PAD
    0x080023a4   0x080023a4   0x000001f2   Code   RO          155    .text.HAL_TIM_IC_Start_IT  stm32g4xx_hal_tim.o
    0x08002596   0x08002596   0x00000002   PAD
    0x08002598   0x08002598   0x00000002   Code   RO           35    .text.HardFault_Handler  stm32g4xx_it.o
    0x0800259a   0x0800259a   0x00000002   PAD
    0x0800259c   0x0800259c   0x00000002   Code   RO           37    .text.MemManage_Handler  stm32g4xx_it.o
    0x0800259e   0x0800259e   0x00000002   PAD
    0x080025a0   0x080025a0   0x00000002   Code   RO           33    .text.NMI_Handler   stm32g4xx_it.o
    0x080025a2   0x080025a2   0x00000002   PAD
    0x080025a4   0x080025a4   0x00000002   Code   RO           47    .text.PendSV_Handler  stm32g4xx_it.o
    0x080025a6   0x080025a6   0x00000002   PAD
    0x080025a8   0x080025a8   0x0000015e   Code   RO           15    .text.STL_Init      main.o
    0x08002706   0x08002706   0x00000002   PAD
    0x08002708   0x08002708   0x0000039c   Code   RO           17    .text.STL_RunFullTest  main.o
    0x08002aa4   0x08002aa4   0x00000374   Code   RO           19    .text.STL_RunStep   main.o
    0x08002e18   0x08002e18   0x00000016   Code   RO          964    .text.STL_UTIL_CRC_Calculate  stl_util.o
    0x08002e2e   0x08002e2e   0x00000002   PAD
    0x08002e30   0x08002e30   0x0000003a   Code   RO          960    .text.STL_UTIL_CRC_DeInit  stl_util.o
    0x08002e6a   0x08002e6a   0x00000002   PAD
    0x08002e6c   0x08002e6c   0x0000004c   Code   RO          958    .text.STL_UTIL_CRC_Init  stl_util.o
    0x08002eb8   0x08002eb8   0x00000066   Code   RO          966    .text.STL_UTIL_ChecksumCompare  stl_util.o
    0x08002f1e   0x08002f1e   0x00000002   PAD
    0x08002f20   0x08002f20   0x00000054   Code   RO          968    .text.STL_UTIL_ChecksumUpdate  stl_util.o
    0x08002f74   0x08002f74   0x00000012   Code   RO          970    .text.STL_UTIL_Disable_IT  stl_util.o
    0x08002f86   0x08002f86   0x00000002   PAD
    0x08002f88   0x08002f88   0x00000010   Code   RO          972    .text.STL_UTIL_Enable_IT  stl_util.o
    0x08002f98   0x08002f98   0x00000002   Code   RO           43    .text.SVC_Handler   stm32g4xx_it.o
    0x08002f9a   0x08002f9a   0x00000002   PAD
    0x08002f9c   0x08002f9c   0x00000004   Code   RO           49    .text.SysTick_Handler  stm32g4xx_it.o
    0x08002fa0   0x08002fa0   0x00000012   Code   RO          934    .text.SystemInit    system_stm32g4xx.o
    0x08002fb2   0x08002fb2   0x00000002   PAD
    0x08002fb4   0x08002fb4   0x00000050   Code   RO           11    .text.TIM1_UP_TIM16_IRQHandler  main.o
    0x08003004   0x08003004   0x0000013c   Code   RO           73    .text.TIM_Base_SetConfig  stm32g4xx_hal_tim.o
    0x08003140   0x08003140   0x00000002   Code   RO           41    .text.UsageFault_Handler  stm32g4xx_it.o
    0x08003142   0x08003142   0x00000002   PAD
    0x08003144   0x08003144   0x000000d8   Code   RO           21    .text.main          main.o
    0x0800321c   0x0800321c   0x0000008c   Code   RO         1023    text                STL_Lib.a(stl_crc_calc_asm.o)
    0x080032a8   0x080032a8   0x000001ac   Code   RO         1121    text                STL_Lib.a(stl_tm_cpu_1l_reg.o)
    0x08003454   0x08003454   0x0000012c   Code   RO         1126    text                STL_Lib.a(stl_tm_cpu_7p_stack_ptr.o)
    0x08003580   0x08003580   0x00000050   Code   RO         1130    text                STL_Lib.a(stl_tm_cpu_cb_sts_reg.o)
    0x080035d0   0x080035d0   0x0000025c   Code   RO         1134    text                STL_Lib.a(stl_tm_ram_march-c_test.o)
    0x0800382c   0x0800382c   0x0000000c   Code   RO         1144    text                STL_Lib.a(stl_util_core_asm.o)
    0x08003838   0x08003838   0x0000001a   Code   RO         1244    x$fpl$fpinit        fz_wm.l(fpinit.o)
    0x08003852   0x08003852   0x00000002   PAD
    0x08003854   0x08003854   0x0000000c   Data   RO         1029    .rodata             STL_Lib.a(stl_sch_main.o)
    0x08003860   0x08003860   0x00000004   Data   RO         1030    .rodata             STL_Lib.a(stl_sch_main.o)
    0x08003864   0x08003864   0x00000018   Data   RO         1031    .rodata             STL_Lib.a(stl_sch_main.o)
    0x0800387c   0x0800387c   0x00000400   Data   RO         1057    .rodata             STL_Lib.a(stl_tm_cpu.o)
    0x08003c7c   0x08003c7c   0x00000018   Data   RO         1066    .rodata             STL_Lib.a(stl_tm_cpu_1l.o)
    0x08003c94   0x08003c94   0x00000060   Data   RO         1068    .rodata             STL_Lib.a(stl_tm_cpu_1l.o)
    0x08003cf4   0x08003cf4   0x00000040   Data   RO         1074    .rodata             STL_Lib.a(stl_tm_cpu_7.o)
    0x08003d34   0x08003d34   0x00000040   Data   RO         1075    .rodata             STL_Lib.a(stl_tm_cpu_7.o)
    0x08003d74   0x08003d74   0x00000004   Data   RO         1085    .rodata             STL_Lib.a(stl_tm_cpu_cb.o)
    0x08003d78   0x08003d78   0x00000024   Data   RO         1107    .rodata             STL_Lib.a(stl_tm_ram.o)
    0x08003d9c   0x08003d9c   0x00000010   Data   RO          939    .rodata.AHBPrescTable  system_stm32g4xx.o
    0x08003dac   0x08003dac   0x00000020   Data   RO          289    .rodata.cst16       stm32g4xx_hal_tim.o
    0x08003dcc   0x08003dcc   0x00000050   Data   RO         1319    Region$$Table       anon$$obj.o
    0x08003e1c   0x08003e1c   0x0000000c   Data   RO         1125    mydata              STL_Lib.a(stl_tm_cpu_7p_stack_ptr.o)


    Execution Region RW_IRAM1 (Exec base: 0x20000000, Load base: 0x08003e28, Size: 0x00000020, Max: 0x00020000, ABSOLUTE)

    Exec Addr    Load Addr    Size         Type   Attr      Idx    E Section Name        Object

    0x20000000   0x08003e28   0x00000020   Data   RW          951    backup_buffer_section  stl_user_param_template.o


    Execution Region RW_IRAM2 (Exec base: 0x20000020, Load base: 0x08003e48, Size: 0x0000018c, Max: 0xffffffff, ABSOLUTE)

    Exec Addr    Load Addr    Size         Type   Attr      Idx    E Section Name        Object

    0x20000020   0x08003e48   0x00000050   Data   RW         1028    .data               STL_Lib.a(stl_sch_main.o)
    0x20000070   0x08003e98   0x00000040   Data   RW         1076    .data               STL_Lib.a(stl_tm_cpu_7.o)
    0x200000b0   0x08003ed8   0x00000014   Data   RW         1092    .data               STL_Lib.a(stl_tm_flash.o)
    0x200000c4   0x08003eec   0x00000014   Data   RW         1106    .data               STL_Lib.a(stl_tm_ram.o)
    0x200000d8   0x08003f00   0x00000008   Data   RW          596    .data..L_MergedGlobals  stm32g4xx_hal.o
    0x200000e0   0x08003f08   0x00000004   Data   RW          950    .data.STL_RomEnd    stl_user_param_template.o
    0x200000e4   0x08003f0c   0x00000004   Data   RW          949    .data.STL_RomStart  stl_user_param_template.o
    0x200000e8   0x08003f10   0x00000004   Data   RW          952    .data.STL_pRamTmBckUpBuf  stl_user_param_template.o
    0x200000ec   0x08003f14   0x00000004   Data   RW          938    .data.SystemCoreClock  system_stm32g4xx.o
    0x200000f0        -       0x00000060   Zero   RW         1184    .bss                c_wu.l(libspace.o)
    0x20000150        -       0x00000050   Zero   RW           24    .bss..L_MergedGlobals  main.o
    0x200001a0        -       0x00000004   Zero   RW          974    .bss.CrcClkStatus   stl_util.o
    0x200001a4        -       0x00000004   Zero   RW          975    .bss.ExcepMaskReg   stl_util.o
    0x200001a8        -       0x00000004   Zero   RW          595    .bss.uwTick         stm32g4xx_hal.o


    Execution Region RW_IRAM3 (Exec base: 0x200001b0, Load base: 0x08003f18, Size: 0x00000400, Max: 0xffffffff, ABSOLUTE)

    Exec Addr    Load Addr    Size         Type   Attr      Idx    E Section Name        Object

    0x200001b0        -       0x00000400   Zero   RW            1    STACK               startup_stm32g474xx.o


    Execution Region RW_IRAM4 (Exec base: 0x200005b0, Load base: 0x08003f18, Size: 0x00000200, Max: 0xffffffff, ABSOLUTE)

    Exec Addr    Load Addr    Size         Type   Attr      Idx    E Section Name        Object

    0x200005b0        -       0x00000200   Zero   RW            2    HEAP                startup_stm32g474xx.o


==============================================================================

Image component sizes


      Code (inc. data)   RO Data    RW Data    ZI Data      Debug   Object Name

      2454         24          0          0         80      13265   main.o
        64         26        472          0       1536        968   startup_stm32g474xx.o
         0          0          0         44          0        829   stl_user_param_template.o
       376          0          0          0          8       4654   stl_util.o
       184          0          0          8          4       9447   stm32g4xx_hal.o
       194          0          0          0          0      11081   stm32g4xx_hal_cortex.o
       454          0          0          0          0       5421   stm32g4xx_hal_gpio.o
         2          0          0          0          0        593   stm32g4xx_hal_msp.o
       294          0          0          0          0       9737   stm32g4xx_hal_pwr_ex.o
      1988          0          0          0          0      10252   stm32g4xx_hal_rcc.o
      1404         14         32          0          0      61638   stm32g4xx_hal_tim.o
       146          6          0          0          0      30770   stm32g4xx_hal_tim_ex.o
        20          0          0          0          0       1282   stm32g4xx_it.o
       126          0          0          0          0       8219   stm32g4xx_nucleo.o
        18          0         16          4          0       2918   system_stm32g4xx.o

    ----------------------------------------------------------------------
      7780         70        600         56       1628     171074   Object Totals
         0          0         80          0          0          0   (incl. Generated)
        56          0          0          0          0          0   (incl. Padding)

    ----------------------------------------------------------------------

      Code (inc. data)   RO Data    RW Data    ZI Data      Debug   Library Member Name

       140          8          0          0          0          0   stl_crc_calc_asm.o
      1908         64         40         80          0        552   stl_sch_main.o
        52         12       1024          0          0         32   stl_tm_cpu.o
       320         32        120          0          0         44   stl_tm_cpu_1l.o
       428          4          0          0          0          0   stl_tm_cpu_1l_reg.o
       176         24        128         64          0         56   stl_tm_cpu_7.o
       300         24         12          0          0          0   stl_tm_cpu_7p_stack_ptr.o
        88         16          4          0          0         29   stl_tm_cpu_cb.o
        80          4          0          0          0          0   stl_tm_cpu_cb_sts_reg.o
       764         28          0         20          0        184   stl_tm_flash.o
       780         28         36         20          0        157   stl_tm_ram.o
       604          4          0          0          0          0   stl_tm_ram_march-c_test.o
        28          8          0          0          0         23   stl_util_core.o
        12          0          0          0          0          0   stl_util_core_asm.o
         8          0          0          0          0         68   __main.o
         0          0          0          0          0          0   __rtentry.o
        12          0          0          0          0          0   __rtentry2.o
         6          0          0          0          0          0   __rtentry4.o
        52          8          0          0          0          0   __scatter.o
        26          0          0          0          0          0   __scatter_copy.o
        28          0          0          0          0          0   __scatter_zi.o
        18          0          0          0          0         80   exit.o
         6          0          0          0          0        152   heapauxi.o
         0          0          0          0          0          0   indicate_semi.o
         2          0          0          0          0          0   libinit.o
         6          0          0          0          0          0   libinit2.o
         2          0          0          0          0          0   libshutdown.o
         2          0          0          0          0          0   libshutdown2.o
         8          4          0          0         96         68   libspace.o
        78          0          0          0          0         80   rt_memclr_w.o
       100          0          0          0          0         80   rt_memcpy_w.o
         2          0          0          0          0          0   rtexit.o
        10          0          0          0          0          0   rtexit2.o
        12          4          0          0          0         68   sys_exit.o
        74          0          0          0          0         80   sys_stackheap_outer.o
         2          0          0          0          0         68   use_no_semi.o
        26          0          0          0          0        116   fpinit.o

    ----------------------------------------------------------------------
      6168        272       1364        184         96       1937   Library Totals
         8          0          0          0          0          0   (incl. Padding)

    ----------------------------------------------------------------------

      Code (inc. data)   RO Data    RW Data    ZI Data      Debug   Library Name

      5680        256       1364        184          0       1077   STL_Lib.a
       454         16          0          0         96        744   c_wu.l
        26          0          0          0          0        116   fz_wm.l

    ----------------------------------------------------------------------
      6168        272       1364        184         96       1937   Library Totals

    ----------------------------------------------------------------------

==============================================================================


      Code (inc. data)   RO Data    RW Data    ZI Data      Debug   

     13948        342       1964        240       1724     173215   Grand Totals
     13948        342       1964        240       1724     173215   ELF Image Totals
     13948        342       1964        240          0          0   ROM Totals

==============================================================================

    Total RO  Size (Code + RO Data)                15912 (  15.54kB)
    Total RW  Size (RW Data + ZI Data)              1964 (   1.92kB)
    Total ROM Size (Code + RO Data + RW Data)      16152 (  15.77kB)

==============================================================================

