Archive member included to satisfy reference by file (symbol)

d:/program files/gcc-arm-none-eabi-10.3-2021.10/bin/../lib/gcc/arm-none-eabi/10.3.1/../../../../arm-none-eabi/lib/thumb/v7e-m+fp/hard\libc_nano.a(lib_a-exit.o)
                              d:/program files/gcc-arm-none-eabi-10.3-2021.10/bin/../lib/gcc/arm-none-eabi/10.3.1/../../../../arm-none-eabi/lib/thumb/v7e-m+fp/hard/crt0.o (exit)
d:/program files/gcc-arm-none-eabi-10.3-2021.10/bin/../lib/gcc/arm-none-eabi/10.3.1/../../../../arm-none-eabi/lib/thumb/v7e-m+fp/hard\libc_nano.a(lib_a-impure.o)
                              d:/program files/gcc-arm-none-eabi-10.3-2021.10/bin/../lib/gcc/arm-none-eabi/10.3.1/../../../../arm-none-eabi/lib/thumb/v7e-m+fp/hard\libc_nano.a(lib_a-exit.o) (_global_impure_ptr)
d:/program files/gcc-arm-none-eabi-10.3-2021.10/bin/../lib/gcc/arm-none-eabi/10.3.1/../../../../arm-none-eabi/lib/thumb/v7e-m+fp/hard\libc_nano.a(lib_a-init.o)
                              d:/program files/gcc-arm-none-eabi-10.3-2021.10/bin/../lib/gcc/arm-none-eabi/10.3.1/../../../../arm-none-eabi/lib/thumb/v7e-m+fp/hard/crt0.o (__libc_init_array)
d:/program files/gcc-arm-none-eabi-10.3-2021.10/bin/../lib/gcc/arm-none-eabi/10.3.1/../../../../arm-none-eabi/lib/thumb/v7e-m+fp/hard\libc_nano.a(lib_a-memset.o)
                              d:/program files/gcc-arm-none-eabi-10.3-2021.10/bin/../lib/gcc/arm-none-eabi/10.3.1/../../../../arm-none-eabi/lib/thumb/v7e-m+fp/hard/crt0.o (memset)
d:/program files/gcc-arm-none-eabi-10.3-2021.10/bin/../lib/gcc/arm-none-eabi/10.3.1/../../../../arm-none-eabi/lib/thumb/v7e-m+fp/hard\libnosys.a(_exit.o)
                              d:/program files/gcc-arm-none-eabi-10.3-2021.10/bin/../lib/gcc/arm-none-eabi/10.3.1/../../../../arm-none-eabi/lib/thumb/v7e-m+fp/hard\libc_nano.a(lib_a-exit.o) (_exit)

Discarded input sections

 .text          0x00000000        0x0 d:/program files/gcc-arm-none-eabi-10.3-2021.10/bin/../lib/gcc/arm-none-eabi/10.3.1/thumb/v7e-m+fp/hard/crti.o
 .data          0x00000000        0x0 d:/program files/gcc-arm-none-eabi-10.3-2021.10/bin/../lib/gcc/arm-none-eabi/10.3.1/thumb/v7e-m+fp/hard/crti.o
 .bss           0x00000000        0x0 d:/program files/gcc-arm-none-eabi-10.3-2021.10/bin/../lib/gcc/arm-none-eabi/10.3.1/thumb/v7e-m+fp/hard/crti.o
 .data          0x00000000        0x4 d:/program files/gcc-arm-none-eabi-10.3-2021.10/bin/../lib/gcc/arm-none-eabi/10.3.1/thumb/v7e-m+fp/hard/crtbegin.o
 .rodata        0x00000000       0x24 d:/program files/gcc-arm-none-eabi-10.3-2021.10/bin/../lib/gcc/arm-none-eabi/10.3.1/thumb/v7e-m+fp/hard/crtbegin.o
 .text          0x00000000       0x7c d:/program files/gcc-arm-none-eabi-10.3-2021.10/bin/../lib/gcc/arm-none-eabi/10.3.1/../../../../arm-none-eabi/lib/thumb/v7e-m+fp/hard/crt0.o
 .data          0x00000000        0x0 d:/program files/gcc-arm-none-eabi-10.3-2021.10/bin/../lib/gcc/arm-none-eabi/10.3.1/../../../../arm-none-eabi/lib/thumb/v7e-m+fp/hard/crt0.o
 .bss           0x00000000        0x0 d:/program files/gcc-arm-none-eabi-10.3-2021.10/bin/../lib/gcc/arm-none-eabi/10.3.1/../../../../arm-none-eabi/lib/thumb/v7e-m+fp/hard/crt0.o
 .ARM.extab     0x00000000        0x0 d:/program files/gcc-arm-none-eabi-10.3-2021.10/bin/../lib/gcc/arm-none-eabi/10.3.1/../../../../arm-none-eabi/lib/thumb/v7e-m+fp/hard/crt0.o
 .ARM.exidx     0x00000000       0x10 d:/program files/gcc-arm-none-eabi-10.3-2021.10/bin/../lib/gcc/arm-none-eabi/10.3.1/../../../../arm-none-eabi/lib/thumb/v7e-m+fp/hard/crt0.o
 .ARM.attributes
                0x00000000       0x1c d:/program files/gcc-arm-none-eabi-10.3-2021.10/bin/../lib/gcc/arm-none-eabi/10.3.1/../../../../arm-none-eabi/lib/thumb/v7e-m+fp/hard/crt0.o
 .text          0x00000000        0x0 build/bootload.o
 .data          0x00000000        0x0 build/bootload.o
 .bss           0x00000000        0x0 build/bootload.o
 .text.MSR_MSP  0x00000000       0x10 build/bootload.o
 .text          0x00000000        0x0 build/main.o
 .data          0x00000000        0x0 build/main.o
 .bss           0x00000000        0x0 build/main.o
 .text          0x00000000        0x0 build/gpio.o
 .data          0x00000000        0x0 build/gpio.o
 .bss           0x00000000        0x0 build/gpio.o
 .text          0x00000000        0x0 build/crc.o
 .data          0x00000000        0x0 build/crc.o
 .bss           0x00000000        0x0 build/crc.o
 .text.MX_CRC_Init
                0x00000000       0x2c build/crc.o
 .text.HAL_CRC_MspInit
                0x00000000       0x2c build/crc.o
 .text.HAL_CRC_MspDeInit
                0x00000000       0x20 build/crc.o
 .bss.hcrc      0x00000000       0x24 build/crc.o
 .debug_info    0x00000000      0x61a build/crc.o
 .debug_abbrev  0x00000000      0x198 build/crc.o
 .debug_loc     0x00000000       0x4c build/crc.o
 .debug_aranges
                0x00000000       0x30 build/crc.o
 .debug_ranges  0x00000000       0x20 build/crc.o
 .debug_line    0x00000000      0x232 build/crc.o
 .debug_str     0x00000000      0x50d build/crc.o
[...]
Memory Configuration

Name             Origin             Length             Attributes
RAM              0x20000000         0x00020000         xrw
FLASH            0x08000000         0x00080000         xr
*default*        0x00000000         0xffffffff

Linker script and memory map

LOAD d:/program files/gcc-arm-none-eabi-10.3-2021.10/bin/../lib/gcc/arm-none-eabi/10.3.1/thumb/v7e-m+fp/hard/crti.o
LOAD d:/program files/gcc-arm-none-eabi-10.3-2021.10/bin/../lib/gcc/arm-none-eabi/10.3.1/thumb/v7e-m+fp/hard/crtbegin.o
LOAD d:/program files/gcc-arm-none-eabi-10.3-2021.10/bin/../lib/gcc/arm-none-eabi/10.3.1/../../../../arm-none-eabi/lib/thumb/v7e-m+fp/hard/crt0.o
LOAD build/bootload.o
LOAD build/main.o
LOAD build/gpio.o
LOAD build/crc.o
LOAD build/iwdg.o
LOAD build/rtc.o
LOAD build/tim.o
LOAD build/stm32g4xx_it.o
LOAD build/stm32g4xx_hal_msp.o
LOAD build/system_stm32g4xx.o
LOAD build/stm32g4xx_hal_crc.o
LOAD build/stm32g4xx_hal_crc_ex.o
LOAD build/stm32g4xx_hal.o
LOAD build/stm32g4xx_hal_rcc.o
LOAD build/stm32g4xx_hal_rcc_ex.o
LOAD build/stm32g4xx_hal_flash.o
LOAD build/stm32g4xx_hal_flash_ex.o
LOAD build/stm32g4xx_hal_flash_ramfunc.o
LOAD build/stm32g4xx_hal_gpio.o
LOAD build/stm32g4xx_hal_exti.o
LOAD build/stm32g4xx_hal_dma.o
LOAD build/stm32g4xx_hal_dma_ex.o
LOAD build/stm32g4xx_hal_pwr.o
LOAD build/stm32g4xx_hal_pwr_ex.o
LOAD build/stm32g4xx_hal_cortex.o
LOAD build/stm32g4xx_hal_iwdg.o
LOAD build/stm32g4xx_hal_rtc.o
LOAD build/stm32g4xx_hal_rtc_ex.o
LOAD build/stm32g4xx_hal_tim.o
LOAD build/stm32g4xx_hal_tim_ex.o
LOAD build/startup_stm32g473xx.o
LOAD d:/program files/gcc-arm-none-eabi-10.3-2021.10/bin/../lib/gcc/arm-none-eabi/10.3.1/../../../../arm-none-eabi/lib/thumb/v7e-m+fp/hard\libc_nano.a
LOAD d:/program files/gcc-arm-none-eabi-10.3-2021.10/bin/../lib/gcc/arm-none-eabi/10.3.1/../../../../arm-none-eabi/lib/thumb/v7e-m+fp/hard\libm.a
LOAD d:/program files/gcc-arm-none-eabi-10.3-2021.10/bin/../lib/gcc/arm-none-eabi/10.3.1/../../../../arm-none-eabi/lib/thumb/v7e-m+fp/hard\libnosys.a
START GROUP
LOAD d:/program files/gcc-arm-none-eabi-10.3-2021.10/bin/../lib/gcc/arm-none-eabi/10.3.1/thumb/v7e-m+fp/hard\libgcc.a
LOAD d:/program files/gcc-arm-none-eabi-10.3-2021.10/bin/../lib/gcc/arm-none-eabi/10.3.1/../../../../arm-none-eabi/lib/thumb/v7e-m+fp/hard\libc_nano.a
END GROUP
START GROUP
LOAD d:/program files/gcc-arm-none-eabi-10.3-2021.10/bin/../lib/gcc/arm-none-eabi/10.3.1/thumb/v7e-m+fp/hard\libgcc.a
LOAD d:/program files/gcc-arm-none-eabi-10.3-2021.10/bin/../lib/gcc/arm-none-eabi/10.3.1/../../../../arm-none-eabi/lib/thumb/v7e-m+fp/hard\libc_nano.a
END GROUP
LOAD d:/program files/gcc-arm-none-eabi-10.3-2021.10/bin/../lib/gcc/arm-none-eabi/10.3.1/thumb/v7e-m+fp/hard/crtend.o
LOAD d:/program files/gcc-arm-none-eabi-10.3-2021.10/bin/../lib/gcc/arm-none-eabi/10.3.1/thumb/v7e-m+fp/hard/crtn.o
                0x20020000                _estack = (ORIGIN (RAM) + LENGTH (RAM))
                0x00000200                _Min_Heap_Size = 0x200
                0x00000400                _Min_Stack_Size = 0x400

.isr_vector     0x08000000      0x1d8
                0x08000000                . = ALIGN (0x4)
 *(.isr_vector)
 .isr_vector    0x08000000      0x1d8 build/startup_stm32g473xx.o
                0x08000000                g_pfnVectors
                0x080001d8                . = ALIGN (0x4)

.text           0x080001d8      0xf10
                0x080001d8                . = ALIGN (0x4)
 *(.text)
 .text          0x080001d8       0x40 d:/program files/gcc-arm-none-eabi-10.3-2021.10/bin/../lib/gcc/arm-none-eabi/10.3.1/thumb/v7e-m+fp/hard/crtbegin.o
 *(.text*)
 .text.iap_load_app
                0x08000218       0x64 build/bootload.o
                0x08000218                iap_load_app
 .text.Error_Handler
                0x0800027c        0x4 build/main.o
                0x0800027c                Error_Handler
 .text.SystemClock_Config
                0x08000280       0x72 build/main.o
                0x08000280                SystemClock_Config
 .text.main     0x080002f2       0x14 build/main.o
                0x080002f2                main
 *fill*         0x08000306        0x2 
 .text.MX_GPIO_Init
                0x08000308       0x74 build/gpio.o
                0x08000308                MX_GPIO_Init
 .text.NMI_Handler
                0x0800037c        0x2 build/stm32g4xx_it.o
                0x0800037c                NMI_Handler
 .text.HardFault_Handler
                0x0800037e        0x2 build/stm32g4xx_it.o
                0x0800037e                HardFault_Handler
 .text.MemManage_Handler
                0x08000380        0x2 build/stm32g4xx_it.o
                0x08000380                MemManage_Handler
 .text.BusFault_Handler
                0x08000382        0x2 build/stm32g4xx_it.o
                0x08000382                BusFault_Handler
 .text.UsageFault_Handler
                0x08000384        0x2 build/stm32g4xx_it.o
                0x08000384                UsageFault_Handler
 .text.SVC_Handler
                0x08000386        0x2 build/stm32g4xx_it.o
                0x08000386                SVC_Handler
 .text.DebugMon_Handler
                0x08000388        0x2 build/stm32g4xx_it.o
                0x08000388                DebugMon_Handler
 .text.PendSV_Handler
                0x0800038a        0x2 build/stm32g4xx_it.o
                0x0800038a                PendSV_Handler
 .text.SysTick_Handler
                0x0800038c        0x8 build/stm32g4xx_it.o
                0x0800038c                SysTick_Handler
 .text.HAL_MspInit
                0x08000394       0x38 build/stm32g4xx_hal_msp.o
                0x08000394                HAL_MspInit
 .text.SystemInit
                0x080003cc       0x14 build/system_stm32g4xx.o
                0x080003cc                SystemInit
 .text.HAL_InitTick
                0x080003e0       0x50 build/stm32g4xx_hal.o
                0x080003e0                HAL_InitTick
 .text.HAL_Init
                0x08000430       0x1e build/stm32g4xx_hal.o
                0x08000430                HAL_Init
 *fill*         0x0800044e        0x2 
 .text.HAL_IncTick
                0x08000450       0x18 build/stm32g4xx_hal.o
                0x08000450                HAL_IncTick
 .text.HAL_GetTick
                0x08000468        0xc build/stm32g4xx_hal.o
                0x08000468                HAL_GetTick
 .text.HAL_Delay
                0x08000474       0x28 build/stm32g4xx_hal.o
                0x08000474                HAL_Delay
 .text.RCC_GetSysClockFreqFromPLLSource
                0x0800049c       0x58 build/stm32g4xx_hal_rcc.o
 .text.HAL_RCC_OscConfig
                0x080004f4      0x4e8 build/stm32g4xx_hal_rcc.o
                0x080004f4                HAL_RCC_OscConfig
 .text.HAL_RCC_GetSysClockFreq
                0x080009dc       0x88 build/stm32g4xx_hal_rcc.o
                0x080009dc                HAL_RCC_GetSysClockFreq
 .text.HAL_RCC_ClockConfig
                0x08000a64      0x1f8 build/stm32g4xx_hal_rcc.o
                0x08000a64                HAL_RCC_ClockConfig
 .text.HAL_GPIO_Init
                0x08000c5c      0x1d4 build/stm32g4xx_hal_gpio.o
                0x08000c5c                HAL_GPIO_Init
 .text.HAL_GPIO_WritePin
                0x08000e30        0xa build/stm32g4xx_hal_gpio.o
                0x08000e30                HAL_GPIO_WritePin
 .text.HAL_GPIO_TogglePin
                0x08000e3a       0x12 build/stm32g4xx_hal_gpio.o
                0x08000e3a                HAL_GPIO_TogglePin
 .text.HAL_PWREx_ControlVoltageScaling
                0x08000e4c      0x10c build/stm32g4xx_hal_pwr_ex.o
                0x08000e4c                HAL_PWREx_ControlVoltageScaling
 .text.HAL_PWREx_DisableUCPDDeadBattery
                0x08000f58       0x10 build/stm32g4xx_hal_pwr_ex.o
                0x08000f58                HAL_PWREx_DisableUCPDDeadBattery
 .text.HAL_NVIC_SetPriorityGrouping
                0x08000f68       0x24 build/stm32g4xx_hal_cortex.o
                0x08000f68                HAL_NVIC_SetPriorityGrouping
 .text.HAL_NVIC_SetPriority
                0x08000f8c       0x70 build/stm32g4xx_hal_cortex.o
                0x08000f8c                HAL_NVIC_SetPriority
 .text.HAL_SYSTICK_Config
                0x08000ffc       0x28 build/stm32g4xx_hal_cortex.o
                0x08000ffc                HAL_SYSTICK_Config
 .text.Reset_Handler
                0x08001024       0x50 build/startup_stm32g473xx.o
                0x08001024                Reset_Handler
 .text.Default_Handler
                0x08001074        0x2 build/startup_stm32g473xx.o
                0x08001074                RTC_Alarm_IRQHandler
                0x08001074                EXTI2_IRQHandler
                0x08001074                TIM8_TRG_COM_IRQHandler
                0x08001074                TIM8_CC_IRQHandler
                0x08001074                SPI4_IRQHandler
                0x08001074                FDCAN3_IT0_IRQHandler
                0x08001074                TIM1_CC_IRQHandler
                0x08001074                USB_HP_IRQHandler
                0x08001074                CORDIC_IRQHandler
                0x08001074                DMA2_Channel8_IRQHandler
                0x08001074                EXTI3_IRQHandler
                0x08001074                I2C3_ER_IRQHandler
                0x08001074                EXTI0_IRQHandler
                0x08001074                I2C2_EV_IRQHandler
                0x08001074                FPU_IRQHandler
                0x08001074                FDCAN1_IT1_IRQHandler
                0x08001074                TIM1_UP_TIM16_IRQHandler
                0x08001074                ADC1_2_IRQHandler
                0x08001074                SPI1_IRQHandler
                0x08001074                TIM6_DAC_IRQHandler
                0x08001074                TIM8_UP_IRQHandler
                0x08001074                DMA2_Channel2_IRQHandler
                0x08001074                DMA1_Channel4_IRQHandler
                0x08001074                TIM20_TRG_COM_IRQHandler
                0x08001074                USART3_IRQHandler
                0x08001074                DMA1_Channel7_IRQHandler
                0x08001074                UART5_IRQHandler
                0x08001074                ADC3_IRQHandler
                0x08001074                TIM4_IRQHandler
                0x08001074                DMA2_Channel1_IRQHandler
                0x08001074                QUADSPI_IRQHandler
                0x08001074                I2C1_EV_IRQHandler
                0x08001074                DMA1_Channel6_IRQHandler
                0x08001074                UART4_IRQHandler
                0x08001074                DMA2_Channel4_IRQHandler
                0x08001074                TIM3_IRQHandler
                0x08001074                RCC_IRQHandler
                0x08001074                TIM20_UP_IRQHandler
                0x08001074                DMA1_Channel1_IRQHandler
                0x08001074                Default_Handler
                0x08001074                DMA2_Channel7_IRQHandler
                0x08001074                RTC_TAMP_LSECSS_IRQHandler
                0x08001074                FMAC_IRQHandler
                0x08001074                EXTI15_10_IRQHandler
                0x08001074                DMA1_Channel8_IRQHandler
                0x08001074                TIM7_DAC_IRQHandler
                0x08001074                FDCAN3_IT1_IRQHandler
                0x08001074                TIM5_IRQHandler
                0x08001074                UCPD1_IRQHandler
                0x08001074                I2C3_EV_IRQHandler
                0x08001074                EXTI9_5_IRQHandler
                0x08001074                RTC_WKUP_IRQHandler
                0x08001074                PVD_PVM_IRQHandler
                0x08001074                SPI2_IRQHandler
                0x08001074                ADC5_IRQHandler
                0x08001074                DMA2_Channel5_IRQHandler
                0x08001074                CRS_IRQHandler
                0x08001074                DMA1_Channel5_IRQHandler
                0x08001074                USB_LP_IRQHandler
                0x08001074                EXTI4_IRQHandler
                0x08001074                RNG_IRQHandler
                0x08001074                TIM1_TRG_COM_TIM17_IRQHandler
                0x08001074                FDCAN2_IT1_IRQHandler
                0x08001074                DMA1_Channel3_IRQHandler
                0x08001074                ADC4_IRQHandler
                0x08001074                WWDG_IRQHandler
                0x08001074                I2C4_EV_IRQHandler
                0x08001074                FDCAN2_IT0_IRQHandler
                0x08001074                LPUART1_IRQHandler
                0x08001074                DMA2_Channel6_IRQHandler
                0x08001074                FDCAN1_IT0_IRQHandler
                0x08001074                TIM2_IRQHandler
                0x08001074                COMP7_IRQHandler
                0x08001074                COMP1_2_3_IRQHandler
                0x08001074                EXTI1_IRQHandler
                0x08001074                USART2_IRQHandler
                0x08001074                COMP4_5_6_IRQHandler
                0x08001074                TIM20_BRK_IRQHandler
                0x08001074                I2C2_ER_IRQHandler
                0x08001074                DMA1_Channel2_IRQHandler
                0x08001074                TIM8_BRK_IRQHandler
                0x08001074                FLASH_IRQHandler
                0x08001074                TIM20_CC_IRQHandler
                0x08001074                USART1_IRQHandler
                0x08001074                SPI3_IRQHandler
                0x08001074                I2C1_ER_IRQHandler
                0x08001074                FMC_IRQHandler
                0x08001074                LPTIM1_IRQHandler
                0x08001074                DMAMUX_OVR_IRQHandler
                0x08001074                I2C4_ER_IRQHandler
                0x08001074                USBWakeUp_IRQHandler
                0x08001074                SAI1_IRQHandler
                0x08001074                DMA2_Channel3_IRQHandler
                0x08001074                TIM1_BRK_TIM15_IRQHandler
 *fill*         0x08001076        0x2 
 .text.__libc_init_array
                0x08001078       0x48 d:/program files/gcc-arm-none-eabi-10.3-2021.10/bin/../lib/gcc/arm-none-eabi/10.3.1/../../../../arm-none-eabi/lib/thumb/v7e-m+fp/hard\libc_nano.a(lib_a-init.o)
                0x08001078                __libc_init_array
 .text.memset   0x080010c0       0x10 d:/program files/gcc-arm-none-eabi-10.3-2021.10/bin/../lib/gcc/arm-none-eabi/10.3.1/../../../../arm-none-eabi/lib/thumb/v7e-m+fp/hard\libc_nano.a(lib_a-memset.o)
                0x080010c0                memset
 *(.glue_7)
 .glue_7        0x080010d0        0x0 linker stubs
 *(.glue_7t)
 .glue_7t       0x080010d0        0x0 linker stubs
 *(.eh_frame)
 .eh_frame      0x080010d0        0x0 d:/program files/gcc-arm-none-eabi-10.3-2021.10/bin/../lib/gcc/arm-none-eabi/10.3.1/thumb/v7e-m+fp/hard/crtbegin.o
 *(.init)
 .init          0x080010d0        0x4 d:/program files/gcc-arm-none-eabi-10.3-2021.10/bin/../lib/gcc/arm-none-eabi/10.3.1/thumb/v7e-m+fp/hard/crti.o
                0x080010d0                _init
 .init          0x080010d4        0x8 d:/program files/gcc-arm-none-eabi-10.3-2021.10/bin/../lib/gcc/arm-none-eabi/10.3.1/thumb/v7e-m+fp/hard/crtn.o
 *(.fini)
 .fini          0x080010dc        0x4 d:/program files/gcc-arm-none-eabi-10.3-2021.10/bin/../lib/gcc/arm-none-eabi/10.3.1/thumb/v7e-m+fp/hard/crti.o
                0x080010dc                _fini
 .fini          0x080010e0        0x8 d:/program files/gcc-arm-none-eabi-10.3-2021.10/bin/../lib/gcc/arm-none-eabi/10.3.1/thumb/v7e-m+fp/hard/crtn.o
                0x080010e8                . = ALIGN (0x4)
                0x080010e8                _etext = .

.vfp11_veneer   0x080010e8        0x0
 .vfp11_veneer  0x080010e8        0x0 linker stubs

.v4_bx          0x080010e8        0x0
 .v4_bx         0x080010e8        0x0 linker stubs

.iplt           0x080010e8        0x0
 .iplt          0x080010e8        0x0 d:/program files/gcc-arm-none-eabi-10.3-2021.10/bin/../lib/gcc/arm-none-eabi/10.3.1/thumb/v7e-m+fp/hard/crtbegin.o

.rodata         0x080010e8       0x10
                0x080010e8                . = ALIGN (0x4)
 *(.rodata)
 *(.rodata*)
 .rodata.AHBPrescTable
                0x080010e8       0x10 build/system_stm32g4xx.o
                0x080010e8                AHBPrescTable
                0x080010f8                . = ALIGN (0x4)

.rel.dyn        0x080010f8        0x0
 .rel.iplt      0x080010f8        0x0 d:/program files/gcc-arm-none-eabi-10.3-2021.10/bin/../lib/gcc/arm-none-eabi/10.3.1/thumb/v7e-m+fp/hard/crtbegin.o

.ARM.extab
 *(.ARM.extab* .gnu.linkonce.armextab.*)

.ARM            0x080010f8        0x0
                0x080010f8                __exidx_start = .
 *(.ARM.exidx*)
                0x080010f8                __exidx_end = .

.preinit_array  0x080010f8        0x0
                0x080010f8                PROVIDE (__preinit_array_start = .)
 *(.preinit_array*)
                0x080010f8                PROVIDE (__preinit_array_end = .)

.init_array     0x080010f8        0x4
                0x080010f8                PROVIDE (__init_array_start = .)
 *(SORT_BY_NAME(.init_array.*))
 *(.init_array*)
 .init_array    0x080010f8        0x4 d:/program files/gcc-arm-none-eabi-10.3-2021.10/bin/../lib/gcc/arm-none-eabi/10.3.1/thumb/v7e-m+fp/hard/crtbegin.o
                0x080010fc                PROVIDE (__init_array_end = .)

.fini_array     0x080010fc        0x4
                [!provide]                PROVIDE (__fini_array_start = .)
 *(SORT_BY_NAME(.fini_array.*))
 *(.fini_array*)
 .fini_array    0x080010fc        0x4 d:/program files/gcc-arm-none-eabi-10.3-2021.10/bin/../lib/gcc/arm-none-eabi/10.3.1/thumb/v7e-m+fp/hard/crtbegin.o
                [!provide]                PROVIDE (__fini_array_end = .)
                0x08001100                _sidata = LOADADDR (.data)

.data           0x20000000        0xc load address 0x08001100
                0x20000000                . = ALIGN (0x4)
                0x20000000                _sdata = .
 *(.data)
 *(.data*)
 .data.SystemCoreClock
                0x20000000        0x4 build/system_stm32g4xx.o
                0x20000000                SystemCoreClock
 .data.uwTickFreq
                0x20000004        0x4 build/stm32g4xx_hal.o
                0x20000004                uwTickFreq
 .data.uwTickPrio
                0x20000008        0x4 build/stm32g4xx_hal.o
                0x20000008                uwTickPrio
                0x2000000c                . = ALIGN (0x4)
                0x2000000c                _edata = .

.igot.plt       0x2000000c        0x0 load address 0x0800110c
 .igot.plt      0x2000000c        0x0 d:/program files/gcc-arm-none-eabi-10.3-2021.10/bin/../lib/gcc/arm-none-eabi/10.3.1/thumb/v7e-m+fp/hard/crtbegin.o
                0x2000000c                . = ALIGN (0x4)

.bss            0x2000000c       0x20 load address 0x0800110c
                0x2000000c                _sbss = .
                0x2000000c                __bss_start__ = _sbss
 *(.bss)
 .bss           0x2000000c       0x1c d:/program files/gcc-arm-none-eabi-10.3-2021.10/bin/../lib/gcc/arm-none-eabi/10.3.1/thumb/v7e-m+fp/hard/crtbegin.o
 *(.bss*)
 .bss.uwTick    0x20000028        0x4 build/stm32g4xx_hal.o
                0x20000028                uwTick
 *(COMMON)
                0x2000002c                . = ALIGN (0x4)
                0x2000002c                _ebss = .
                0x2000002c                __bss_end__ = _ebss

._user_heap_stack
                0x2000002c      0x604 load address 0x0800110c
                0x20000030                . = ALIGN (0x8)
 *fill*         0x2000002c        0x4 
                [!provide]                PROVIDE (end = .)
                [!provide]                PROVIDE (_end = .)
                0x20000230                . = (. + _Min_Heap_Size)
 *fill*         0x20000030      0x200 
                0x20000630                . = (. + _Min_Stack_Size)
 *fill*         0x20000230      0x400 
                0x20000630                . = ALIGN (0x8)

/DISCARD/
 libc.a(*)
 libm.a(*)
 libgcc.a(*)

.ARM.attributes
                0x00000000       0x30
 *(.ARM.attributes)
 .ARM.attributes
                0x00000000       0x1e d:/program files/gcc-arm-none-eabi-10.3-2021.10/bin/../lib/gcc/arm-none-eabi/10.3.1/thumb/v7e-m+fp/hard/crti.o
 .ARM.attributes
                0x0000001e       0x34 d:/program files/gcc-arm-none-eabi-10.3-2021.10/bin/../lib/gcc/arm-none-eabi/10.3.1/thumb/v7e-m+fp/hard/crtbegin.o
 .ARM.attributes
                0x00000052       0x34 build/bootload.o
 .ARM.attributes
                0x00000086       0x34 build/main.o
 .ARM.attributes
                0x000000ba       0x34 build/gpio.o
 .ARM.attributes
                0x000000ee       0x34 build/stm32g4xx_it.o
 .ARM.attributes
                0x00000122       0x34 build/stm32g4xx_hal_msp.o
 .ARM.attributes
                0x00000156       0x34 build/system_stm32g4xx.o
 .ARM.attributes
                0x0000018a       0x34 build/stm32g4xx_hal.o
 .ARM.attributes
                0x000001be       0x34 build/stm32g4xx_hal_rcc.o
 .ARM.attributes
                0x000001f2       0x34 build/stm32g4xx_hal_gpio.o
 .ARM.attributes
                0x00000226       0x34 build/stm32g4xx_hal_pwr_ex.o
 .ARM.attributes
                0x0000025a       0x34 build/stm32g4xx_hal_cortex.o
 .ARM.attributes
                0x0000028e       0x21 build/startup_stm32g473xx.o
 .ARM.attributes
                0x000002af       0x34 d:/program files/gcc-arm-none-eabi-10.3-2021.10/bin/../lib/gcc/arm-none-eabi/10.3.1/../../../../arm-none-eabi/lib/thumb/v7e-m+fp/hard\libc_nano.a(lib_a-init.o)
 .ARM.attributes
                0x000002e3       0x34 d:/program files/gcc-arm-none-eabi-10.3-2021.10/bin/../lib/gcc/arm-none-eabi/10.3.1/../../../../arm-none-eabi/lib/thumb/v7e-m+fp/hard\libc_nano.a(lib_a-memset.o)
 .ARM.attributes
                0x00000317       0x1e d:/program files/gcc-arm-none-eabi-10.3-2021.10/bin/../lib/gcc/arm-none-eabi/10.3.1/thumb/v7e-m+fp/hard/crtn.o
OUTPUT(build/G473ZET6.elf elf32-littlearm)
LOAD linker stubs
LOAD d:/program files/gcc-arm-none-eabi-10.3-2021.10/bin/../lib/gcc/arm-none-eabi/10.3.1/../../../../arm-none-eabi/lib/thumb/v7e-m+fp/hard\libc.a
LOAD d:/program files/gcc-arm-none-eabi-10.3-2021.10/bin/../lib/gcc/arm-none-eabi/10.3.1/../../../../arm-none-eabi/lib/thumb/v7e-m+fp/hard\libm.a
LOAD d:/program files/gcc-arm-none-eabi-10.3-2021.10/bin/../lib/gcc/arm-none-eabi/10.3.1/thumb/v7e-m+fp/hard\libgcc.a

.debug_info     0x00000000     0x5b10
 .debug_info    0x00000000      0x32f build/bootload.o
 .debug_info    0x0000032f      0x3b4 build/main.o
 .debug_info    0x000006e3      0x56a build/gpio.o
 .debug_info    0x00000c4d      0x15b build/stm32g4xx_it.o
 .debug_info    0x00000da8      0x3a1 build/stm32g4xx_hal_msp.o
 .debug_info    0x00001149      0x649 build/system_stm32g4xx.o
 .debug_info    0x00001792      0xd1d build/stm32g4xx_hal.o
 .debug_info    0x000024af     0x104b build/stm32g4xx_hal_rcc.o
 .debug_info    0x000034fa      0x92d build/stm32g4xx_hal_gpio.o
 .debug_info    0x00003e27      0xb20 build/stm32g4xx_hal_pwr_ex.o
 .debug_info    0x00004947     0x11a7 build/stm32g4xx_hal_cortex.o
 .debug_info    0x00005aee       0x22 build/startup_stm32g473xx.o

.debug_abbrev   0x00000000     0x140d
 .debug_abbrev  0x00000000      0x1b9 build/bootload.o
 .debug_abbrev  0x000001b9      0x174 build/main.o
 .debug_abbrev  0x0000032d      0x151 build/gpio.o
 .debug_abbrev  0x0000047e       0x81 build/stm32g4xx_it.o
 .debug_abbrev  0x000004ff       0xd9 build/stm32g4xx_hal_msp.o
 .debug_abbrev  0x000005d8      0x11b build/system_stm32g4xx.o
 .debug_abbrev  0x000006f3      0x25d build/stm32g4xx_hal.o
 .debug_abbrev  0x00000950      0x2ac build/stm32g4xx_hal_rcc.o
 .debug_abbrev  0x00000bfc      0x222 build/stm32g4xx_hal_gpio.o
 .debug_abbrev  0x00000e1e      0x264 build/stm32g4xx_hal_pwr_ex.o
 .debug_abbrev  0x00001082      0x379 build/stm32g4xx_hal_cortex.o
 .debug_abbrev  0x000013fb       0x12 build/startup_stm32g473xx.o

.debug_loc      0x00000000     0x24c8
 .debug_loc     0x00000000       0xa5 build/bootload.o
 .debug_loc     0x000000a5       0x66 build/main.o
 .debug_loc     0x0000010b       0x38 build/gpio.o
 .debug_loc     0x00000143       0x20 build/stm32g4xx_it.o
 .debug_loc     0x00000163       0x38 build/stm32g4xx_hal_msp.o
 .debug_loc     0x0000019b       0x9d build/system_stm32g4xx.o
 .debug_loc     0x00000238      0x2af build/stm32g4xx_hal.o
 .debug_loc     0x000004e7      0x999 build/stm32g4xx_hal_rcc.o
 .debug_loc     0x00000e80      0x46f build/stm32g4xx_hal_gpio.o
 .debug_loc     0x000012ef      0xa43 build/stm32g4xx_hal_pwr_ex.o
 .debug_loc     0x00001d32      0x796 build/stm32g4xx_hal_cortex.o

.debug_aranges  0x00000000      0x550
 .debug_aranges
                0x00000000       0x28 build/bootload.o
 .debug_aranges
                0x00000028       0x30 build/main.o
 .debug_aranges
                0x00000058       0x20 build/gpio.o
 .debug_aranges
                0x00000078       0x60 build/stm32g4xx_it.o
 .debug_aranges
                0x000000d8       0x20 build/stm32g4xx_hal_msp.o
 .debug_aranges
                0x000000f8       0x28 build/system_stm32g4xx.o
 .debug_aranges
                0x00000120      0x130 build/stm32g4xx_hal.o
 .debug_aranges
                0x00000250       0x98 build/stm32g4xx_hal_rcc.o
 .debug_aranges
                0x000002e8       0x58 build/stm32g4xx_hal_gpio.o
 .debug_aranges
                0x00000340      0x140 build/stm32g4xx_hal_pwr_ex.o
 .debug_aranges
                0x00000480       0xa8 build/stm32g4xx_hal_cortex.o
 .debug_aranges
                0x00000528       0x28 build/startup_stm32g473xx.o

.debug_ranges   0x00000000      0x510
 .debug_ranges  0x00000000       0x18 build/bootload.o
 .debug_ranges  0x00000018       0x20 build/main.o
 .debug_ranges  0x00000038       0x10 build/gpio.o
 .debug_ranges  0x00000048       0x50 build/stm32g4xx_it.o
 .debug_ranges  0x00000098       0x10 build/stm32g4xx_hal_msp.o
 .debug_ranges  0x000000a8       0x18 build/system_stm32g4xx.o
 .debug_ranges  0x000000c0      0x120 build/stm32g4xx_hal.o
 .debug_ranges  0x000001e0       0xa0 build/stm32g4xx_hal_rcc.o
 .debug_ranges  0x00000280       0x48 build/stm32g4xx_hal_gpio.o
 .debug_ranges  0x000002c8      0x130 build/stm32g4xx_hal_pwr_ex.o
 .debug_ranges  0x000003f8       0xf8 build/stm32g4xx_hal_cortex.o
 .debug_ranges  0x000004f0       0x20 build/startup_stm32g473xx.o

.debug_line     0x00000000     0x3928
 .debug_line    0x00000000      0x277 build/bootload.o
 .debug_line    0x00000277      0x2d1 build/main.o
 .debug_line    0x00000548      0x1ab build/gpio.o
 .debug_line    0x000006f3      0x174 build/stm32g4xx_it.o
 .debug_line    0x00000867      0x18c build/stm32g4xx_hal_msp.o
 .debug_line    0x000009f3      0x232 build/system_stm32g4xx.o
 .debug_line    0x00000c25      0x678 build/stm32g4xx_hal.o
 .debug_line    0x0000129d      0xdd9 build/stm32g4xx_hal_rcc.o
 .debug_line    0x00002076      0x678 build/stm32g4xx_hal_gpio.o
 .debug_line    0x000026ee      0xa6b build/stm32g4xx_hal_pwr_ex.o
 .debug_line    0x00003159      0x758 build/stm32g4xx_hal_cortex.o
 .debug_line    0x000038b1       0x77 build/startup_stm32g473xx.o

.debug_str      0x00000000     0x1edc
 .debug_str     0x00000000      0x227 build/bootload.o
                                0x26d (size before relaxing)
 .debug_str     0x00000227      0x1e6 build/main.o
                                0x39f (size before relaxing)
 .debug_str     0x0000040d      0x1d1 build/gpio.o
                                0x3c9 (size before relaxing)
 .debug_str     0x000005de       0xaf build/stm32g4xx_it.o
                                0x236 (size before relaxing)
 .debug_str     0x0000068d       0x45 build/stm32g4xx_hal_msp.o
                                0x339 (size before relaxing)
 .debug_str     0x000006d2       0xdd build/system_stm32g4xx.o
                                0x3d2 (size before relaxing)
 .debug_str     0x000007af      0xa21 build/stm32g4xx_hal.o
                                0xd95 (size before relaxing)
 .debug_str     0x000011d0      0x2ef build/stm32g4xx_hal_rcc.o
                                0x865 (size before relaxing)
 .debug_str     0x000014bf      0x11e build/stm32g4xx_hal_gpio.o
                                0x550 (size before relaxing)
 .debug_str     0x000015dd      0x47f build/stm32g4xx_hal_pwr_ex.o
                                0x7f2 (size before relaxing)
 .debug_str     0x00001a5c      0x45c build/stm32g4xx_hal_cortex.o
                                0xce4 (size before relaxing)
 .debug_str     0x00001eb8       0x24 build/startup_stm32g473xx.o
                                 0x76 (size before relaxing)

.comment        0x00000000       0x49
 .comment       0x00000000       0x49 build/bootload.o
                                 0x4a (size before relaxing)
 .comment       0x00000049       0x4a build/main.o
 .comment       0x00000049       0x4a build/gpio.o
 .comment       0x00000049       0x4a build/stm32g4xx_it.o
 .comment       0x00000049       0x4a build/stm32g4xx_hal_msp.o
 .comment       0x00000049       0x4a build/system_stm32g4xx.o
 .comment       0x00000049       0x4a build/stm32g4xx_hal.o
 .comment       0x00000049       0x4a build/stm32g4xx_hal_rcc.o
 .comment       0x00000049       0x4a build/stm32g4xx_hal_gpio.o
 .comment       0x00000049       0x4a build/stm32g4xx_hal_pwr_ex.o
 .comment       0x00000049       0x4a build/stm32g4xx_hal_cortex.o

.debug_frame    0x00000000      0xaa0
 .debug_frame   0x00000000       0x3c build/bootload.o
 .debug_frame   0x0000003c       0x58 build/main.o
 .debug_frame   0x00000094       0x30 build/gpio.o
 .debug_frame   0x000000c4       0xa8 build/stm32g4xx_it.o
 .debug_frame   0x0000016c       0x2c build/stm32g4xx_hal_msp.o
 .debug_frame   0x00000198       0x30 build/system_stm32g4xx.o
 .debug_frame   0x000001c8      0x274 build/stm32g4xx_hal.o
 .debug_frame   0x0000043c      0x198 build/stm32g4xx_hal_rcc.o
 .debug_frame   0x000005d4       0xd0 build/stm32g4xx_hal_gpio.o
 .debug_frame   0x000006a4      0x268 build/stm32g4xx_hal_pwr_ex.o
 .debug_frame   0x0000090c      0x148 build/stm32g4xx_hal_cortex.o
 .debug_frame   0x00000a54       0x2c d:/program files/gcc-arm-none-eabi-10.3-2021.10/bin/../lib/gcc/arm-none-eabi/10.3.1/../../../../arm-none-eabi/lib/thumb/v7e-m+fp/hard\libc_nano.a(lib_a-init.o)
 .debug_frame   0x00000a80       0x20 d:/program files/gcc-arm-none-eabi-10.3-2021.10/bin/../lib/gcc/arm-none-eabi/10.3.1/../../../../arm-none-eabi/lib/thumb/v7e-m+fp/hard\libc_nano.a(lib_a-memset.o)

Cross Reference Table

Symbol                                            File
ADC1_2_IRQHandler                                 build/startup_stm32g473xx.o
ADC3_IRQHandler                                   build/startup_stm32g473xx.o
ADC4_IRQHandler                                   build/startup_stm32g473xx.o
ADC5_IRQHandler                                   build/startup_stm32g473xx.o
AHBPrescTable                                     build/system_stm32g4xx.o
                                                  build/stm32g4xx_hal_rcc.o
APBPrescTable                                     build/system_stm32g4xx.o
                                                  build/stm32g4xx_hal_rcc.o
BusFault_Handler                                  build/stm32g4xx_it.o
COMP1_2_3_IRQHandler                              build/startup_stm32g473xx.o
COMP4_5_6_IRQHandler                              build/startup_stm32g473xx.o
COMP7_IRQHandler                                  build/startup_stm32g473xx.o
CORDIC_IRQHandler                                 build/startup_stm32g473xx.o
CRS_IRQHandler                                    build/startup_stm32g473xx.o
DMA1_Channel1_IRQHandler                          build/startup_stm32g473xx.o
DMA1_Channel2_IRQHandler                          build/startup_stm32g473xx.o
DMA1_Channel3_IRQHandler                          build/startup_stm32g473xx.o
DMA1_Channel4_IRQHandler                          build/startup_stm32g473xx.o
DMA1_Channel5_IRQHandler                          build/startup_stm32g473xx.o
DMA1_Channel6_IRQHandler                          build/startup_stm32g473xx.o
DMA1_Channel7_IRQHandler                          build/startup_stm32g473xx.o
DMA1_Channel8_IRQHandler                          build/startup_stm32g473xx.o
DMA2_Channel1_IRQHandler                          build/startup_stm32g473xx.o
DMA2_Channel2_IRQHandler                          build/startup_stm32g473xx.o
DMA2_Channel3_IRQHandler                          build/startup_stm32g473xx.o
DMA2_Channel4_IRQHandler                          build/startup_stm32g473xx.o
DMA2_Channel5_IRQHandler                          build/startup_stm32g473xx.o
DMA2_Channel6_IRQHandler                          build/startup_stm32g473xx.o
DMA2_Channel7_IRQHandler                          build/startup_stm32g473xx.o
DMA2_Channel8_IRQHandler                          build/startup_stm32g473xx.o
DMAMUX_OVR_IRQHandler                             build/startup_stm32g473xx.o
DebugMon_Handler                                  build/stm32g4xx_it.o
Default_Handler                                   build/startup_stm32g473xx.o
EXTI0_IRQHandler                                  build/startup_stm32g473xx.o
EXTI15_10_IRQHandler                              build/startup_stm32g473xx.o
EXTI1_IRQHandler                                  build/startup_stm32g473xx.o
EXTI2_IRQHandler                                  build/startup_stm32g473xx.o
EXTI3_IRQHandler                                  build/startup_stm32g473xx.o
EXTI4_IRQHandler                                  build/startup_stm32g473xx.o
EXTI9_5_IRQHandler                                build/startup_stm32g473xx.o
Error_Handler                                     build/main.o
                                                  build/tim.o
                                                  build/rtc.o
                                                  build/iwdg.o
                                                  build/crc.o
FDCAN1_IT0_IRQHandler                             build/startup_stm32g473xx.o
FDCAN1_IT1_IRQHandler                             build/startup_stm32g473xx.o
FDCAN2_IT0_IRQHandler                             build/startup_stm32g473xx.o
FDCAN2_IT1_IRQHandler                             build/startup_stm32g473xx.o
FDCAN3_IT0_IRQHandler                             build/startup_stm32g473xx.o
FDCAN3_IT1_IRQHandler                             build/startup_stm32g473xx.o
FLASH_FlushCaches                                 build/stm32g4xx_hal_flash_ex.o
                                                  build/stm32g4xx_hal_flash.o
FLASH_IRQHandler                                  build/startup_stm32g473xx.o
FLASH_PageErase                                   build/stm32g4xx_hal_flash_ex.o
                                                  build/stm32g4xx_hal_flash.o
FLASH_WaitForLastOperation                        build/stm32g4xx_hal_flash.o
                                                  build/stm32g4xx_hal_flash_ex.o
FMAC_IRQHandler                                   build/startup_stm32g473xx.o
FMC_IRQHandler                                    build/startup_stm32g473xx.o
FPU_IRQHandler                                    build/startup_stm32g473xx.o
HAL_CRCEx_Input_Data_Reverse                      build/stm32g4xx_hal_crc_ex.o
HAL_CRCEx_Output_Data_Reverse                     build/stm32g4xx_hal_crc_ex.o
HAL_CRCEx_Polynomial_Set                          build/stm32g4xx_hal_crc_ex.o
                                                  build/stm32g4xx_hal_crc.o
HAL_CRC_Accumulate                                build/stm32g4xx_hal_crc.o
HAL_CRC_Calculate                                 build/stm32g4xx_hal_crc.o
HAL_CRC_DeInit                                    build/stm32g4xx_hal_crc.o
HAL_CRC_GetState                                  build/stm32g4xx_hal_crc.o
HAL_CRC_Init                                      build/stm32g4xx_hal_crc.o
                                                  build/crc.o
HAL_CRC_MspDeInit                                 build/crc.o
HAL_CRC_MspInit                                   build/crc.o
HAL_DBGMCU_DisableDBGSleepMode                    build/stm32g4xx_hal.o
HAL_DBGMCU_DisableDBGStandbyMode                  build/stm32g4xx_hal.o
HAL_DBGMCU_DisableDBGStopMode                     build/stm32g4xx_hal.o
HAL_DBGMCU_EnableDBGSleepMode                     build/stm32g4xx_hal.o
HAL_DBGMCU_EnableDBGStandbyMode                   build/stm32g4xx_hal.o
HAL_DBGMCU_EnableDBGStopMode                      build/stm32g4xx_hal.o
HAL_DMAEx_ConfigMuxRequestGenerator               build/stm32g4xx_hal_dma_ex.o
HAL_DMAEx_ConfigMuxSync                           build/stm32g4xx_hal_dma_ex.o
HAL_DMAEx_DisableMuxRequestGenerator              build/stm32g4xx_hal_dma_ex.o
HAL_DMAEx_EnableMuxRequestGenerator               build/stm32g4xx_hal_dma_ex.o
HAL_DMAEx_MUX_IRQHandler                          build/stm32g4xx_hal_dma_ex.o
HAL_DMA_Abort                                     build/stm32g4xx_hal_dma.o
HAL_DMA_Abort_IT                                  build/stm32g4xx_hal_dma.o
                                                  build/stm32g4xx_hal_tim_ex.o
                                                  build/stm32g4xx_hal_tim.o
HAL_DMA_DeInit                                    build/stm32g4xx_hal_dma.o
HAL_DMA_GetError                                  build/stm32g4xx_hal_dma.o
HAL_DMA_GetState                                  build/stm32g4xx_hal_dma.o
HAL_DMA_IRQHandler                                build/stm32g4xx_hal_dma.o
HAL_DMA_Init                                      build/stm32g4xx_hal_dma.o
HAL_DMA_PollForTransfer                           build/stm32g4xx_hal_dma.o
HAL_DMA_RegisterCallback                          build/stm32g4xx_hal_dma.o
HAL_DMA_Start                                     build/stm32g4xx_hal_dma.o
HAL_DMA_Start_IT                                  build/stm32g4xx_hal_dma.o
                                                  build/stm32g4xx_hal_tim_ex.o
                                                  build/stm32g4xx_hal_tim.o
HAL_DMA_UnRegisterCallback                        build/stm32g4xx_hal_dma.o
HAL_DeInit                                        build/stm32g4xx_hal.o
HAL_Delay                                         build/stm32g4xx_hal.o
                                                  build/bootload.o
HAL_EXTI_ClearConfigLine                          build/stm32g4xx_hal_exti.o
HAL_EXTI_ClearPending                             build/stm32g4xx_hal_exti.o
HAL_EXTI_GenerateSWI                              build/stm32g4xx_hal_exti.o
HAL_EXTI_GetConfigLine                            build/stm32g4xx_hal_exti.o
HAL_EXTI_GetHandle                                build/stm32g4xx_hal_exti.o
HAL_EXTI_GetPending                               build/stm32g4xx_hal_exti.o
HAL_EXTI_IRQHandler                               build/stm32g4xx_hal_exti.o
HAL_EXTI_RegisterCallback                         build/stm32g4xx_hal_exti.o
HAL_EXTI_SetConfigLine                            build/stm32g4xx_hal_exti.o
HAL_FLASHEx_DisableDebugger                       build/stm32g4xx_hal_flash_ex.o
HAL_FLASHEx_DisableRunPowerDown                   build/stm32g4xx_hal_flash_ramfunc.o
HAL_FLASHEx_EnableDebugger                        build/stm32g4xx_hal_flash_ex.o
HAL_FLASHEx_EnableRunPowerDown                    build/stm32g4xx_hal_flash_ramfunc.o
HAL_FLASHEx_EnableSecMemProtection                build/stm32g4xx_hal_flash_ex.o
HAL_FLASHEx_Erase                                 build/stm32g4xx_hal_flash_ex.o
HAL_FLASHEx_Erase_IT                              build/stm32g4xx_hal_flash_ex.o
HAL_FLASHEx_OBGetConfig                           build/stm32g4xx_hal_flash_ex.o
HAL_FLASHEx_OBProgram                             build/stm32g4xx_hal_flash_ex.o
HAL_FLASHEx_OB_DBankConfig                        build/stm32g4xx_hal_flash_ramfunc.o
HAL_FLASH_EndOfOperationCallback                  build/stm32g4xx_hal_flash.o
HAL_FLASH_GetError                                build/stm32g4xx_hal_flash.o
HAL_FLASH_IRQHandler                              build/stm32g4xx_hal_flash.o
HAL_FLASH_Lock                                    build/stm32g4xx_hal_flash.o
HAL_FLASH_OB_Launch                               build/stm32g4xx_hal_flash.o
HAL_FLASH_OB_Lock                                 build/stm32g4xx_hal_flash.o
HAL_FLASH_OB_Unlock                               build/stm32g4xx_hal_flash.o
HAL_FLASH_OperationErrorCallback                  build/stm32g4xx_hal_flash.o
HAL_FLASH_Program                                 build/stm32g4xx_hal_flash.o
HAL_FLASH_Program_IT                              build/stm32g4xx_hal_flash.o
HAL_FLASH_Unlock                                  build/stm32g4xx_hal_flash.o
HAL_GPIO_DeInit                                   build/stm32g4xx_hal_gpio.o
HAL_GPIO_EXTI_Callback                            build/stm32g4xx_hal_gpio.o
HAL_GPIO_EXTI_IRQHandler                          build/stm32g4xx_hal_gpio.o
HAL_GPIO_Init                                     build/stm32g4xx_hal_gpio.o
                                                  build/stm32g4xx_hal_rcc_ex.o
                                                  build/stm32g4xx_hal_rcc.o
                                                  build/gpio.o
HAL_GPIO_LockPin                                  build/stm32g4xx_hal_gpio.o
HAL_GPIO_ReadPin                                  build/stm32g4xx_hal_gpio.o
HAL_GPIO_TogglePin                                build/stm32g4xx_hal_gpio.o
                                                  build/bootload.o
HAL_GPIO_WritePin                                 build/stm32g4xx_hal_gpio.o
                                                  build/gpio.o
HAL_GetDEVID                                      build/stm32g4xx_hal.o
HAL_GetHalVersion                                 build/stm32g4xx_hal.o
HAL_GetREVID                                      build/stm32g4xx_hal.o
HAL_GetTick                                       build/stm32g4xx_hal.o
                                                  build/stm32g4xx_hal_tim_ex.o
                                                  build/stm32g4xx_hal_rtc_ex.o
                                                  build/stm32g4xx_hal_rtc.o
                                                  build/stm32g4xx_hal_iwdg.o
                                                  build/stm32g4xx_hal_dma.o
                                                  build/stm32g4xx_hal_flash.o
                                                  build/stm32g4xx_hal_rcc_ex.o
                                                  build/stm32g4xx_hal_rcc.o
HAL_GetTickFreq                                   build/stm32g4xx_hal.o
HAL_GetTickPrio                                   build/stm32g4xx_hal.o
HAL_IWDG_Init                                     build/stm32g4xx_hal_iwdg.o
                                                  build/iwdg.o
HAL_IWDG_Refresh                                  build/stm32g4xx_hal_iwdg.o
HAL_IncTick                                       build/stm32g4xx_hal.o
                                                  build/stm32g4xx_it.o
HAL_Init                                          build/stm32g4xx_hal.o
                                                  build/main.o
HAL_InitTick                                      build/stm32g4xx_hal.o
                                                  build/stm32g4xx_hal_rcc.o
HAL_MPU_ConfigRegion                              build/stm32g4xx_hal_cortex.o
HAL_MPU_Disable                                   build/stm32g4xx_hal_cortex.o
HAL_MPU_Enable                                    build/stm32g4xx_hal_cortex.o
HAL_MspDeInit                                     build/stm32g4xx_hal.o
HAL_MspInit                                       build/stm32g4xx_hal_msp.o
HAL_NVIC_ClearPendingIRQ                          build/stm32g4xx_hal_cortex.o
HAL_NVIC_DisableIRQ                               build/stm32g4xx_hal_cortex.o
HAL_NVIC_EnableIRQ                                build/stm32g4xx_hal_cortex.o
HAL_NVIC_GetActive                                build/stm32g4xx_hal_cortex.o
HAL_NVIC_GetPendingIRQ                            build/stm32g4xx_hal_cortex.o
HAL_NVIC_GetPriority                              build/stm32g4xx_hal_cortex.o
HAL_NVIC_GetPriorityGrouping                      build/stm32g4xx_hal_cortex.o
HAL_NVIC_SetPendingIRQ                            build/stm32g4xx_hal_cortex.o
HAL_NVIC_SetPriority                              build/stm32g4xx_hal_cortex.o
                                                  build/stm32g4xx_hal.o
HAL_NVIC_SetPriorityGrouping                      build/stm32g4xx_hal_cortex.o
                                                  build/stm32g4xx_hal.o
HAL_NVIC_SystemReset                              build/stm32g4xx_hal_cortex.o
HAL_PWREx_ConfigPVM                               build/stm32g4xx_hal_pwr_ex.o
HAL_PWREx_ControlVoltageScaling                   build/stm32g4xx_hal_pwr_ex.o
                                                  build/main.o
HAL_PWREx_DisableBatteryCharging                  build/stm32g4xx_hal_pwr_ex.o
HAL_PWREx_DisableGPIOPullDown                     build/stm32g4xx_hal_pwr_ex.o
HAL_PWREx_DisableGPIOPullUp                       build/stm32g4xx_hal_pwr_ex.o
HAL_PWREx_DisableInternalWakeUpLine               build/stm32g4xx_hal_pwr_ex.o
HAL_PWREx_DisableLowPowerRunMode                  build/stm32g4xx_hal_pwr_ex.o
                                                  build/stm32g4xx_hal_pwr.o
HAL_PWREx_DisablePVM1                             build/stm32g4xx_hal_pwr_ex.o
HAL_PWREx_DisablePVM2                             build/stm32g4xx_hal_pwr_ex.o
HAL_PWREx_DisablePVM3                             build/stm32g4xx_hal_pwr_ex.o
HAL_PWREx_DisablePVM4                             build/stm32g4xx_hal_pwr_ex.o
HAL_PWREx_DisablePullUpPullDownConfig             build/stm32g4xx_hal_pwr_ex.o
HAL_PWREx_DisableSRAM2ContentRetention            build/stm32g4xx_hal_pwr_ex.o
HAL_PWREx_DisableUCPDDeadBattery                  build/stm32g4xx_hal_pwr_ex.o
                                                  build/stm32g4xx_hal_msp.o
HAL_PWREx_DisableUCPDStandbyMode                  build/stm32g4xx_hal_pwr_ex.o
HAL_PWREx_EnableBatteryCharging                   build/stm32g4xx_hal_pwr_ex.o
HAL_PWREx_EnableGPIOPullDown                      build/stm32g4xx_hal_pwr_ex.o
HAL_PWREx_EnableGPIOPullUp                        build/stm32g4xx_hal_pwr_ex.o
HAL_PWREx_EnableInternalWakeUpLine                build/stm32g4xx_hal_pwr_ex.o
HAL_PWREx_EnableLowPowerRunMode                   build/stm32g4xx_hal_pwr_ex.o
                                                  build/stm32g4xx_hal_pwr.o
HAL_PWREx_EnablePVM1                              build/stm32g4xx_hal_pwr_ex.o
HAL_PWREx_EnablePVM2                              build/stm32g4xx_hal_pwr_ex.o
HAL_PWREx_EnablePVM3                              build/stm32g4xx_hal_pwr_ex.o
HAL_PWREx_EnablePVM4                              build/stm32g4xx_hal_pwr_ex.o
HAL_PWREx_EnablePullUpPullDownConfig              build/stm32g4xx_hal_pwr_ex.o
HAL_PWREx_EnableSRAM2ContentRetention             build/stm32g4xx_hal_pwr_ex.o
HAL_PWREx_EnableUCPDDeadBattery                   build/stm32g4xx_hal_pwr_ex.o
HAL_PWREx_EnableUCPDStandbyMode                   build/stm32g4xx_hal_pwr_ex.o
HAL_PWREx_EnterSHUTDOWNMode                       build/stm32g4xx_hal_pwr_ex.o
HAL_PWREx_EnterSTOP0Mode                          build/stm32g4xx_hal_pwr_ex.o
                                                  build/stm32g4xx_hal_pwr.o
HAL_PWREx_EnterSTOP1Mode                          build/stm32g4xx_hal_pwr_ex.o
                                                  build/stm32g4xx_hal_pwr.o
HAL_PWREx_GetVoltageRange                         build/stm32g4xx_hal_pwr_ex.o
HAL_PWREx_PVD_PVM_IRQHandler                      build/stm32g4xx_hal_pwr_ex.o
HAL_PWREx_PVM1Callback                            build/stm32g4xx_hal_pwr_ex.o
HAL_PWREx_PVM2Callback                            build/stm32g4xx_hal_pwr_ex.o
HAL_PWREx_PVM3Callback                            build/stm32g4xx_hal_pwr_ex.o
HAL_PWREx_PVM4Callback                            build/stm32g4xx_hal_pwr_ex.o
HAL_PWR_ConfigPVD                                 build/stm32g4xx_hal_pwr.o
HAL_PWR_DeInit                                    build/stm32g4xx_hal_pwr.o
HAL_PWR_DisableBkUpAccess                         build/stm32g4xx_hal_pwr.o
                                                  build/stm32g4xx_hal_rcc_ex.o
HAL_PWR_DisablePVD                                build/stm32g4xx_hal_pwr.o
HAL_PWR_DisableSEVOnPend                          build/stm32g4xx_hal_pwr.o
HAL_PWR_DisableSleepOnExit                        build/stm32g4xx_hal_pwr.o
HAL_PWR_DisableWakeUpPin                          build/stm32g4xx_hal_pwr.o
HAL_PWR_EnableBkUpAccess                          build/stm32g4xx_hal_pwr.o
                                                  build/stm32g4xx_hal_rcc_ex.o
HAL_PWR_EnablePVD                                 build/stm32g4xx_hal_pwr.o
HAL_PWR_EnableSEVOnPend                           build/stm32g4xx_hal_pwr.o
HAL_PWR_EnableSleepOnExit                         build/stm32g4xx_hal_pwr.o
HAL_PWR_EnableWakeUpPin                           build/stm32g4xx_hal_pwr.o
HAL_PWR_EnterSLEEPMode                            build/stm32g4xx_hal_pwr.o
HAL_PWR_EnterSTANDBYMode                          build/stm32g4xx_hal_pwr.o
HAL_PWR_EnterSTOPMode                             build/stm32g4xx_hal_pwr.o
HAL_PWR_PVDCallback                               build/stm32g4xx_hal_pwr.o
                                                  build/stm32g4xx_hal_pwr_ex.o
HAL_RCCEx_CRSConfig                               build/stm32g4xx_hal_rcc_ex.o
HAL_RCCEx_CRSGetSynchronizationInfo               build/stm32g4xx_hal_rcc_ex.o
HAL_RCCEx_CRSSoftwareSynchronizationGenerate      build/stm32g4xx_hal_rcc_ex.o
HAL_RCCEx_CRSWaitSynchronization                  build/stm32g4xx_hal_rcc_ex.o
HAL_RCCEx_CRS_ErrorCallback                       build/stm32g4xx_hal_rcc_ex.o
HAL_RCCEx_CRS_ExpectedSyncCallback                build/stm32g4xx_hal_rcc_ex.o
HAL_RCCEx_CRS_IRQHandler                          build/stm32g4xx_hal_rcc_ex.o
HAL_RCCEx_CRS_SyncOkCallback                      build/stm32g4xx_hal_rcc_ex.o
HAL_RCCEx_CRS_SyncWarnCallback                    build/stm32g4xx_hal_rcc_ex.o
HAL_RCCEx_DisableLSCO                             build/stm32g4xx_hal_rcc_ex.o
HAL_RCCEx_DisableLSECSS                           build/stm32g4xx_hal_rcc_ex.o
HAL_RCCEx_EnableLSCO                              build/stm32g4xx_hal_rcc_ex.o
HAL_RCCEx_EnableLSECSS                            build/stm32g4xx_hal_rcc_ex.o
HAL_RCCEx_EnableLSECSS_IT                         build/stm32g4xx_hal_rcc_ex.o
HAL_RCCEx_GetPeriphCLKConfig                      build/stm32g4xx_hal_rcc_ex.o
HAL_RCCEx_GetPeriphCLKFreq                        build/stm32g4xx_hal_rcc_ex.o
HAL_RCCEx_LSECSS_Callback                         build/stm32g4xx_hal_rcc_ex.o
HAL_RCCEx_LSECSS_IRQHandler                       build/stm32g4xx_hal_rcc_ex.o
HAL_RCCEx_PeriphCLKConfig                         build/stm32g4xx_hal_rcc_ex.o
                                                  build/rtc.o
HAL_RCC_CSSCallback                               build/stm32g4xx_hal_rcc.o
HAL_RCC_ClockConfig                               build/stm32g4xx_hal_rcc.o
                                                  build/main.o
HAL_RCC_DeInit                                    build/stm32g4xx_hal_rcc.o
HAL_RCC_DisableLSECSS                             build/stm32g4xx_hal_rcc.o
HAL_RCC_EnableCSS                                 build/stm32g4xx_hal_rcc.o
HAL_RCC_EnableLSECSS                              build/stm32g4xx_hal_rcc.o
HAL_RCC_GetClockConfig                            build/stm32g4xx_hal_rcc.o
HAL_RCC_GetHCLKFreq                               build/stm32g4xx_hal_rcc.o
HAL_RCC_GetOscConfig                              build/stm32g4xx_hal_rcc.o
HAL_RCC_GetPCLK1Freq                              build/stm32g4xx_hal_rcc.o
                                                  build/stm32g4xx_hal_rcc_ex.o
HAL_RCC_GetPCLK2Freq                              build/stm32g4xx_hal_rcc.o
                                                  build/stm32g4xx_hal_rcc_ex.o
HAL_RCC_GetSysClockFreq                           build/stm32g4xx_hal_rcc.o
                                                  build/stm32g4xx_hal_rcc_ex.o
HAL_RCC_MCOConfig                                 build/stm32g4xx_hal_rcc.o
HAL_RCC_NMI_IRQHandler                            build/stm32g4xx_hal_rcc.o
HAL_RCC_OscConfig                                 build/stm32g4xx_hal_rcc.o
                                                  build/main.o
HAL_RTCEx_AlarmBEventCallback                     build/stm32g4xx_hal_rtc_ex.o
                                                  build/stm32g4xx_hal_rtc.o
HAL_RTCEx_BKUPRead                                build/stm32g4xx_hal_rtc_ex.o
HAL_RTCEx_BKUPWrite                               build/stm32g4xx_hal_rtc_ex.o
HAL_RTCEx_DeactivateCalibrationOutPut             build/stm32g4xx_hal_rtc_ex.o
HAL_RTCEx_DeactivateInternalTamper                build/stm32g4xx_hal_rtc_ex.o
HAL_RTCEx_DeactivateInternalTimeStamp             build/stm32g4xx_hal_rtc_ex.o
HAL_RTCEx_DeactivateRefClock                      build/stm32g4xx_hal_rtc_ex.o
HAL_RTCEx_DeactivateTamper                        build/stm32g4xx_hal_rtc_ex.o
HAL_RTCEx_DeactivateTimeStamp                     build/stm32g4xx_hal_rtc_ex.o
HAL_RTCEx_DeactivateWakeUpTimer                   build/stm32g4xx_hal_rtc_ex.o
HAL_RTCEx_DisableBypassShadow                     build/stm32g4xx_hal_rtc_ex.o
HAL_RTCEx_EnableBypassShadow                      build/stm32g4xx_hal_rtc_ex.o
HAL_RTCEx_GetTimeStamp                            build/stm32g4xx_hal_rtc_ex.o
HAL_RTCEx_GetWakeUpTimer                          build/stm32g4xx_hal_rtc_ex.o
HAL_RTCEx_InternalTamper3EventCallback            build/stm32g4xx_hal_rtc_ex.o
HAL_RTCEx_InternalTamper4EventCallback            build/stm32g4xx_hal_rtc_ex.o
HAL_RTCEx_InternalTamper5EventCallback            build/stm32g4xx_hal_rtc_ex.o
HAL_RTCEx_InternalTamper6EventCallback            build/stm32g4xx_hal_rtc_ex.o
HAL_RTCEx_PollForAlarmBEvent                      build/stm32g4xx_hal_rtc_ex.o
HAL_RTCEx_PollForInternalTamperEvent              build/stm32g4xx_hal_rtc_ex.o
HAL_RTCEx_PollForTamperEvent                      build/stm32g4xx_hal_rtc_ex.o
HAL_RTCEx_PollForTimeStampEvent                   build/stm32g4xx_hal_rtc_ex.o
HAL_RTCEx_PollForWakeUpTimerEvent                 build/stm32g4xx_hal_rtc_ex.o
HAL_RTCEx_SetCalibrationOutPut                    build/stm32g4xx_hal_rtc_ex.o
HAL_RTCEx_SetInternalTamper                       build/stm32g4xx_hal_rtc_ex.o
HAL_RTCEx_SetInternalTamper_IT                    build/stm32g4xx_hal_rtc_ex.o
HAL_RTCEx_SetInternalTimeStamp                    build/stm32g4xx_hal_rtc_ex.o
HAL_RTCEx_SetRefClock                             build/stm32g4xx_hal_rtc_ex.o
HAL_RTCEx_SetSmoothCalib                          build/stm32g4xx_hal_rtc_ex.o
HAL_RTCEx_SetSynchroShift                         build/stm32g4xx_hal_rtc_ex.o
HAL_RTCEx_SetTamper                               build/stm32g4xx_hal_rtc_ex.o
HAL_RTCEx_SetTamper_IT                            build/stm32g4xx_hal_rtc_ex.o
HAL_RTCEx_SetTimeStamp                            build/stm32g4xx_hal_rtc_ex.o
HAL_RTCEx_SetTimeStamp_IT                         build/stm32g4xx_hal_rtc_ex.o
HAL_RTCEx_SetWakeUpTimer                          build/stm32g4xx_hal_rtc_ex.o
HAL_RTCEx_SetWakeUpTimer_IT                       build/stm32g4xx_hal_rtc_ex.o
HAL_RTCEx_Tamper1EventCallback                    build/stm32g4xx_hal_rtc_ex.o
HAL_RTCEx_Tamper2EventCallback                    build/stm32g4xx_hal_rtc_ex.o
HAL_RTCEx_Tamper3EventCallback                    build/stm32g4xx_hal_rtc_ex.o
HAL_RTCEx_TamperIRQHandler                        build/stm32g4xx_hal_rtc_ex.o
HAL_RTCEx_TimeStampEventCallback                  build/stm32g4xx_hal_rtc_ex.o
HAL_RTCEx_TimeStampIRQHandler                     build/stm32g4xx_hal_rtc_ex.o
HAL_RTCEx_WakeUpTimerEventCallback                build/stm32g4xx_hal_rtc_ex.o
HAL_RTCEx_WakeUpTimerIRQHandler                   build/stm32g4xx_hal_rtc_ex.o
HAL_RTC_AlarmAEventCallback                       build/stm32g4xx_hal_rtc.o
HAL_RTC_AlarmIRQHandler                           build/stm32g4xx_hal_rtc.o
HAL_RTC_DST_Add1Hour                              build/stm32g4xx_hal_rtc.o
HAL_RTC_DST_ClearStoreOperation                   build/stm32g4xx_hal_rtc.o
HAL_RTC_DST_ReadStoreOperation                    build/stm32g4xx_hal_rtc.o
HAL_RTC_DST_SetStoreOperation                     build/stm32g4xx_hal_rtc.o
HAL_RTC_DST_Sub1Hour                              build/stm32g4xx_hal_rtc.o
HAL_RTC_DeInit                                    build/stm32g4xx_hal_rtc.o
HAL_RTC_DeactivateAlarm                           build/stm32g4xx_hal_rtc.o
HAL_RTC_GetAlarm                                  build/stm32g4xx_hal_rtc.o
HAL_RTC_GetDate                                   build/stm32g4xx_hal_rtc.o
HAL_RTC_GetState                                  build/stm32g4xx_hal_rtc.o
HAL_RTC_GetTime                                   build/stm32g4xx_hal_rtc.o
HAL_RTC_Init                                      build/stm32g4xx_hal_rtc.o
                                                  build/rtc.o
HAL_RTC_MspDeInit                                 build/rtc.o
HAL_RTC_MspInit                                   build/rtc.o
HAL_RTC_PollForAlarmAEvent                        build/stm32g4xx_hal_rtc.o
HAL_RTC_SetAlarm                                  build/stm32g4xx_hal_rtc.o
HAL_RTC_SetAlarm_IT                               build/stm32g4xx_hal_rtc.o
HAL_RTC_SetDate                                   build/stm32g4xx_hal_rtc.o
HAL_RTC_SetTime                                   build/stm32g4xx_hal_rtc.o
HAL_RTC_WaitForSynchro                            build/stm32g4xx_hal_rtc.o
                                                  build/stm32g4xx_hal_rtc_ex.o
HAL_ResumeTick                                    build/stm32g4xx_hal.o
HAL_SYSCFG_CCMSRAMErase                           build/stm32g4xx_hal.o
HAL_SYSCFG_CCMSRAM_WriteProtectionEnable          build/stm32g4xx_hal.o
HAL_SYSCFG_DisableIOSwitchBooster                 build/stm32g4xx_hal.o
HAL_SYSCFG_DisableIOSwitchVDD                     build/stm32g4xx_hal.o
HAL_SYSCFG_DisableMemorySwappingBank              build/stm32g4xx_hal.o
HAL_SYSCFG_DisableVREFBUF                         build/stm32g4xx_hal.o
HAL_SYSCFG_EnableIOSwitchBooster                  build/stm32g4xx_hal.o
HAL_SYSCFG_EnableIOSwitchVDD                      build/stm32g4xx_hal.o
HAL_SYSCFG_EnableMemorySwappingBank               build/stm32g4xx_hal.o
HAL_SYSCFG_EnableVREFBUF                          build/stm32g4xx_hal.o
HAL_SYSCFG_VREFBUF_HighImpedanceConfig            build/stm32g4xx_hal.o
HAL_SYSCFG_VREFBUF_TrimmingConfig                 build/stm32g4xx_hal.o
HAL_SYSCFG_VREFBUF_VoltageScalingConfig           build/stm32g4xx_hal.o
HAL_SYSTICK_CLKSourceConfig                       build/stm32g4xx_hal_cortex.o
HAL_SYSTICK_Callback                              build/stm32g4xx_hal_cortex.o
HAL_SYSTICK_Config                                build/stm32g4xx_hal_cortex.o
                                                  build/stm32g4xx_hal.o
HAL_SYSTICK_IRQHandler                            build/stm32g4xx_hal_cortex.o
HAL_SetTickFreq                                   build/stm32g4xx_hal.o
HAL_SuspendTick                                   build/stm32g4xx_hal.o
HAL_TIMEx_Break2Callback                          build/stm32g4xx_hal_tim_ex.o
                                                  build/stm32g4xx_hal_tim.o
HAL_TIMEx_BreakCallback                           build/stm32g4xx_hal_tim_ex.o
                                                  build/stm32g4xx_hal_tim.o
HAL_TIMEx_CommutCallback                          build/stm32g4xx_hal_tim_ex.o
                                                  build/stm32g4xx_hal_tim.o
HAL_TIMEx_CommutHalfCpltCallback                  build/stm32g4xx_hal_tim_ex.o
HAL_TIMEx_ConfigAsymmetricalDeadTime              build/stm32g4xx_hal_tim_ex.o
HAL_TIMEx_ConfigBreakDeadTime                     build/stm32g4xx_hal_tim_ex.o
HAL_TIMEx_ConfigBreakInput                        build/stm32g4xx_hal_tim_ex.o
HAL_TIMEx_ConfigCommutEvent                       build/stm32g4xx_hal_tim_ex.o
HAL_TIMEx_ConfigCommutEvent_DMA                   build/stm32g4xx_hal_tim_ex.o
HAL_TIMEx_ConfigCommutEvent_IT                    build/stm32g4xx_hal_tim_ex.o
HAL_TIMEx_ConfigDeadTime                          build/stm32g4xx_hal_tim_ex.o
HAL_TIMEx_ConfigEncoderIndex                      build/stm32g4xx_hal_tim_ex.o
HAL_TIMEx_ConfigSlaveModePreload                  build/stm32g4xx_hal_tim_ex.o
HAL_TIMEx_DirectionChangeCallback                 build/stm32g4xx_hal_tim_ex.o
                                                  build/stm32g4xx_hal_tim.o
HAL_TIMEx_DisableAsymmetricalDeadTime             build/stm32g4xx_hal_tim_ex.o
HAL_TIMEx_DisableDeadTimePreload                  build/stm32g4xx_hal_tim_ex.o
HAL_TIMEx_DisableEncoderFirstIndex                build/stm32g4xx_hal_tim_ex.o
HAL_TIMEx_DisableEncoderIndex                     build/stm32g4xx_hal_tim_ex.o
HAL_TIMEx_DisableSlaveModePreload                 build/stm32g4xx_hal_tim_ex.o
HAL_TIMEx_DisarmBreakInput                        build/stm32g4xx_hal_tim_ex.o
HAL_TIMEx_DitheringDisable                        build/stm32g4xx_hal_tim_ex.o
HAL_TIMEx_DitheringEnable                         build/stm32g4xx_hal_tim_ex.o
HAL_TIMEx_EnableAsymmetricalDeadTime              build/stm32g4xx_hal_tim_ex.o
HAL_TIMEx_EnableDeadTimePreload                   build/stm32g4xx_hal_tim_ex.o
HAL_TIMEx_EnableEncoderFirstIndex                 build/stm32g4xx_hal_tim_ex.o
HAL_TIMEx_EnableEncoderIndex                      build/stm32g4xx_hal_tim_ex.o
HAL_TIMEx_EnableSlaveModePreload                  build/stm32g4xx_hal_tim_ex.o
HAL_TIMEx_EncoderIndexCallback                    build/stm32g4xx_hal_tim_ex.o
                                                  build/stm32g4xx_hal_tim.o
HAL_TIMEx_GetChannelNState                        build/stm32g4xx_hal_tim_ex.o
HAL_TIMEx_GroupChannel5                           build/stm32g4xx_hal_tim_ex.o
HAL_TIMEx_HallSensor_DeInit                       build/stm32g4xx_hal_tim_ex.o
HAL_TIMEx_HallSensor_GetState                     build/stm32g4xx_hal_tim_ex.o
HAL_TIMEx_HallSensor_Init                         build/stm32g4xx_hal_tim_ex.o
HAL_TIMEx_HallSensor_MspDeInit                    build/stm32g4xx_hal_tim_ex.o
HAL_TIMEx_HallSensor_MspInit                      build/stm32g4xx_hal_tim_ex.o
HAL_TIMEx_HallSensor_Start                        build/stm32g4xx_hal_tim_ex.o
HAL_TIMEx_HallSensor_Start_DMA                    build/stm32g4xx_hal_tim_ex.o
HAL_TIMEx_HallSensor_Start_IT                     build/stm32g4xx_hal_tim_ex.o
HAL_TIMEx_HallSensor_Stop                         build/stm32g4xx_hal_tim_ex.o
HAL_TIMEx_HallSensor_Stop_DMA                     build/stm32g4xx_hal_tim_ex.o
HAL_TIMEx_HallSensor_Stop_IT                      build/stm32g4xx_hal_tim_ex.o
HAL_TIMEx_IndexErrorCallback                      build/stm32g4xx_hal_tim_ex.o
                                                  build/stm32g4xx_hal_tim.o
HAL_TIMEx_MasterConfigSynchronization             build/stm32g4xx_hal_tim_ex.o
HAL_TIMEx_OCN_Start                               build/stm32g4xx_hal_tim_ex.o
HAL_TIMEx_OCN_Start_DMA                           build/stm32g4xx_hal_tim_ex.o
HAL_TIMEx_OCN_Start_IT                            build/stm32g4xx_hal_tim_ex.o
HAL_TIMEx_OCN_Stop                                build/stm32g4xx_hal_tim_ex.o
HAL_TIMEx_OCN_Stop_DMA                            build/stm32g4xx_hal_tim_ex.o
HAL_TIMEx_OCN_Stop_IT                             build/stm32g4xx_hal_tim_ex.o
HAL_TIMEx_OC_ConfigPulseOnCompare                 build/stm32g4xx_hal_tim_ex.o
HAL_TIMEx_OnePulseN_Start                         build/stm32g4xx_hal_tim_ex.o
HAL_TIMEx_OnePulseN_Start_IT                      build/stm32g4xx_hal_tim_ex.o
HAL_TIMEx_OnePulseN_Stop                          build/stm32g4xx_hal_tim_ex.o
HAL_TIMEx_OnePulseN_Stop_IT                       build/stm32g4xx_hal_tim_ex.o
HAL_TIMEx_PWMN_Start                              build/stm32g4xx_hal_tim_ex.o
HAL_TIMEx_PWMN_Start_DMA                          build/stm32g4xx_hal_tim_ex.o
HAL_TIMEx_PWMN_Start_IT                           build/stm32g4xx_hal_tim_ex.o
HAL_TIMEx_PWMN_Stop                               build/stm32g4xx_hal_tim_ex.o
HAL_TIMEx_PWMN_Stop_DMA                           build/stm32g4xx_hal_tim_ex.o
HAL_TIMEx_PWMN_Stop_IT                            build/stm32g4xx_hal_tim_ex.o
HAL_TIMEx_ReArmBreakInput                         build/stm32g4xx_hal_tim_ex.o
HAL_TIMEx_RemapConfig                             build/stm32g4xx_hal_tim_ex.o
HAL_TIMEx_TISelection                             build/stm32g4xx_hal_tim_ex.o
                                                  build/tim.o
HAL_TIMEx_TransitionErrorCallback                 build/stm32g4xx_hal_tim_ex.o
                                                  build/stm32g4xx_hal_tim.o
HAL_TIM_Base_DeInit                               build/stm32g4xx_hal_tim.o
HAL_TIM_Base_GetState                             build/stm32g4xx_hal_tim.o
HAL_TIM_Base_Init                                 build/stm32g4xx_hal_tim.o
                                                  build/tim.o
HAL_TIM_Base_MspDeInit                            build/tim.o
HAL_TIM_Base_MspInit                              build/tim.o
HAL_TIM_Base_Start                                build/stm32g4xx_hal_tim.o
HAL_TIM_Base_Start_DMA                            build/stm32g4xx_hal_tim.o
HAL_TIM_Base_Start_IT                             build/stm32g4xx_hal_tim.o
HAL_TIM_Base_Stop                                 build/stm32g4xx_hal_tim.o
HAL_TIM_Base_Stop_DMA                             build/stm32g4xx_hal_tim.o
HAL_TIM_Base_Stop_IT                              build/stm32g4xx_hal_tim.o
HAL_TIM_ConfigClockSource                         build/stm32g4xx_hal_tim.o
HAL_TIM_ConfigOCrefClear                          build/stm32g4xx_hal_tim.o
HAL_TIM_ConfigTI1Input                            build/stm32g4xx_hal_tim.o
HAL_TIM_DMABurstState                             build/stm32g4xx_hal_tim.o
HAL_TIM_DMABurst_MultiReadStart                   build/stm32g4xx_hal_tim.o
HAL_TIM_DMABurst_MultiWriteStart                  build/stm32g4xx_hal_tim.o
HAL_TIM_DMABurst_ReadStart                        build/stm32g4xx_hal_tim.o
HAL_TIM_DMABurst_ReadStop                         build/stm32g4xx_hal_tim.o
HAL_TIM_DMABurst_WriteStart                       build/stm32g4xx_hal_tim.o
HAL_TIM_DMABurst_WriteStop                        build/stm32g4xx_hal_tim.o
HAL_TIM_Encoder_DeInit                            build/stm32g4xx_hal_tim.o
HAL_TIM_Encoder_GetState                          build/stm32g4xx_hal_tim.o
HAL_TIM_Encoder_Init                              build/stm32g4xx_hal_tim.o
HAL_TIM_Encoder_MspDeInit                         build/stm32g4xx_hal_tim.o
HAL_TIM_Encoder_MspInit                           build/stm32g4xx_hal_tim.o
HAL_TIM_Encoder_Start                             build/stm32g4xx_hal_tim.o
HAL_TIM_Encoder_Start_DMA                         build/stm32g4xx_hal_tim.o
HAL_TIM_Encoder_Start_IT                          build/stm32g4xx_hal_tim.o
HAL_TIM_Encoder_Stop                              build/stm32g4xx_hal_tim.o
HAL_TIM_Encoder_Stop_DMA                          build/stm32g4xx_hal_tim.o
HAL_TIM_Encoder_Stop_IT                           build/stm32g4xx_hal_tim.o
HAL_TIM_ErrorCallback                             build/stm32g4xx_hal_tim.o
                                                  build/stm32g4xx_hal_tim_ex.o
HAL_TIM_GenerateEvent                             build/stm32g4xx_hal_tim.o
HAL_TIM_GetActiveChannel                          build/stm32g4xx_hal_tim.o
HAL_TIM_GetChannelState                           build/stm32g4xx_hal_tim.o
HAL_TIM_IC_CaptureCallback                        build/stm32g4xx_hal_tim.o
HAL_TIM_IC_CaptureHalfCpltCallback                build/stm32g4xx_hal_tim.o
HAL_TIM_IC_ConfigChannel                          build/stm32g4xx_hal_tim.o
                                                  build/tim.o
HAL_TIM_IC_DeInit                                 build/stm32g4xx_hal_tim.o
HAL_TIM_IC_GetState                               build/stm32g4xx_hal_tim.o
HAL_TIM_IC_Init                                   build/stm32g4xx_hal_tim.o
                                                  build/tim.o
HAL_TIM_IC_MspDeInit                              build/stm32g4xx_hal_tim.o
HAL_TIM_IC_MspInit                                build/stm32g4xx_hal_tim.o
HAL_TIM_IC_Start                                  build/stm32g4xx_hal_tim.o
HAL_TIM_IC_Start_DMA                              build/stm32g4xx_hal_tim.o
HAL_TIM_IC_Start_IT                               build/stm32g4xx_hal_tim.o
HAL_TIM_IC_Stop                                   build/stm32g4xx_hal_tim.o
HAL_TIM_IC_Stop_DMA                               build/stm32g4xx_hal_tim.o
HAL_TIM_IC_Stop_IT                                build/stm32g4xx_hal_tim.o
HAL_TIM_IRQHandler                                build/stm32g4xx_hal_tim.o
HAL_TIM_OC_ConfigChannel                          build/stm32g4xx_hal_tim.o
HAL_TIM_OC_DeInit                                 build/stm32g4xx_hal_tim.o
HAL_TIM_OC_DelayElapsedCallback                   build/stm32g4xx_hal_tim.o
HAL_TIM_OC_GetState                               build/stm32g4xx_hal_tim.o
HAL_TIM_OC_Init                                   build/stm32g4xx_hal_tim.o
HAL_TIM_OC_MspDeInit                              build/stm32g4xx_hal_tim.o
HAL_TIM_OC_MspInit                                build/stm32g4xx_hal_tim.o
HAL_TIM_OC_Start                                  build/stm32g4xx_hal_tim.o
HAL_TIM_OC_Start_DMA                              build/stm32g4xx_hal_tim.o
HAL_TIM_OC_Start_IT                               build/stm32g4xx_hal_tim.o
HAL_TIM_OC_Stop                                   build/stm32g4xx_hal_tim.o
HAL_TIM_OC_Stop_DMA                               build/stm32g4xx_hal_tim.o
HAL_TIM_OC_Stop_IT                                build/stm32g4xx_hal_tim.o
HAL_TIM_OnePulse_ConfigChannel                    build/stm32g4xx_hal_tim.o
HAL_TIM_OnePulse_DeInit                           build/stm32g4xx_hal_tim.o
HAL_TIM_OnePulse_GetState                         build/stm32g4xx_hal_tim.o
HAL_TIM_OnePulse_Init                             build/stm32g4xx_hal_tim.o
HAL_TIM_OnePulse_MspDeInit                        build/stm32g4xx_hal_tim.o
HAL_TIM_OnePulse_MspInit                          build/stm32g4xx_hal_tim.o
HAL_TIM_OnePulse_Start                            build/stm32g4xx_hal_tim.o
HAL_TIM_OnePulse_Start_IT                         build/stm32g4xx_hal_tim.o
HAL_TIM_OnePulse_Stop                             build/stm32g4xx_hal_tim.o
HAL_TIM_OnePulse_Stop_IT                          build/stm32g4xx_hal_tim.o
HAL_TIM_PWM_ConfigChannel                         build/stm32g4xx_hal_tim.o
HAL_TIM_PWM_DeInit                                build/stm32g4xx_hal_tim.o
HAL_TIM_PWM_GetState                              build/stm32g4xx_hal_tim.o
HAL_TIM_PWM_Init                                  build/stm32g4xx_hal_tim.o
HAL_TIM_PWM_MspDeInit                             build/stm32g4xx_hal_tim.o
HAL_TIM_PWM_MspInit                               build/stm32g4xx_hal_tim.o
HAL_TIM_PWM_PulseFinishedCallback                 build/stm32g4xx_hal_tim.o
                                                  build/stm32g4xx_hal_tim_ex.o
HAL_TIM_PWM_PulseFinishedHalfCpltCallback         build/stm32g4xx_hal_tim.o
HAL_TIM_PWM_Start                                 build/stm32g4xx_hal_tim.o
HAL_TIM_PWM_Start_DMA                             build/stm32g4xx_hal_tim.o
HAL_TIM_PWM_Start_IT                              build/stm32g4xx_hal_tim.o
HAL_TIM_PWM_Stop                                  build/stm32g4xx_hal_tim.o
HAL_TIM_PWM_Stop_DMA                              build/stm32g4xx_hal_tim.o
HAL_TIM_PWM_Stop_IT                               build/stm32g4xx_hal_tim.o
HAL_TIM_PeriodElapsedCallback                     build/stm32g4xx_hal_tim.o
HAL_TIM_PeriodElapsedHalfCpltCallback             build/stm32g4xx_hal_tim.o
HAL_TIM_ReadCapturedValue                         build/stm32g4xx_hal_tim.o
HAL_TIM_SlaveConfigSynchro                        build/stm32g4xx_hal_tim.o
HAL_TIM_SlaveConfigSynchro_IT                     build/stm32g4xx_hal_tim.o
HAL_TIM_TriggerCallback                           build/stm32g4xx_hal_tim.o
HAL_TIM_TriggerHalfCpltCallback                   build/stm32g4xx_hal_tim.o
HardFault_Handler                                 build/stm32g4xx_it.o
I2C1_ER_IRQHandler                                build/startup_stm32g473xx.o
I2C1_EV_IRQHandler                                build/startup_stm32g473xx.o
I2C2_ER_IRQHandler                                build/startup_stm32g473xx.o
I2C2_EV_IRQHandler                                build/startup_stm32g473xx.o
I2C3_ER_IRQHandler                                build/startup_stm32g473xx.o
I2C3_EV_IRQHandler                                build/startup_stm32g473xx.o
I2C4_ER_IRQHandler                                build/startup_stm32g473xx.o
I2C4_EV_IRQHandler                                build/startup_stm32g473xx.o
LPTIM1_IRQHandler                                 build/startup_stm32g473xx.o
LPUART1_IRQHandler                                build/startup_stm32g473xx.o
MSR_MSP                                           build/bootload.o
MX_CRC_Init                                       build/crc.o
MX_GPIO_Init                                      build/gpio.o
                                                  build/main.o
MX_IWDG_Init                                      build/iwdg.o
MX_RTC_Init                                       build/rtc.o
MX_TIM16_Init                                     build/tim.o
MemManage_Handler                                 build/stm32g4xx_it.o
NMI_Handler                                       build/stm32g4xx_it.o
PVD_PVM_IRQHandler                                build/startup_stm32g473xx.o
PendSV_Handler                                    build/stm32g4xx_it.o
QUADSPI_IRQHandler                                build/startup_stm32g473xx.o
RCC_IRQHandler                                    build/startup_stm32g473xx.o
RNG_IRQHandler                                    build/startup_stm32g473xx.o
RTC_Alarm_IRQHandler                              build/startup_stm32g473xx.o
RTC_Bcd2ToByte                                    build/stm32g4xx_hal_rtc.o
                                                  build/stm32g4xx_hal_rtc_ex.o
RTC_ByteToBcd2                                    build/stm32g4xx_hal_rtc.o
RTC_EnterInitMode                                 build/stm32g4xx_hal_rtc.o
                                                  build/stm32g4xx_hal_rtc_ex.o
RTC_ExitInitMode                                  build/stm32g4xx_hal_rtc.o
                                                  build/stm32g4xx_hal_rtc_ex.o
RTC_TAMP_LSECSS_IRQHandler                        build/startup_stm32g473xx.o
RTC_WKUP_IRQHandler                               build/startup_stm32g473xx.o
Reset_Handler                                     build/startup_stm32g473xx.o
SAI1_IRQHandler                                   build/startup_stm32g473xx.o
SPI1_IRQHandler                                   build/startup_stm32g473xx.o
SPI2_IRQHandler                                   build/startup_stm32g473xx.o
SPI3_IRQHandler                                   build/startup_stm32g473xx.o
SPI4_IRQHandler                                   build/startup_stm32g473xx.o
SVC_Handler                                       build/stm32g4xx_it.o
SysTick_Handler                                   build/stm32g4xx_it.o
SystemClock_Config                                build/main.o
SystemCoreClock                                   build/system_stm32g4xx.o
                                                  build/stm32g4xx_hal_pwr_ex.o
                                                  build/stm32g4xx_hal_flash_ramfunc.o
                                                  build/stm32g4xx_hal_rcc.o
                                                  build/stm32g4xx_hal.o
SystemCoreClockUpdate                             build/system_stm32g4xx.o
SystemInit                                        build/system_stm32g4xx.o
                                                  build/startup_stm32g473xx.o
TIM1_BRK_TIM15_IRQHandler                         build/startup_stm32g473xx.o
TIM1_CC_IRQHandler                                build/startup_stm32g473xx.o
TIM1_TRG_COM_TIM17_IRQHandler                     build/startup_stm32g473xx.o
TIM1_UP_TIM16_IRQHandler                          build/startup_stm32g473xx.o
TIM20_BRK_IRQHandler                              build/startup_stm32g473xx.o
TIM20_CC_IRQHandler                               build/startup_stm32g473xx.o
TIM20_TRG_COM_IRQHandler                          build/startup_stm32g473xx.o
TIM20_UP_IRQHandler                               build/startup_stm32g473xx.o
TIM2_IRQHandler                                   build/startup_stm32g473xx.o
TIM3_IRQHandler                                   build/startup_stm32g473xx.o
TIM4_IRQHandler                                   build/startup_stm32g473xx.o
TIM5_IRQHandler                                   build/startup_stm32g473xx.o
TIM6_DAC_IRQHandler                               build/startup_stm32g473xx.o
TIM7_DAC_IRQHandler                               build/startup_stm32g473xx.o
TIM8_BRK_IRQHandler                               build/startup_stm32g473xx.o
TIM8_CC_IRQHandler                                build/startup_stm32g473xx.o
TIM8_TRG_COM_IRQHandler                           build/startup_stm32g473xx.o
TIM8_UP_IRQHandler                                build/startup_stm32g473xx.o
TIMEx_DMACommutationCplt                          build/stm32g4xx_hal_tim_ex.o
                                                  build/stm32g4xx_hal_tim.o
TIMEx_DMACommutationHalfCplt                      build/stm32g4xx_hal_tim_ex.o
                                                  build/stm32g4xx_hal_tim.o
TIM_Base_SetConfig                                build/stm32g4xx_hal_tim.o
                                                  build/stm32g4xx_hal_tim_ex.o
TIM_CCxChannelCmd                                 build/stm32g4xx_hal_tim.o
                                                  build/stm32g4xx_hal_tim_ex.o
TIM_DMACaptureCplt                                build/stm32g4xx_hal_tim.o
                                                  build/stm32g4xx_hal_tim_ex.o
TIM_DMACaptureHalfCplt                            build/stm32g4xx_hal_tim.o
                                                  build/stm32g4xx_hal_tim_ex.o
TIM_DMADelayPulseHalfCplt                         build/stm32g4xx_hal_tim.o
                                                  build/stm32g4xx_hal_tim_ex.o
TIM_DMAError                                      build/stm32g4xx_hal_tim.o
                                                  build/stm32g4xx_hal_tim_ex.o
TIM_ETR_SetConfig                                 build/stm32g4xx_hal_tim.o
                                                  build/stm32g4xx_hal_tim_ex.o
TIM_OC2_SetConfig                                 build/stm32g4xx_hal_tim.o
                                                  build/stm32g4xx_hal_tim_ex.o
TIM_TI1_SetConfig                                 build/stm32g4xx_hal_tim.o
                                                  build/stm32g4xx_hal_tim_ex.o
UART4_IRQHandler                                  build/startup_stm32g473xx.o
UART5_IRQHandler                                  build/startup_stm32g473xx.o
UCPD1_IRQHandler                                  build/startup_stm32g473xx.o
USART1_IRQHandler                                 build/startup_stm32g473xx.o
USART2_IRQHandler                                 build/startup_stm32g473xx.o
USART3_IRQHandler                                 build/startup_stm32g473xx.o
USBWakeUp_IRQHandler                              build/startup_stm32g473xx.o
USB_HP_IRQHandler                                 build/startup_stm32g473xx.o
USB_LP_IRQHandler                                 build/startup_stm32g473xx.o
UsageFault_Handler                                build/stm32g4xx_it.o
WWDG_IRQHandler                                   build/startup_stm32g473xx.o
__bss_end__                                       d:/program files/gcc-arm-none-eabi-10.3-2021.10/bin/../lib/gcc/arm-none-eabi/10.3.1/../../../../arm-none-eabi/lib/thumb/v7e-m+fp/hard/crt0.o
__bss_start__                                     d:/program files/gcc-arm-none-eabi-10.3-2021.10/bin/../lib/gcc/arm-none-eabi/10.3.1/../../../../arm-none-eabi/lib/thumb/v7e-m+fp/hard/crt0.o
__call_exitprocs                                  d:/program files/gcc-arm-none-eabi-10.3-2021.10/bin/../lib/gcc/arm-none-eabi/10.3.1/../../../../arm-none-eabi/lib/thumb/v7e-m+fp/hard\libc_nano.a(lib_a-exit.o)
__deregister_frame_info                           d:/program files/gcc-arm-none-eabi-10.3-2021.10/bin/../lib/gcc/arm-none-eabi/10.3.1/thumb/v7e-m+fp/hard/crtbegin.o
__dso_handle                                      d:/program files/gcc-arm-none-eabi-10.3-2021.10/bin/../lib/gcc/arm-none-eabi/10.3.1/thumb/v7e-m+fp/hard/crtbegin.o
__init_array_end                                  d:/program files/gcc-arm-none-eabi-10.3-2021.10/bin/../lib/gcc/arm-none-eabi/10.3.1/../../../../arm-none-eabi/lib/thumb/v7e-m+fp/hard\libc_nano.a(lib_a-init.o)
__init_array_start                                d:/program files/gcc-arm-none-eabi-10.3-2021.10/bin/../lib/gcc/arm-none-eabi/10.3.1/../../../../arm-none-eabi/lib/thumb/v7e-m+fp/hard\libc_nano.a(lib_a-init.o)
__libc_fini_array                                 d:/program files/gcc-arm-none-eabi-10.3-2021.10/bin/../lib/gcc/arm-none-eabi/10.3.1/../../../../arm-none-eabi/lib/thumb/v7e-m+fp/hard/crt0.o
__libc_init_array                                 d:/program files/gcc-arm-none-eabi-10.3-2021.10/bin/../lib/gcc/arm-none-eabi/10.3.1/../../../../arm-none-eabi/lib/thumb/v7e-m+fp/hard\libc_nano.a(lib_a-init.o)
                                                  build/startup_stm32g473xx.o
                                                  d:/program files/gcc-arm-none-eabi-10.3-2021.10/bin/../lib/gcc/arm-none-eabi/10.3.1/../../../../arm-none-eabi/lib/thumb/v7e-m+fp/hard/crt0.o
__preinit_array_end                               d:/program files/gcc-arm-none-eabi-10.3-2021.10/bin/../lib/gcc/arm-none-eabi/10.3.1/../../../../arm-none-eabi/lib/thumb/v7e-m+fp/hard\libc_nano.a(lib_a-init.o)
__preinit_array_start                             d:/program files/gcc-arm-none-eabi-10.3-2021.10/bin/../lib/gcc/arm-none-eabi/10.3.1/../../../../arm-none-eabi/lib/thumb/v7e-m+fp/hard\libc_nano.a(lib_a-init.o)
__register_frame_info                             d:/program files/gcc-arm-none-eabi-10.3-2021.10/bin/../lib/gcc/arm-none-eabi/10.3.1/thumb/v7e-m+fp/hard/crtbegin.o
__sf_fake_stderr                                  d:/program files/gcc-arm-none-eabi-10.3-2021.10/bin/../lib/gcc/arm-none-eabi/10.3.1/../../../../arm-none-eabi/lib/thumb/v7e-m+fp/hard\libc_nano.a(lib_a-impure.o)
__sf_fake_stdin                                   d:/program files/gcc-arm-none-eabi-10.3-2021.10/bin/../lib/gcc/arm-none-eabi/10.3.1/../../../../arm-none-eabi/lib/thumb/v7e-m+fp/hard\libc_nano.a(lib_a-impure.o)
__sf_fake_stdout                                  d:/program files/gcc-arm-none-eabi-10.3-2021.10/bin/../lib/gcc/arm-none-eabi/10.3.1/../../../../arm-none-eabi/lib/thumb/v7e-m+fp/hard\libc_nano.a(lib_a-impure.o)
__stack                                           d:/program files/gcc-arm-none-eabi-10.3-2021.10/bin/../lib/gcc/arm-none-eabi/10.3.1/../../../../arm-none-eabi/lib/thumb/v7e-m+fp/hard/crt0.o
_ebss                                             build/startup_stm32g473xx.o
_edata                                            build/startup_stm32g473xx.o
_estack                                           build/startup_stm32g473xx.o
_exit                                             d:/program files/gcc-arm-none-eabi-10.3-2021.10/bin/../lib/gcc/arm-none-eabi/10.3.1/../../../../arm-none-eabi/lib/thumb/v7e-m+fp/hard\libnosys.a(_exit.o)
                                                  d:/program files/gcc-arm-none-eabi-10.3-2021.10/bin/../lib/gcc/arm-none-eabi/10.3.1/../../../../arm-none-eabi/lib/thumb/v7e-m+fp/hard\libc_nano.a(lib_a-exit.o)
_fini                                             d:/program files/gcc-arm-none-eabi-10.3-2021.10/bin/../lib/gcc/arm-none-eabi/10.3.1/thumb/v7e-m+fp/hard/crti.o
_global_impure_ptr                                d:/program files/gcc-arm-none-eabi-10.3-2021.10/bin/../lib/gcc/arm-none-eabi/10.3.1/../../../../arm-none-eabi/lib/thumb/v7e-m+fp/hard\libc_nano.a(lib_a-impure.o)
                                                  d:/program files/gcc-arm-none-eabi-10.3-2021.10/bin/../lib/gcc/arm-none-eabi/10.3.1/../../../../arm-none-eabi/lib/thumb/v7e-m+fp/hard\libc_nano.a(lib_a-exit.o)
_impure_ptr                                       d:/program files/gcc-arm-none-eabi-10.3-2021.10/bin/../lib/gcc/arm-none-eabi/10.3.1/../../../../arm-none-eabi/lib/thumb/v7e-m+fp/hard\libc_nano.a(lib_a-impure.o)
_init                                             d:/program files/gcc-arm-none-eabi-10.3-2021.10/bin/../lib/gcc/arm-none-eabi/10.3.1/thumb/v7e-m+fp/hard/crti.o
                                                  d:/program files/gcc-arm-none-eabi-10.3-2021.10/bin/../lib/gcc/arm-none-eabi/10.3.1/../../../../arm-none-eabi/lib/thumb/v7e-m+fp/hard\libc_nano.a(lib_a-init.o)
_mainCRTStartup                                   d:/program files/gcc-arm-none-eabi-10.3-2021.10/bin/../lib/gcc/arm-none-eabi/10.3.1/../../../../arm-none-eabi/lib/thumb/v7e-m+fp/hard/crt0.o
_sbss                                             build/startup_stm32g473xx.o
_sdata                                            build/startup_stm32g473xx.o
_sidata                                           build/startup_stm32g473xx.o
_stack_init                                       d:/program files/gcc-arm-none-eabi-10.3-2021.10/bin/../lib/gcc/arm-none-eabi/10.3.1/../../../../arm-none-eabi/lib/thumb/v7e-m+fp/hard/crt0.o
_start                                            d:/program files/gcc-arm-none-eabi-10.3-2021.10/bin/../lib/gcc/arm-none-eabi/10.3.1/../../../../arm-none-eabi/lib/thumb/v7e-m+fp/hard/crt0.o
atexit                                            d:/program files/gcc-arm-none-eabi-10.3-2021.10/bin/../lib/gcc/arm-none-eabi/10.3.1/../../../../arm-none-eabi/lib/thumb/v7e-m+fp/hard/crt0.o
exit                                              d:/program files/gcc-arm-none-eabi-10.3-2021.10/bin/../lib/gcc/arm-none-eabi/10.3.1/../../../../arm-none-eabi/lib/thumb/v7e-m+fp/hard\libc_nano.a(lib_a-exit.o)
                                                  d:/program files/gcc-arm-none-eabi-10.3-2021.10/bin/../lib/gcc/arm-none-eabi/10.3.1/../../../../arm-none-eabi/lib/thumb/v7e-m+fp/hard/crt0.o
g_pfnVectors                                      build/startup_stm32g473xx.o
hardware_init_hook                                d:/program files/gcc-arm-none-eabi-10.3-2021.10/bin/../lib/gcc/arm-none-eabi/10.3.1/../../../../arm-none-eabi/lib/thumb/v7e-m+fp/hard/crt0.o
hcrc                                              build/crc.o
hiwdg                                             build/iwdg.o
hrtc                                              build/rtc.o
htim16                                            build/tim.o
iap_load_app                                      build/bootload.o
                                                  build/main.o
main                                              build/main.o
                                                  build/startup_stm32g473xx.o
                                                  d:/program files/gcc-arm-none-eabi-10.3-2021.10/bin/../lib/gcc/arm-none-eabi/10.3.1/../../../../arm-none-eabi/lib/thumb/v7e-m+fp/hard/crt0.o
memset                                            d:/program files/gcc-arm-none-eabi-10.3-2021.10/bin/../lib/gcc/arm-none-eabi/10.3.1/../../../../arm-none-eabi/lib/thumb/v7e-m+fp/hard\libc_nano.a(lib_a-memset.o)
                                                  build/rtc.o
                                                  build/main.o
                                                  d:/program files/gcc-arm-none-eabi-10.3-2021.10/bin/../lib/gcc/arm-none-eabi/10.3.1/../../../../arm-none-eabi/lib/thumb/v7e-m+fp/hard/crt0.o
pFlash                                            build/stm32g4xx_hal_flash.o
                                                  build/stm32g4xx_hal_flash_ramfunc.o
                                                  build/stm32g4xx_hal_flash_ex.o
software_init_hook                                d:/program files/gcc-arm-none-eabi-10.3-2021.10/bin/../lib/gcc/arm-none-eabi/10.3.1/../../../../arm-none-eabi/lib/thumb/v7e-m+fp/hard/crt0.o
uwTick                                            build/stm32g4xx_hal.o
uwTickFreq                                        build/stm32g4xx_hal.o
uwTickPrio                                        build/stm32g4xx_hal.o
                                                  build/stm32g4xx_hal_rcc.o
